// Jest Snapshot v1, https://goo.gl/fbAQLP

exports[`Curzon Mayfair retrieve and transform 1`] = `
[
  {
    "overview": {
      "actors": [
        "Timothée Chalamet",
        "Norbert Leo Butz",
        "Dan Fogler",
        "Monica Barbaro",
        "Scoot McNairy",
        "Boyd Holbrook",
        "Edward Norton",
        "Elle Fanning",
      ],
      "categories": [
        "Drama",
      ],
      "classification": "15",
      "directors": [
        "James Mangold",
      ],
      "duration": 8460000,
      "trailer": "https://www.youtube.com/watch?v=Nsvexi2Ulbs",
    },
    "performances": [
      {
        "accessibility": {},
        "bookingUrl": "https://www.curzon.com/ticketing/seats/MAY1-29092/",
        "notes": "",
        "screen": "2",
        "status": {
          "soldOut": false,
        },
        "time": 1737663600000,
      },
      {
        "accessibility": {},
        "bookingUrl": "https://www.curzon.com/ticketing/seats/MAY1-29104/",
        "notes": "",
        "screen": "2",
        "status": {
          "soldOut": false,
        },
        "time": 1737728400000,
      },
      {
        "accessibility": {},
        "bookingUrl": "https://www.curzon.com/ticketing/seats/MAY1-29103/",
        "notes": "",
        "screen": "2",
        "status": {
          "soldOut": false,
        },
        "time": 1737750600000,
      },
      {
        "accessibility": {},
        "bookingUrl": "https://www.curzon.com/ticketing/seats/MAY1-28968/",
        "notes": "",
        "screen": "2",
        "status": {
          "soldOut": false,
        },
        "time": 1737806400000,
      },
      {
        "accessibility": {},
        "bookingUrl": "https://www.curzon.com/ticketing/seats/MAY1-29108/",
        "notes": "",
        "screen": "2",
        "status": {
          "soldOut": false,
        },
        "time": 1737899400000,
      },
      {
        "accessibility": {},
        "bookingUrl": "https://www.curzon.com/ticketing/seats/MAY1-29109/",
        "notes": "",
        "screen": "2",
        "status": {
          "soldOut": false,
        },
        "time": 1737921600000,
      },
      {
        "accessibility": {},
        "bookingUrl": "https://www.curzon.com/ticketing/seats/MAY1-29113/",
        "notes": "",
        "screen": "1",
        "status": {
          "soldOut": false,
        },
        "time": 1737976800000,
      },
      {
        "accessibility": {},
        "bookingUrl": "https://www.curzon.com/ticketing/seats/MAY1-29114/",
        "notes": "",
        "screen": "2",
        "status": {
          "soldOut": false,
        },
        "time": 1737999600000,
      },
      {
        "accessibility": {},
        "bookingUrl": "https://www.curzon.com/ticketing/seats/MAY1-29119/",
        "notes": "",
        "screen": "2",
        "status": {
          "soldOut": false,
        },
        "time": 1738074000000,
      },
      {
        "accessibility": {},
        "bookingUrl": "https://www.curzon.com/ticketing/seats/MAY1-29120/",
        "notes": "",
        "screen": "2",
        "status": {
          "soldOut": false,
        },
        "time": 1738096200000,
      },
      {
        "accessibility": {},
        "bookingUrl": "https://www.curzon.com/ticketing/seats/MAY1-29140/",
        "notes": "",
        "screen": "1",
        "status": {
          "soldOut": false,
        },
        "time": 1738149600000,
      },
      {
        "accessibility": {},
        "bookingUrl": "https://www.curzon.com/ticketing/seats/MAY1-29139/",
        "notes": "",
        "screen": "2",
        "status": {
          "soldOut": false,
        },
        "time": 1738172400000,
      },
      {
        "accessibility": {},
        "bookingUrl": "https://www.curzon.com/ticketing/seats/MAY1-29131/",
        "notes": "",
        "screen": "2",
        "status": {
          "soldOut": false,
        },
        "time": 1738246800000,
      },
      {
        "accessibility": {},
        "bookingUrl": "https://www.curzon.com/ticketing/seats/MAY1-29132/",
        "notes": "",
        "screen": "2",
        "status": {
          "soldOut": false,
        },
        "time": 1738269000000,
      },
    ],
    "title": "A Complete Unknown",
    "url": "https://www.curzon.com/films/a-complete-unknown/HO00005874/?siteId=MAY1",
  },
  {
    "overview": {
      "actors": [
        "Will Sharpe",
        "Jesse Eisenberg",
        "Jennifer Grey",
        "Kieran Culkin",
        "Kurt Egyiawan",
        "Liza Sadovy",
        "Daniel Oreskes",
      ],
      "categories": [
        "Drama",
        "Comedy",
      ],
      "classification": "15",
      "directors": [
        "Jesse Eisenberg",
      ],
      "duration": 5400000,
      "trailer": "https://www.youtube.com/watch?v=lGeZQWMMDgM",
    },
    "performances": [
      {
        "accessibility": {},
        "bookingUrl": "https://www.curzon.com/ticketing/seats/MAY1-29091/",
        "notes": "Awards Season Screening: For more information visit curzon.com/awards-season",
        "screen": "1",
        "status": {
          "soldOut": false,
        },
        "time": 1737666000000,
      },
    ],
    "title": "A Real Pain",
    "url": "https://www.curzon.com/films/a-real-pain/HO00005873/?siteId=MAY1",
  },
  {
    "overview": {
      "actors": [
        "Emma Thompson",
        "Hugh Grant",
        "Chiwetel Ejiofor",
        "Renée Zellweger",
        "Leo Woodall",
      ],
      "categories": [
        "Drama",
        "Comedy",
      ],
      "directors": [
        "Michael Morris",
      ],
      "duration": 7500000,
      "trailer": "https://www.youtube.com/watch?v=fc5zbSCgudA",
    },
    "performances": [
      {
        "accessibility": {},
        "bookingUrl": "https://www.curzon.com/ticketing/seats/MAY1-28982/",
        "notes": "",
        "screen": "1",
        "status": {
          "soldOut": false,
        },
        "time": 1739534400000,
      },
      {
        "accessibility": {},
        "bookingUrl": "https://www.curzon.com/ticketing/seats/MAY1-28981/",
        "notes": "",
        "screen": "1",
        "status": {
          "soldOut": false,
        },
        "time": 1739545200000,
      },
      {
        "accessibility": {},
        "bookingUrl": "https://www.curzon.com/ticketing/seats/MAY1-28979/",
        "notes": "",
        "screen": "1",
        "status": {
          "soldOut": false,
        },
        "time": 1739556000000,
      },
      {
        "accessibility": {},
        "bookingUrl": "https://www.curzon.com/ticketing/seats/MAY1-28980/",
        "notes": "",
        "screen": "1",
        "status": {
          "soldOut": false,
        },
        "time": 1739566800000,
      },
      {
        "accessibility": {},
        "bookingUrl": "https://www.curzon.com/ticketing/seats/MAY1-28983/",
        "notes": "",
        "screen": "1",
        "status": {
          "soldOut": false,
        },
        "time": 1739620800000,
      },
      {
        "accessibility": {},
        "bookingUrl": "https://www.curzon.com/ticketing/seats/MAY1-28984/",
        "notes": "",
        "screen": "1",
        "status": {
          "soldOut": false,
        },
        "time": 1739631600000,
      },
      {
        "accessibility": {},
        "bookingUrl": "https://www.curzon.com/ticketing/seats/MAY1-28986/",
        "notes": "",
        "screen": "1",
        "status": {
          "soldOut": false,
        },
        "time": 1739642400000,
      },
      {
        "accessibility": {},
        "bookingUrl": "https://www.curzon.com/ticketing/seats/MAY1-28985/",
        "notes": "",
        "screen": "1",
        "status": {
          "soldOut": false,
        },
        "time": 1739653200000,
      },
      {
        "accessibility": {},
        "bookingUrl": "https://www.curzon.com/ticketing/seats/MAY1-28987/",
        "notes": "",
        "screen": "1",
        "status": {
          "soldOut": false,
        },
        "time": 1739703600000,
      },
      {
        "accessibility": {},
        "bookingUrl": "https://www.curzon.com/ticketing/seats/MAY1-28988/",
        "notes": "",
        "screen": "1",
        "status": {
          "soldOut": false,
        },
        "time": 1739714400000,
      },
      {
        "accessibility": {},
        "bookingUrl": "https://www.curzon.com/ticketing/seats/MAY1-28990/",
        "notes": "",
        "screen": "1",
        "status": {
          "soldOut": false,
        },
        "time": 1739725200000,
      },
      {
        "accessibility": {},
        "bookingUrl": "https://www.curzon.com/ticketing/seats/MAY1-28989/",
        "notes": "",
        "screen": "1",
        "status": {
          "soldOut": false,
        },
        "time": 1739736000000,
      },
      {
        "accessibility": {},
        "bookingUrl": "https://www.curzon.com/ticketing/seats/MAY1-28994/",
        "notes": "",
        "screen": "1",
        "status": {
          "soldOut": false,
        },
        "time": 1739815200000,
      },
      {
        "accessibility": {},
        "bookingUrl": "https://www.curzon.com/ticketing/seats/MAY1-28998/",
        "notes": "",
        "screen": "1",
        "status": {
          "soldOut": false,
        },
        "time": 1739901600000,
      },
      {
        "accessibility": {},
        "bookingUrl": "https://www.curzon.com/ticketing/seats/MAY1-29002/",
        "notes": "",
        "screen": "1",
        "status": {
          "soldOut": false,
        },
        "time": 1739988000000,
      },
      {
        "accessibility": {},
        "bookingUrl": "https://www.curzon.com/ticketing/seats/MAY1-29006/",
        "notes": "",
        "screen": "2",
        "status": {
          "soldOut": false,
        },
        "time": 1740074400000,
      },
    ],
    "title": "Bridget Jones: Mad About the Boy",
    "url": "https://www.curzon.com/films/bridget-jones-mad-about-the-boy/HO00005909/?siteId=MAY1",
  },
  {
    "overview": {
      "actors": [
        "Stanley Holloway",
        "Trevor Howard",
        "Celia Johnson",
        "Joyce Carey",
        "Cyril Raymond",
        "Everley Gregg",
        "Margaret Barton",
      ],
      "categories": [
        "Drama",
        "Romance",
      ],
      "directors": [
        "David Lean",
      ],
      "duration": 5160000,
    },
    "performances": [
      {
        "accessibility": {},
        "bookingUrl": "https://www.curzon.com/ticketing/seats/MAY1-29007/",
        "notes": "Valentine's Day: Special Valentine's Day Screening",
        "screen": "2",
        "status": {
          "soldOut": false,
        },
        "time": 1739557200000,
      },
    ],
    "title": "Brief Encounter (80th Anniversary)",
    "url": "https://www.curzon.com/films/brief-encounter-80th-anniversary/HO00005913/?siteId=MAY1",
  },
  {
    "overview": {
      "actors": [
        "Stanley Tucci",
        "Merab Ninidze",
        "Lucian Msamati",
        "Ralph Fiennes",
        "Isabella Rossellini",
        "John Lithgow",
        "Sergio Castellitto",
        "Brian F. O'Byrne",
        "Carlos Diehz",
      ],
      "categories": [
        "Drama",
      ],
      "classification": "12A",
      "directors": [
        "Edward Berger",
      ],
      "duration": 7200000,
      "trailer": "https://www.youtube.com/watch?v=Znr38bHNXp4",
    },
    "performances": [
      {
        "accessibility": {},
        "bookingUrl": "https://www.curzon.com/ticketing/seats/MAY1-29101/",
        "notes": "Awards Season Screening: For more information visit curzon.com/awards-season",
        "screen": "1",
        "status": {
          "soldOut": false,
        },
        "time": 1737719100000,
      },
      {
        "accessibility": {},
        "bookingUrl": "https://www.curzon.com/ticketing/seats/MAY1-29106/",
        "notes": "Awards Season Screening: For more information visit curzon.com/awards-season",
        "screen": "1",
        "status": {
          "soldOut": false,
        },
        "time": 1737891000000,
      },
      {
        "accessibility": {},
        "bookingUrl": "https://www.curzon.com/ticketing/seats/MAY1-29116/",
        "notes": "Awards Season Screening: For more information visit curzon.com/awards-season",
        "screen": "2",
        "status": {
          "soldOut": false,
        },
        "time": 1737979200000,
      },
      {
        "accessibility": {},
        "bookingUrl": "https://www.curzon.com/ticketing/seats/MAY1-29122/",
        "notes": "Awards Season Screening: For more information visit curzon.com/awards-season",
        "screen": "1",
        "status": {
          "soldOut": false,
        },
        "time": 1738064700000,
      },
      {
        "accessibility": {},
        "bookingUrl": "https://www.curzon.com/ticketing/seats/MAY1-29137/",
        "notes": "Awards Season Screening: For more information visit curzon.com/awards-season",
        "screen": "2",
        "status": {
          "soldOut": false,
        },
        "time": 1738152000000,
      },
      {
        "accessibility": {},
        "bookingUrl": "https://www.curzon.com/ticketing/seats/MAY1-29134/",
        "notes": "Awards Season Screening: For more information visit curzon.com/awards-season",
        "screen": "1",
        "status": {
          "soldOut": false,
        },
        "time": 1738237500000,
      },
    ],
    "title": "Conclave",
    "url": "https://www.curzon.com/films/conclave/HO00005766/?siteId=MAY1",
  },
  {
    "overview": {
      "actors": [
        "Michael Fassbender",
        "Fionnuala Flaherty",
        "Naoise Ó Cairealláin",
        "Liam Óg Ó Hannaidh",
        "JJ Ó Dochartaigh",
        "Josie Walker",
        "Jessica Reynolds",
      ],
      "categories": [
        "Drama",
        "Comedy",
      ],
      "classification": "18",
      "directors": [
        "Rich Peppiatt",
      ],
      "duration": 6300000,
      "trailer": "https://www.youtube.com/watch?v=2sCxDw8v5cY",
    },
    "performances": [
      {
        "accessibility": {},
        "bookingUrl": "https://www.curzon.com/ticketing/seats/MAY1-29098/",
        "notes": "Screening followed by a Q&A: Q&A",
        "screen": "1",
        "status": {
          "soldOut": false,
        },
        "time": 1738425600000,
      },
    ],
    "title": "Kneecap",
    "url": "https://www.curzon.com/films/kneecap/HO00005482/?siteId=MAY1",
  },
  {
    "overview": {
      "actors": [],
      "categories": [
        "Drama",
      ],
      "classification": "18",
      "directors": [
        "Mahdi Fleifel",
      ],
      "duration": 6300000,
    },
    "performances": [
      {
        "accessibility": {},
        "bookingUrl": "https://www.curzon.com/ticketing/seats/MAY1-28909/",
        "notes": "Special Preview: Special Preview Screening
Screening followed by a Q&A: Q&A",
        "screen": "1",
        "status": {
          "soldOut": false,
        },
        "time": 1739296800000,
      },
    ],
    "title": "LPFF: To A Land Unknown",
    "url": "https://www.curzon.com/films/lpff-to-a-land-unknown/HO00005702/?siteId=MAY1",
  },
  {
    "overview": {
      "actors": [
        "David Tennant",
        "Cush Jumbo",
      ],
      "categories": [
        "Drama",
      ],
      "directors": [
        "Max Webster",
      ],
      "duration": 6840000,
    },
    "performances": [
      {
        "accessibility": {},
        "bookingUrl": "https://www.curzon.com/ticketing/seats/MAY1-28211/",
        "notes": "",
        "screen": "2",
        "status": {
          "soldOut": false,
        },
        "time": 1738780200000,
      },
      {
        "accessibility": {},
        "bookingUrl": "https://www.curzon.com/ticketing/seats/MAY1-28212/",
        "notes": "",
        "screen": "2",
        "status": {
          "soldOut": false,
        },
        "time": 1739109600000,
      },
    ],
    "title": "MACBETH: David Tennant & Cush Jumbo",
    "url": "https://www.curzon.com/films/macbeth-david-tennant-and-cush-jumbo/HO00005788/?siteId=MAY1",
  },
  {
    "overview": {
      "actors": [
        "Angelina Jolie",
        "Kodi Smit-McPhee",
        "Alba Rohrwacher",
        "Pierfrancesco Favino",
        "Haluk Bilginer",
        "VALERIA GOLINO",
      ],
      "categories": [
        "Drama",
      ],
      "classification": "12A",
      "directors": [
        "Pablo Larraín",
      ],
      "duration": 7380000,
      "trailer": "https://www.youtube.com/watch?v=mVIXaTdxlQc",
    },
    "performances": [
      {
        "accessibility": {},
        "bookingUrl": "https://www.curzon.com/ticketing/seats/MAY1-29093/",
        "notes": "",
        "screen": "1",
        "status": {
          "soldOut": false,
        },
        "time": 1737655800000,
      },
      {
        "accessibility": {},
        "bookingUrl": "https://www.curzon.com/ticketing/seats/MAY1-29105/",
        "notes": "",
        "screen": "2",
        "status": {
          "soldOut": false,
        },
        "time": 1737717600000,
      },
      {
        "accessibility": {},
        "bookingUrl": "https://www.curzon.com/ticketing/seats/MAY1-29102/",
        "notes": "",
        "screen": "2",
        "status": {
          "soldOut": false,
        },
        "time": 1737740400000,
      },
      {
        "accessibility": {},
        "bookingUrl": "https://www.curzon.com/ticketing/seats/MAY1-28977/",
        "notes": "",
        "screen": "2",
        "status": {
          "soldOut": false,
        },
        "time": 1737818400000,
      },
      {
        "accessibility": {},
        "bookingUrl": "https://www.curzon.com/ticketing/seats/MAY1-29107/",
        "notes": "",
        "screen": "2",
        "status": {
          "soldOut": false,
        },
        "time": 1737889200000,
      },
      {
        "accessibility": {},
        "bookingUrl": "https://www.curzon.com/ticketing/seats/MAY1-29110/",
        "notes": "",
        "screen": "2",
        "status": {
          "soldOut": false,
        },
        "time": 1737910800000,
      },
      {
        "accessibility": {},
        "bookingUrl": "https://www.curzon.com/ticketing/seats/MAY1-29112/",
        "notes": "",
        "screen": "2",
        "status": {
          "soldOut": false,
        },
        "time": 1737989400000,
      },
      {
        "accessibility": {},
        "bookingUrl": "https://www.curzon.com/ticketing/seats/MAY1-29115/",
        "notes": "",
        "screen": "2",
        "status": {
          "soldOut": false,
        },
        "time": 1738010700000,
      },
      {
        "accessibility": {},
        "bookingUrl": "https://www.curzon.com/ticketing/seats/MAY1-29118/",
        "notes": "",
        "screen": "2",
        "status": {
          "soldOut": false,
        },
        "time": 1738063200000,
      },
      {
        "accessibility": {},
        "bookingUrl": "https://www.curzon.com/ticketing/seats/MAY1-29121/",
        "notes": "",
        "screen": "2",
        "status": {
          "soldOut": false,
        },
        "time": 1738086000000,
      },
      {
        "accessibility": {},
        "bookingUrl": "https://www.curzon.com/ticketing/seats/MAY1-29141/",
        "notes": "",
        "screen": "2",
        "status": {
          "soldOut": false,
        },
        "time": 1738162200000,
      },
      {
        "accessibility": {},
        "bookingUrl": "https://www.curzon.com/ticketing/seats/MAY1-29138/",
        "notes": "",
        "screen": "2",
        "status": {
          "soldOut": false,
        },
        "time": 1738183500000,
      },
      {
        "accessibility": {},
        "bookingUrl": "https://www.curzon.com/ticketing/seats/MAY1-29130/",
        "notes": "",
        "screen": "2",
        "status": {
          "soldOut": false,
        },
        "time": 1738236000000,
      },
      {
        "accessibility": {},
        "bookingUrl": "https://www.curzon.com/ticketing/seats/MAY1-29133/",
        "notes": "",
        "screen": "2",
        "status": {
          "soldOut": false,
        },
        "time": 1738258800000,
      },
    ],
    "title": "Maria",
    "url": "https://www.curzon.com/films/maria/HO00005855/?siteId=MAY1",
  },
  {
    "overview": {
      "actors": [
        "Giles Terera",
        "Steve Coogan",
        "Dharmesh Patel",
        "John Hopkins",
        "Tony Jayawardena",
      ],
      "categories": [
        "Drama",
        "Comedy",
        "Thriller",
      ],
      "classification": "15",
      "directors": [
        "Sean Foley",
      ],
      "duration": 9000000,
    },
    "performances": [
      {
        "accessibility": {},
        "bookingUrl": "https://www.curzon.com/ticketing/seats/MAY1-28636/",
        "notes": "Recorded Performance: Prerecorded Q&A",
        "screen": "1",
        "status": {
          "soldOut": false,
        },
        "time": 1743102000000,
      },
      {
        "accessibility": {
          "hardOfHearing": true,
        },
        "bookingUrl": "https://www.curzon.com/ticketing/seats/MAY1-28637/",
        "notes": "Recorded Performance: Prerecorded Q&A",
        "screen": "1",
        "status": {
          "soldOut": false,
        },
        "time": 1743339600000,
      },
    ],
    "title": "NT Live: Dr. Strangelove",
    "url": "https://www.curzon.com/films/nt-live-dr-strangelove/HO00005867/?siteId=MAY1",
  },
  {
    "overview": {
      "actors": [
        "Eliza Scanlen",
        "Amanda Lawrence",
        "Hugh Skinner",
        "Ncuti Gatwa",
        "Sharon D. Clarke",
      ],
      "categories": [
        "Live Opera, Music & Theatre",
      ],
      "classification": "PG",
      "directors": [
        "Max Webster",
      ],
      "duration": 10200000,
      "trailer": "https://www.youtube.com/watch?v=SkQNuoceik0",
    },
    "performances": [
      {
        "accessibility": {},
        "bookingUrl": "https://www.curzon.com/ticketing/seats/MAY1-27847/",
        "notes": "Recorded Performance: Prerecorded Q&A",
        "screen": "1",
        "status": {
          "soldOut": false,
        },
        "time": 1740078000000,
      },
      {
        "accessibility": {},
        "bookingUrl": "https://www.curzon.com/ticketing/seats/MAY1-28714/",
        "notes": "Screening followed by a Q&A: Q&A",
        "screen": "1",
        "status": {
          "soldOut": false,
        },
        "time": 1740319200000,
      },
    ],
    "title": "NT Live: The Importance of Being Earnest",
    "url": "https://www.curzon.com/films/nt-live-the-importance-of-being-earnest/HO00005676/?siteId=MAY1",
  },
  {
    "overview": {
      "actors": [],
      "categories": [
        "Documentary",
      ],
      "directors": [
        "Christopher Wheeldon",
      ],
      "duration": 10800000,
    },
    "performances": [
      {
        "accessibility": {},
        "bookingUrl": "https://www.curzon.com/ticketing/seats/MAY1-27062/",
        "notes": "Encore: Encore",
        "screen": "1",
        "status": {
          "soldOut": false,
        },
        "time": 1748178000000,
      },
    ],
    "title": "RBO 2024-25: Ballet To Broadway - Wheeldon Works",
    "url": "https://www.curzon.com/films/rbo-2024-25-ballet-to-broadway-wheeldon-works/HO00005448/?siteId=MAY1",
  },
  {
    "overview": {
      "actors": [
        "Lise Davidsen",
        "Christopher Maltman",
        "Soloman Howard",
        "Stanislas de Barbeyrac",
        "Marina Prudenskaya",
        "Elisabet Strid",
      ],
      "categories": [
        "Live Opera, Music & Theatre",
      ],
      "directors": [
        "Barrie Kosky",
      ],
      "duration": 21900000,
    },
    "performances": [
      {
        "accessibility": {},
        "bookingUrl": "https://www.curzon.com/ticketing/seats/MAY1-27061/",
        "notes": "Encore: Encore",
        "screen": "1",
        "status": {
          "soldOut": false,
        },
        "time": 1747573200000,
      },
    ],
    "title": "RBO 2024-25: Die Walküre",
    "url": "https://www.curzon.com/films/rbo-2024-25-die-walkure/HO00005447/?siteId=MAY1",
  },
  {
    "overview": {
      "actors": [],
      "categories": [
        "Documentary",
      ],
      "directors": [
        "Kenneth MacMillan",
      ],
      "duration": 12600000,
    },
    "performances": [
      {
        "accessibility": {},
        "bookingUrl": "https://www.curzon.com/ticketing/seats/MAY1-27059/",
        "notes": "Encore: Encore",
        "screen": "1",
        "status": {
          "soldOut": false,
        },
        "time": 1742738400000,
      },
    ],
    "title": "RBO 2024-25: Romeo and Juliet",
    "url": "https://www.curzon.com/films/rbo-2024-25-romeo-and-juliet/HO00005445/?siteId=MAY1",
  },
  {
    "overview": {
      "actors": [
        "The Royal Ballet",
        "Matthew Ball",
        "Yasmine Naghdi",
      ],
      "categories": [
        "Documentary",
      ],
      "directors": [
        "Liam Scarlett",
      ],
      "duration": 12600000,
    },
    "performances": [
      {
        "accessibility": {},
        "bookingUrl": "https://www.curzon.com/ticketing/seats/MAY1-27058/",
        "notes": "Encore: Encore",
        "screen": "1",
        "status": {
          "soldOut": false,
        },
        "time": 1740924000000,
      },
    ],
    "title": "RBO 2024-25: Swan Lake",
    "url": "https://www.curzon.com/films/rbo-2024-25-swan-lake/HO00005444/?siteId=MAY1",
  },
  {
    "overview": {
      "actors": [
        "Sondra Radvanovsky",
        "Adam Palka",
        "SeokJong Baek",
        "Anna Princeva",
        "Hansung Yoo",
      ],
      "categories": [
        "Live Opera, Music & Theatre",
      ],
      "directors": [
        "Andrei Serban",
      ],
      "duration": 12300000,
    },
    "performances": [
      {
        "accessibility": {},
        "bookingUrl": "https://www.curzon.com/ticketing/seats/MAY1-27060/",
        "notes": "Encore: Encore",
        "screen": "1",
        "status": {
          "soldOut": false,
        },
        "time": 1743944400000,
      },
    ],
    "title": "RBO 2024-25: Turandot",
    "url": "https://www.curzon.com/films/rbo-2024-25-turandot/HO00005446/?siteId=MAY1",
  },
  {
    "overview": {
      "actors": [
        "Felicity Jones",
        "Joe Alwyn",
        "Stacy Martin",
        "Alessandro Nivola",
        "Adrien Brody",
        "Raffey Cassidy",
        "Emma Laird",
        "Isaach De Bankolé",
        "Guy Pearce",
      ],
      "categories": [
        "Drama",
      ],
      "classification": "18",
      "directors": [
        "Brady Corbet",
      ],
      "duration": 12900000,
      "trailer": "https://www.youtube.com/watch?v=hNiwPU5vjCk",
    },
    "performances": [
      {
        "accessibility": {},
        "bookingUrl": "https://www.curzon.com/ticketing/seats/MAY1-28965/",
        "notes": "",
        "screen": "1",
        "status": {
          "soldOut": false,
        },
        "time": 1737729600000,
      },
      {
        "accessibility": {},
        "bookingUrl": "https://www.curzon.com/ticketing/seats/MAY1-28964/",
        "notes": "",
        "screen": "1",
        "status": {
          "soldOut": false,
        },
        "time": 1737745200000,
      },
      {
        "accessibility": {},
        "bookingUrl": "https://www.curzon.com/ticketing/seats/MAY1-28966/",
        "notes": "",
        "screen": "1",
        "status": {
          "soldOut": false,
        },
        "time": 1737808200000,
      },
      {
        "accessibility": {},
        "bookingUrl": "https://www.curzon.com/ticketing/seats/MAY1-28967/",
        "notes": "",
        "screen": "2",
        "status": {
          "soldOut": false,
        },
        "time": 1737829200000,
      },
      {
        "accessibility": {},
        "bookingUrl": "https://www.curzon.com/ticketing/seats/MAY1-28969/",
        "notes": "",
        "screen": "1",
        "status": {
          "soldOut": false,
        },
        "time": 1737901200000,
      },
      {
        "accessibility": {},
        "bookingUrl": "https://www.curzon.com/ticketing/seats/MAY1-28970/",
        "notes": "",
        "screen": "1",
        "status": {
          "soldOut": false,
        },
        "time": 1737916800000,
      },
      {
        "accessibility": {},
        "bookingUrl": "https://www.curzon.com/ticketing/seats/MAY1-29111/",
        "notes": "Awards Season Screening: For more information visit curzon.com/awards-season",
        "screen": "1",
        "status": {
          "soldOut": false,
        },
        "time": 1737988200000,
      },
      {
        "accessibility": {},
        "bookingUrl": "https://www.curzon.com/ticketing/seats/MAY1-28972/",
        "notes": "",
        "screen": "1",
        "status": {
          "soldOut": false,
        },
        "time": 1738004400000,
      },
      {
        "accessibility": {},
        "bookingUrl": "https://www.curzon.com/ticketing/seats/MAY1-29117/",
        "notes": "Awards Season Screening: For more information visit curzon.com/awards-season",
        "screen": "1",
        "status": {
          "soldOut": false,
        },
        "time": 1738075200000,
      },
      {
        "accessibility": {},
        "bookingUrl": "https://www.curzon.com/ticketing/seats/MAY1-28973/",
        "notes": "",
        "screen": "1",
        "status": {
          "soldOut": false,
        },
        "time": 1738090800000,
      },
      {
        "accessibility": {},
        "bookingUrl": "https://www.curzon.com/ticketing/seats/MAY1-29142/",
        "notes": "Awards Season Screening: For more information visit curzon.com/awards-season",
        "screen": "1",
        "status": {
          "soldOut": false,
        },
        "time": 1738161000000,
      },
      {
        "accessibility": {},
        "bookingUrl": "https://www.curzon.com/ticketing/seats/MAY1-29136/",
        "notes": "Awards Season Screening: For more information visit curzon.com/awards-season",
        "screen": "1",
        "status": {
          "soldOut": false,
        },
        "time": 1738177200000,
      },
      {
        "accessibility": {},
        "bookingUrl": "https://www.curzon.com/ticketing/seats/MAY1-29129/",
        "notes": "Awards Season Screening: For more information visit curzon.com/awards-season",
        "screen": "1",
        "status": {
          "soldOut": false,
        },
        "time": 1738248000000,
      },
      {
        "accessibility": {},
        "bookingUrl": "https://www.curzon.com/ticketing/seats/MAY1-28975/",
        "notes": "",
        "screen": "1",
        "status": {
          "soldOut": false,
        },
        "time": 1738263600000,
      },
    ],
    "title": "The Brutalist",
    "url": "https://www.curzon.com/films/the-brutalist/HO00005872/?siteId=MAY1",
  },
  {
    "overview": {
      "actors": [
        "Dave Bautista",
        "Jamie Lee Curtis",
        "Billie Lourd",
        "Kiernan Shipka",
        "Pamela Anderson",
        "Brenda Song",
      ],
      "categories": [
        "Drama",
      ],
      "directors": [
        "Gia Coppola",
      ],
      "duration": 5100000,
      "trailer": "https://www.youtube.com/watch?v=r4xpoKBKrpo",
    },
    "performances": [
      {
        "accessibility": {},
        "bookingUrl": "https://www.curzon.com/ticketing/seats/MAY1-28796/",
        "notes": "Recorded Performance: Prerecorded Q&A",
        "screen": "2",
        "status": {
          "soldOut": false,
        },
        "time": 1739220000000,
      },
    ],
    "title": "The Last Showgirl",
    "url": "https://www.curzon.com/films/the-last-showgirl/HO00005898/?siteId=MAY1",
  },
  {
    "overview": {
      "actors": [
        "Angel Blue",
        "Piotr Beczala",
        "Quinn Kelsey",
        "Harold Wilson",
        "Morris Robinson",
        "Judit Kutasi",
      ],
      "categories": [
        "Live Opera, Music & Theatre",
      ],
      "directors": [
        "The Metropolitan Opera",
      ],
      "duration": 13200000,
    },
    "performances": [
      {
        "accessibility": {},
        "bookingUrl": "https://www.curzon.com/ticketing/seats/MAY1-27384/",
        "notes": "Satellite Event: Live Via Satellite",
        "screen": "1",
        "status": {
          "soldOut": false,
        },
        "time": 1737826200000,
      },
    ],
    "title": "The Met: Live in HD 2024-25: Aida",
    "url": "https://www.curzon.com/films/the-met-live-in-hd-2024-25-aida/HO00005536/?siteId=MAY1",
  },
  {
    "overview": {
      "actors": [
        "René Pape",
        "Lise Davidsen",
        "Ying Fang",
        "Stephen Milling",
        "Tomasz Konieczny",
        "David Butt Philip",
        "Magnus Dietrich",
      ],
      "categories": [
        "Live Opera, Music & Theatre",
      ],
      "directors": [
        "The Metropolitan Opera",
      ],
      "duration": 13500000,
    },
    "performances": [
      {
        "accessibility": {},
        "bookingUrl": "https://www.curzon.com/ticketing/seats/MAY1-27385/",
        "notes": "Satellite Event: Live Via Satellite",
        "screen": "1",
        "status": {
          "soldOut": false,
        },
        "time": 1742058000000,
      },
    ],
    "title": "The Met: Live in HD 2024-25: Fidelio",
    "url": "https://www.curzon.com/films/the-met-live-in-hd-2024-25-fidelio/HO00005537/?siteId=MAY1",
  },
  {
    "overview": {
      "actors": [
        "Joshua Hopkins",
        "Federica Lombardi",
        "Maurizio Muraro",
        "Marianne Crebassa",
        "Michael Sumuel",
        "Olga Kulchynska",
        "Elizabeth Bishop",
      ],
      "categories": [
        "Live Opera, Music & Theatre",
      ],
      "directors": [
        "The Metropolitan Opera",
      ],
      "duration": 14100000,
    },
    "performances": [
      {
        "accessibility": {},
        "bookingUrl": "https://www.curzon.com/ticketing/seats/MAY1-27386/",
        "notes": "Satellite Event: Live Via Satellite",
        "screen": "1",
        "status": {
          "soldOut": false,
        },
        "time": 1745686800000,
      },
    ],
    "title": "The Met: Live in HD 2024-25: Le Nozze di Figaro",
    "url": "https://www.curzon.com/films/the-met-live-in-hd-2024-25-le-nozze-di-figaro/HO00005538/?siteId=MAY1",
  },
  {
    "overview": {
      "actors": [
        "Peter Mattei",
        "Michelle DeYoung",
        "Elza van den Heever",
        "Gerhard Siegel",
        "Piotr Buszewski",
      ],
      "categories": [
        "Live Opera, Music & Theatre",
      ],
      "directors": [
        "The Metropolitan Opera",
      ],
      "duration": 8100000,
    },
    "performances": [
      {
        "accessibility": {},
        "bookingUrl": "https://www.curzon.com/ticketing/seats/MAY1-27387/",
        "notes": "Satellite Event: Live Via Satellite",
        "screen": "1",
        "status": {
          "soldOut": false,
        },
        "time": 1747501200000,
      },
    ],
    "title": "The Met: Live in HD 2024-25: Salome",
    "url": "https://www.curzon.com/films/the-met-live-in-hd-2024-25-salome/HO00005539/?siteId=MAY1",
  },
  {
    "overview": {
      "actors": [
        "Alexander Vinogradov",
        "Andrey Zhilikhovsky",
        "Aigul Akhmetshina",
        "Jack Swanson",
        "Peter Kálmán",
      ],
      "categories": [
        "Live Opera, Music & Theatre",
      ],
      "classification": "12A",
      "directors": [
        "The Metropolitan Opera",
      ],
      "duration": 12900000,
    },
    "performances": [
      {
        "accessibility": {},
        "bookingUrl": "https://www.curzon.com/ticketing/seats/MAY1-27388/",
        "notes": "Satellite Event: Live Via Satellite",
        "screen": "1",
        "status": {
          "soldOut": false,
        },
        "time": 1748710800000,
      },
    ],
    "title": "The Met: Live in HD 24-25: Il Barbiere di Siviglia",
    "url": "https://www.curzon.com/films/the-met-live-in-hd-24-25-il-barbiere-di-siviglia/HO00005540/?siteId=MAY1",
  },
]
`;
