// Jest Snapshot v1, https://goo.gl/fbAQLP

exports[`Everyman Baker Street retrieve and transform 1`] = `
[
  {
    "overview": {
      "actors": [
        "Timoth√©e Chalamet",
        "Edward Norton",
        "Elle Fanning",
        "Monica Barbaro",
        "Boyd Holbrook",
        "Dan Fogler",
        "Norbert Leo Butz",
        "Nick Offerman",
        "P.J. Byrne",
        "Scoot McNairy",
      ],
      "categories": [
        "Biopic",
        "Music",
        "Drama",
      ],
      "classification": "15",
      "directors": [
        "James Mangold",
      ],
      "duration": 8400000,
      "trailer": "https://www.youtube.com/watch?v=FdV-Cs5o8mc",
    },
    "performances": [
      {
        "accessibility": {},
        "bookingUrl": "https://purchase.everymancinema.com/startticketing/1007/44576",
        "notes": "64% of seats sold",
        "status": {
          "soldOut": false,
        },
        "time": 1737662400000,
      },
      {
        "accessibility": {},
        "bookingUrl": "https://purchase.everymancinema.com/startticketing/1007/44625",
        "notes": "0% of seats sold",
        "status": {
          "soldOut": false,
        },
        "time": 1737715500000,
      },
      {
        "accessibility": {},
        "bookingUrl": "https://purchase.everymancinema.com/startticketing/1007/44621",
        "notes": "14% of seats sold",
        "status": {
          "soldOut": false,
        },
        "time": 1737738900000,
      },
      {
        "accessibility": {},
        "bookingUrl": "https://purchase.everymancinema.com/startticketing/1007/44620",
        "notes": "19% of seats sold",
        "status": {
          "soldOut": false,
        },
        "time": 1737750600000,
      },
      {
        "accessibility": {},
        "bookingUrl": "https://purchase.everymancinema.com/startticketing/1007/44586",
        "notes": "0% of seats sold",
        "status": {
          "soldOut": false,
        },
        "time": 1737800100000,
      },
      {
        "accessibility": {},
        "bookingUrl": "https://purchase.everymancinema.com/startticketing/1007/44583",
        "notes": "7% of seats sold",
        "status": {
          "soldOut": false,
        },
        "time": 1737837600000,
      },
      {
        "accessibility": {},
        "bookingUrl": "https://purchase.everymancinema.com/startticketing/1007/44637",
        "notes": "4% of seats sold",
        "status": {
          "soldOut": false,
        },
        "time": 1737891000000,
      },
      {
        "accessibility": {},
        "bookingUrl": "https://purchase.everymancinema.com/startticketing/1007/44630",
        "notes": "14% of seats sold",
        "status": {
          "soldOut": false,
        },
        "time": 1737902100000,
      },
      {
        "accessibility": {},
        "bookingUrl": "https://purchase.everymancinema.com/startticketing/1007/44631",
        "notes": "4% of seats sold",
        "status": {
          "soldOut": false,
        },
        "time": 1737923400000,
      },
      {
        "accessibility": {},
        "bookingUrl": "https://purchase.everymancinema.com/startticketing/1007/44645",
        "notes": "0% of seats sold",
        "status": {
          "soldOut": false,
        },
        "time": 1737975600000,
      },
      {
        "accessibility": {},
        "bookingUrl": "https://purchase.everymancinema.com/startticketing/1007/44642",
        "notes": "0% of seats sold",
        "status": {
          "soldOut": false,
        },
        "time": 1737996300000,
      },
      {
        "accessibility": {},
        "bookingUrl": "https://purchase.everymancinema.com/startticketing/1007/44641",
        "notes": "11% of seats sold",
        "status": {
          "soldOut": false,
        },
        "time": 1738008000000,
      },
      {
        "accessibility": {},
        "bookingUrl": "https://purchase.everymancinema.com/startticketing/1007/44652",
        "notes": "0% of seats sold
Reduced ticket price for guests aged 55 and over, including a complimentary hot drink and a slice of cake",
        "status": {
          "soldOut": false,
        },
        "time": 1738065600000,
      },
      {
        "accessibility": {},
        "bookingUrl": "https://purchase.everymancinema.com/startticketing/1007/44648",
        "notes": "0% of seats sold",
        "status": {
          "soldOut": false,
        },
        "time": 1738077300000,
      },
      {
        "accessibility": {},
        "bookingUrl": "https://purchase.everymancinema.com/startticketing/1007/44649",
        "notes": "5% of seats sold",
        "status": {
          "soldOut": false,
        },
        "time": 1738094400000,
      },
      {
        "accessibility": {},
        "bookingUrl": "https://purchase.everymancinema.com/startticketing/1007/44656",
        "notes": "0% of seats sold",
        "status": {
          "soldOut": false,
        },
        "time": 1738147500000,
      },
      {
        "accessibility": {},
        "bookingUrl": "https://purchase.everymancinema.com/startticketing/1007/44660",
        "notes": "0% of seats sold",
        "status": {
          "soldOut": false,
        },
        "time": 1738170900000,
      },
      {
        "accessibility": {},
        "bookingUrl": "https://purchase.everymancinema.com/startticketing/1007/44658",
        "notes": "0% of seats sold",
        "status": {
          "soldOut": false,
        },
        "time": 1738182000000,
      },
      {
        "accessibility": {
          "subtitled": true,
        },
        "bookingUrl": "https://purchase.everymancinema.com/startticketing/1007/44663",
        "notes": "0% of seats sold",
        "status": {
          "soldOut": false,
        },
        "time": 1738258200000,
      },
      {
        "accessibility": {},
        "bookingUrl": "https://purchase.everymancinema.com/startticketing/1007/44664",
        "notes": "0% of seats sold",
        "status": {
          "soldOut": false,
        },
        "time": 1738269000000,
      },
    ],
    "title": "A Complete Unknown",
    "url": "https://www.everymancinema.com/film-listing/280195-a-complete-unknown",
  },
  {
    "overview": {
      "actors": [
        "Jesse Eisenberg",
        "Kieran Culkin",
        "Will Sharpe",
        "Jennifer Grey",
        "Kurt Egyiawan",
        "Liza Sadovy",
        "Daniel Oreskes",
        "Ellora Torchia",
        "Marek Kasprzyk",
      ],
      "categories": [
        "Comedy drama",
      ],
      "classification": "15",
      "directors": [
        "Jesse Eisenberg",
      ],
      "duration": 5400000,
      "trailer": "https://www.youtube.com/watch?v=b2et8Vpu7Ls",
    },
    "performances": [
      {
        "accessibility": {},
        "bookingUrl": "https://purchase.everymancinema.com/startticketing/1007/44623",
        "notes": "4% of seats sold",
        "status": {
          "soldOut": false,
        },
        "time": 1737737100000,
      },
      {
        "accessibility": {},
        "bookingUrl": "https://purchase.everymancinema.com/startticketing/1007/44671",
        "notes": "0% of seats sold",
        "status": {
          "soldOut": false,
        },
        "time": 1737796500000,
      },
      {
        "accessibility": {},
        "bookingUrl": "https://purchase.everymancinema.com/startticketing/1007/44591",
        "notes": "0% of seats sold",
        "status": {
          "soldOut": false,
        },
        "time": 1737805200000,
      },
      {
        "accessibility": {},
        "bookingUrl": "https://purchase.everymancinema.com/startticketing/1007/44587",
        "notes": "21% of seats sold",
        "status": {
          "soldOut": false,
        },
        "time": 1737824400000,
      },
      {
        "accessibility": {},
        "bookingUrl": "https://purchase.everymancinema.com/startticketing/1007/44638",
        "notes": "0% of seats sold",
        "status": {
          "soldOut": false,
        },
        "time": 1737882900000,
      },
      {
        "accessibility": {},
        "bookingUrl": "https://purchase.everymancinema.com/startticketing/1007/44634",
        "notes": "13% of seats sold",
        "status": {
          "soldOut": false,
        },
        "time": 1737910200000,
      },
      {
        "accessibility": {},
        "bookingUrl": "https://purchase.everymancinema.com/startticketing/1007/44646",
        "notes": "0% of seats sold",
        "status": {
          "soldOut": false,
        },
        "time": 1737971100000,
      },
      {
        "accessibility": {},
        "bookingUrl": "https://purchase.everymancinema.com/startticketing/1007/44644",
        "notes": "0% of seats sold",
        "status": {
          "soldOut": false,
        },
        "time": 1737988200000,
      },
      {
        "accessibility": {},
        "bookingUrl": "https://purchase.everymancinema.com/startticketing/1007/44653",
        "notes": "0% of seats sold",
        "status": {
          "soldOut": false,
        },
        "time": 1738060200000,
      },
      {
        "accessibility": {},
        "bookingUrl": "https://purchase.everymancinema.com/startticketing/1007/44661",
        "notes": "0% of seats sold",
        "status": {
          "soldOut": false,
        },
        "time": 1738168200000,
      },
      {
        "accessibility": {},
        "bookingUrl": "https://purchase.everymancinema.com/startticketing/1007/44667",
        "notes": "0% of seats sold",
        "status": {
          "soldOut": false,
        },
        "time": 1738231200000,
      },
    ],
    "title": "A Real Pain",
    "url": "https://www.everymancinema.com/film-listing/307411-a-real-pain",
  },
  {
    "overview": {
      "actors": [
        "Nicole Kidman",
        "Harris Dickinson",
        "Antonio Banderas",
        "Sophie Wilde",
        "Esther-Rose McGregor",
        "Vaughan Reilly",
        "Izabel Mar",
        "John Cenatiempo",
        "Leslie Silva",
        "Anoop Desai",
      ],
      "categories": [
        "Thriller",
        "Erotic",
      ],
      "classification": "18",
      "directors": [
        "Halina Reijn",
      ],
      "duration": 6840000,
      "trailer": "https://www.youtube.com/watch?v=9XXoNB0lVGo",
    },
    "performances": [
      {
        "accessibility": {},
        "bookingUrl": "https://purchase.everymancinema.com/startticketing/1007/44574",
        "notes": "40% of seats sold",
        "status": {
          "soldOut": false,
        },
        "time": 1737666900000,
      },
      {
        "accessibility": {},
        "bookingUrl": "https://purchase.everymancinema.com/startticketing/1007/44622",
        "notes": "4% of seats sold",
        "status": {
          "soldOut": false,
        },
        "time": 1737727200000,
      },
      {
        "accessibility": {},
        "bookingUrl": "https://purchase.everymancinema.com/startticketing/1007/44588",
        "notes": "33% of seats sold",
        "status": {
          "soldOut": false,
        },
        "time": 1737828000000,
      },
      {
        "accessibility": {},
        "bookingUrl": "https://purchase.everymancinema.com/startticketing/1007/44633",
        "notes": "11% of seats sold",
        "status": {
          "soldOut": false,
        },
        "time": 1737913500000,
      },
      {
        "accessibility": {},
        "bookingUrl": "https://purchase.everymancinema.com/startticketing/1007/44643",
        "notes": "4% of seats sold",
        "status": {
          "soldOut": false,
        },
        "time": 1737995400000,
      },
      {
        "accessibility": {},
        "bookingUrl": "https://purchase.everymancinema.com/startticketing/1007/44650",
        "notes": "4% of seats sold",
        "status": {
          "soldOut": false,
        },
        "time": 1738084500000,
      },
      {
        "accessibility": {},
        "bookingUrl": "https://purchase.everymancinema.com/startticketing/1007/44662",
        "notes": "0% of seats sold",
        "status": {
          "soldOut": false,
        },
        "time": 1738158300000,
      },
      {
        "accessibility": {},
        "bookingUrl": "https://purchase.everymancinema.com/startticketing/1007/44669",
        "notes": "0% of seats sold",
        "status": {
          "soldOut": false,
        },
        "time": 1738254600000,
      },
    ],
    "title": "Babygirl",
    "url": "https://www.everymancinema.com/film-listing/323928-babygirl",
  },
  {
    "overview": {
      "actors": [
        "Tom Hanks",
        "Robin Wright",
        "Paul Bettany",
        "Kelly Reilly",
        "Michelle Dockery",
      ],
      "categories": [
        "Fantasy",
        "Drama",
      ],
      "classification": "12A",
      "directors": [
        "Robert Zemeckis",
      ],
      "duration": 6240000,
      "trailer": "https://www.youtube.com/watch?v=I_id-SkGU2k",
    },
    "performances": [
      {
        "accessibility": {},
        "bookingUrl": "https://purchase.everymancinema.com/startticketing/1007/44627",
        "notes": "0% of seats sold
One more chance to discover curated cinema beyond the mainstream.",
        "status": {
          "soldOut": false,
        },
        "time": 1738588500000,
      },
      {
        "accessibility": {},
        "bookingUrl": "https://purchase.everymancinema.com/startticketing/1007/44628",
        "notes": "0% of seats sold
One more chance to discover curated cinema beyond the mainstream.",
        "status": {
          "soldOut": false,
        },
        "time": 1738778400000,
      },
    ],
    "title": "Beyond: Here",
    "url": "https://www.everymancinema.com/film-listing/1000018162-beyond-here",
  },
  {
    "overview": {
      "actors": [
        "Ren√©e Zellweger",
        "Chiwetel Ejiofor",
        "Leo Woodall",
        "Hugh Grant",
        "Emma Thompson",
        "Isla Fisher",
        "Nico Parker",
        "Josette Simon",
        "Leila Farzad",
        "Sarah Solemani",
      ],
      "categories": [
        "Comedy",
        "Romance",
      ],
      "directors": [
        "Michael Morris",
      ],
      "duration": 7440000,
      "trailer": "https://www.youtube.com/watch?v=AZr9lYz12jw",
    },
    "performances": [
      {
        "accessibility": {},
        "bookingUrl": "https://purchase.everymancinema.com/startticketing/1007/44597",
        "notes": "4% of seats sold",
        "status": {
          "soldOut": false,
        },
        "time": 1739466000000,
      },
      {
        "accessibility": {},
        "bookingUrl": "https://purchase.everymancinema.com/startticketing/1007/44596",
        "notes": "14% of seats sold",
        "status": {
          "soldOut": false,
        },
        "time": 1739476800000,
      },
      {
        "accessibility": {},
        "bookingUrl": "https://purchase.everymancinema.com/startticketing/1007/44598",
        "notes": "0% of seats sold",
        "status": {
          "soldOut": false,
        },
        "time": 1739550600000,
      },
      {
        "accessibility": {},
        "bookingUrl": "https://purchase.everymancinema.com/startticketing/1007/44599",
        "notes": "88% of seats sold",
        "status": {
          "soldOut": false,
        },
        "time": 1739561400000,
      },
      {
        "accessibility": {},
        "bookingUrl": "https://purchase.everymancinema.com/startticketing/1007/44607",
        "notes": "13% of seats sold",
        "status": {
          "soldOut": false,
        },
        "time": 1739637000000,
      },
      {
        "accessibility": {},
        "bookingUrl": "https://purchase.everymancinema.com/startticketing/1007/44606",
        "notes": "5% of seats sold",
        "status": {
          "soldOut": false,
        },
        "time": 1739647800000,
      },
      {
        "accessibility": {},
        "bookingUrl": "https://purchase.everymancinema.com/startticketing/1007/44612",
        "notes": "0% of seats sold",
        "status": {
          "soldOut": false,
        },
        "time": 1739723400000,
      },
      {
        "accessibility": {},
        "bookingUrl": "https://purchase.everymancinema.com/startticketing/1007/44611",
        "notes": "0% of seats sold",
        "status": {
          "soldOut": false,
        },
        "time": 1739734200000,
      },
      {
        "accessibility": {},
        "bookingUrl": "https://purchase.everymancinema.com/startticketing/1007/44617",
        "notes": "4% of seats sold",
        "status": {
          "soldOut": false,
        },
        "time": 1739813400000,
      },
      {
        "accessibility": {},
        "bookingUrl": "https://purchase.everymancinema.com/startticketing/1007/44613",
        "notes": "0% of seats sold",
        "status": {
          "soldOut": false,
        },
        "time": 1739824200000,
      },
      {
        "accessibility": {},
        "bookingUrl": "https://purchase.everymancinema.com/startticketing/1007/44614",
        "notes": "4% of seats sold",
        "status": {
          "soldOut": false,
        },
        "time": 1739907000000,
      },
      {
        "accessibility": {},
        "bookingUrl": "https://purchase.everymancinema.com/startticketing/1007/44615",
        "notes": "4% of seats sold",
        "status": {
          "soldOut": false,
        },
        "time": 1739993400000,
      },
      {
        "accessibility": {},
        "bookingUrl": "https://purchase.everymancinema.com/startticketing/1007/44618",
        "notes": "11% of seats sold",
        "status": {
          "soldOut": false,
        },
        "time": 1740083400000,
      },
    ],
    "title": "Bridget Jones: Mad About the Boy",
    "url": "https://www.everymancinema.com/film-listing/1000000866-bridget-jones-mad-about-the-boy",
  },
  {
    "overview": {
      "actors": [
        "Rachel Sennott",
        "Gabriel LaBelle",
        "Cooper Hoffman",
        "Ella Hunt",
        "Emily Fairn",
      ],
      "categories": [
        "Comedy",
        "Drama",
      ],
      "directors": [
        "Jason Reitman",
      ],
      "duration": 6540000,
      "trailer": "https://www.youtube.com/watch?v=CV16GHIqtGE",
    },
    "performances": [
      {
        "accessibility": {},
        "bookingUrl": "https://purchase.everymancinema.com/startticketing/1007/44361",
        "notes": "19% of seats sold",
        "status": {
          "soldOut": false,
        },
        "time": 1737657000000,
      },
    ],
    "title": "Members‚Äô Preview: Saturday Night",
    "url": "https://www.everymancinema.com/film-listing/1000017076-members-preview-saturday-night",
  },
  {
    "overview": {
      "actors": [],
      "categories": [],
      "classification": "15",
      "directors": [],
    },
    "performances": [
      {
        "accessibility": {},
        "bookingUrl": "https://purchase.everymancinema.com/startticketing/1007/44673",
        "notes": "0% of seats sold",
        "status": {
          "soldOut": false,
        },
        "time": 1738605600000,
      },
    ],
    "title": "Members‚Äô Preview: September 5",
    "url": "https://www.everymancinema.com/film-listing/1000018250-members-preview-september-5",
  },
  {
    "overview": {
      "actors": [
        "Adrien Brody",
        "Felicity Jones",
        "Guy Pearce",
        "Joe Alwyn",
        "Raffey Cassidy",
        "Stacy Martin",
        "Isaach de Bankol√©",
        "Alessandro Nivola",
        "Emma Laird",
        "Jonathan Hyde",
      ],
      "categories": [
        "Drama",
        "Romance",
      ],
      "classification": "18",
      "directors": [
        "Brady Corbet",
      ],
      "duration": 12840000,
    },
    "performances": [
      {
        "accessibility": {},
        "bookingUrl": "https://purchase.everymancinema.com/startticketing/1007/44624",
        "notes": "4% of seats sold",
        "status": {
          "soldOut": false,
        },
        "time": 1737722700000,
      },
      {
        "accessibility": {},
        "bookingUrl": "https://purchase.everymancinema.com/startticketing/1007/44619",
        "notes": "29% of seats sold",
        "status": {
          "soldOut": false,
        },
        "time": 1737745200000,
      },
      {
        "accessibility": {},
        "bookingUrl": "https://purchase.everymancinema.com/startticketing/1007/44589",
        "notes": "39% of seats sold",
        "status": {
          "soldOut": false,
        },
        "time": 1737811800000,
      },
      {
        "accessibility": {},
        "bookingUrl": "https://purchase.everymancinema.com/startticketing/1007/44582",
        "notes": "34% of seats sold",
        "status": {
          "soldOut": false,
        },
        "time": 1737832500000,
      },
      {
        "accessibility": {},
        "bookingUrl": "https://purchase.everymancinema.com/startticketing/1007/44635",
        "notes": "20% of seats sold",
        "status": {
          "soldOut": false,
        },
        "time": 1737894600000,
      },
      {
        "accessibility": {},
        "bookingUrl": "https://purchase.everymancinema.com/startticketing/1007/44632",
        "notes": "21% of seats sold",
        "status": {
          "soldOut": false,
        },
        "time": 1737918600000,
      },
      {
        "accessibility": {},
        "bookingUrl": "https://purchase.everymancinema.com/startticketing/1007/44640",
        "notes": "4% of seats sold",
        "status": {
          "soldOut": false,
        },
        "time": 1737979200000,
      },
      {
        "accessibility": {},
        "bookingUrl": "https://purchase.everymancinema.com/startticketing/1007/44639",
        "notes": "11% of seats sold",
        "status": {
          "soldOut": false,
        },
        "time": 1738005300000,
      },
      {
        "accessibility": {},
        "bookingUrl": "https://purchase.everymancinema.com/startticketing/1007/44651",
        "notes": "0% of seats sold",
        "status": {
          "soldOut": false,
        },
        "time": 1738068300000,
      },
      {
        "accessibility": {},
        "bookingUrl": "https://purchase.everymancinema.com/startticketing/1007/44647",
        "notes": "0% of seats sold",
        "status": {
          "soldOut": false,
        },
        "time": 1738089000000,
      },
      {
        "accessibility": {},
        "bookingUrl": "https://purchase.everymancinema.com/startticketing/1007/44655",
        "notes": "4% of seats sold",
        "status": {
          "soldOut": false,
        },
        "time": 1738154700000,
      },
      {
        "accessibility": {},
        "bookingUrl": "https://purchase.everymancinema.com/startticketing/1007/44659",
        "notes": "0% of seats sold",
        "status": {
          "soldOut": false,
        },
        "time": 1738177200000,
      },
      {
        "accessibility": {},
        "bookingUrl": "https://purchase.everymancinema.com/startticketing/1007/44668",
        "notes": "0% of seats sold
Reduced ticket price for guests aged 55 and over, including a complimentary hot drink and a slice of cake",
        "status": {
          "soldOut": false,
        },
        "time": 1738239300000,
      },
      {
        "accessibility": {},
        "bookingUrl": "https://purchase.everymancinema.com/startticketing/1007/44665",
        "notes": "0% of seats sold",
        "status": {
          "soldOut": false,
        },
        "time": 1738264500000,
      },
    ],
    "title": "The Brutalist",
    "url": "https://www.everymancinema.com/film-listing/269838-the-brutalist",
  },
  {
    "overview": {
      "actors": [
        "Pamela Anderson",
        "Kiernan Shipka",
        "Brenda Song",
        "Billie Lourd",
        "Jamie Lee Curtis",
      ],
      "categories": [
        "Drama",
      ],
      "directors": [
        "Gia Coppola",
      ],
      "duration": 6300000,
      "trailer": "https://www.youtube.com/watch?v=hZDs_lLGrTU",
    },
    "performances": [
      {
        "accessibility": {},
        "bookingUrl": "https://purchase.everymancinema.com/startticketing/1007/44592",
        "notes": "21% of seats sold",
        "status": {
          "soldOut": false,
        },
        "time": 1739211300000,
      },
    ],
    "title": "The Last Showgirl + Pamela Anderson Q&A",
    "url": "https://www.everymancinema.com/film-listing/1000016805-the-last-showgirl-pamela-anderson-qanda",
  },
  {
    "overview": {
      "actors": [
        "Andrew Garfield",
        "Florence Pugh",
        "Aoife Hinds",
        "Adam James",
        "Grace Delaney",
        "Lee Braithwaite",
        "Douglas Hodge",
        "Marama Corlett",
        "Nikhil Parmar",
        "Amy Morgan",
      ],
      "categories": [
        "Comedy drama",
        "Romance",
        "Drama",
      ],
      "classification": "15",
      "directors": [
        "John Crowley",
      ],
      "duration": 6480000,
      "trailer": "https://www.youtube.com/watch?v=MH02yagHaNw",
    },
    "performances": [
      {
        "accessibility": {},
        "bookingUrl": "https://purchase.everymancinema.com/startticketing/1007/44626",
        "notes": "9% of seats sold",
        "status": {
          "soldOut": false,
        },
        "time": 1737712800000,
      },
      {
        "accessibility": {},
        "bookingUrl": "https://purchase.everymancinema.com/startticketing/1007/44636",
        "notes": "0% of seats sold",
        "status": {
          "soldOut": false,
        },
        "time": 1737885600000,
      },
      {
        "accessibility": {},
        "bookingUrl": "https://purchase.everymancinema.com/startticketing/1007/44654",
        "notes": "0% of seats sold",
        "status": {
          "soldOut": false,
        },
        "time": 1738056600000,
      },
      {
        "accessibility": {},
        "bookingUrl": "https://purchase.everymancinema.com/startticketing/1007/44657",
        "notes": "0% of seats sold",
        "status": {
          "soldOut": false,
        },
        "time": 1738144800000,
      },
    ],
    "title": "We Live In Time",
    "url": "https://www.everymancinema.com/film-listing/314383-we-live-in-time",
  },
]
`;
