// Jest Snapshot v1, https://goo.gl/fbAQLP

exports[`Everyman Maida Vale retrieve and transform 1`] = `
[
  {
    "overview": {
      "actors": [
        "Timoth√©e Chalamet",
        "Edward Norton",
        "Elle Fanning",
        "Monica Barbaro",
        "Boyd Holbrook",
        "Dan Fogler",
        "Norbert Leo Butz",
        "Nick Offerman",
        "P.J. Byrne",
        "Scoot McNairy",
      ],
      "categories": [
        "Biopic",
        "Music",
        "Drama",
      ],
      "classification": "15",
      "directors": [
        "James Mangold",
      ],
      "duration": 8400000,
      "trailer": "https://www.youtube.com/watch?v=FdV-Cs5o8mc",
    },
    "performances": [
      {
        "accessibility": {},
        "bookingUrl": "https://purchase.everymancinema.com/startticketing/1009/40091",
        "notes": "26% of seats sold",
        "status": {
          "soldOut": false,
        },
        "time": 1737665100000,
      },
      {
        "accessibility": {},
        "bookingUrl": "https://purchase.everymancinema.com/startticketing/1009/40129",
        "notes": "0% of seats sold",
        "status": {
          "soldOut": false,
        },
        "time": 1737712200000,
      },
      {
        "accessibility": {},
        "bookingUrl": "https://purchase.everymancinema.com/startticketing/1009/40131",
        "notes": "2% of seats sold",
        "status": {
          "soldOut": false,
        },
        "time": 1737725400000,
      },
      {
        "accessibility": {},
        "bookingUrl": "https://purchase.everymancinema.com/startticketing/1009/40132",
        "notes": "8% of seats sold",
        "status": {
          "soldOut": false,
        },
        "time": 1737736800000,
      },
      {
        "accessibility": {},
        "bookingUrl": "https://purchase.everymancinema.com/startticketing/1009/40134",
        "notes": "46% of seats sold",
        "status": {
          "soldOut": false,
        },
        "time": 1737748800000,
      },
      {
        "accessibility": {},
        "bookingUrl": "https://purchase.everymancinema.com/startticketing/1009/40143",
        "notes": "15% of seats sold",
        "status": {
          "soldOut": false,
        },
        "time": 1737813600000,
      },
      {
        "accessibility": {},
        "bookingUrl": "https://purchase.everymancinema.com/startticketing/1009/40142",
        "notes": "17% of seats sold",
        "status": {
          "soldOut": false,
        },
        "time": 1737825300000,
      },
      {
        "accessibility": {},
        "bookingUrl": "https://purchase.everymancinema.com/startticketing/1009/40141",
        "notes": "6% of seats sold",
        "status": {
          "soldOut": false,
        },
        "time": 1737837000000,
      },
      {
        "accessibility": {},
        "bookingUrl": "https://purchase.everymancinema.com/startticketing/1009/40148",
        "notes": "10% of seats sold",
        "status": {
          "soldOut": false,
        },
        "time": 1737900000000,
      },
      {
        "accessibility": {},
        "bookingUrl": "https://purchase.everymancinema.com/startticketing/1009/40149",
        "notes": "8% of seats sold",
        "status": {
          "soldOut": false,
        },
        "time": 1737911700000,
      },
      {
        "accessibility": {},
        "bookingUrl": "https://purchase.everymancinema.com/startticketing/1009/40150",
        "notes": "6% of seats sold",
        "status": {
          "soldOut": false,
        },
        "time": 1737923400000,
      },
      {
        "accessibility": {},
        "bookingUrl": "https://purchase.everymancinema.com/startticketing/1009/40160",
        "notes": "2% of seats sold",
        "status": {
          "soldOut": false,
        },
        "time": 1737972000000,
      },
      {
        "accessibility": {},
        "bookingUrl": "https://purchase.everymancinema.com/startticketing/1009/40158",
        "notes": "0% of seats sold
Reduced ticket price for guests aged 55 and over, including a complimentary hot drink and a slice of cake",
        "status": {
          "soldOut": false,
        },
        "time": 1737983700000,
      },
      {
        "accessibility": {},
        "bookingUrl": "https://purchase.everymancinema.com/startticketing/1009/40157",
        "notes": "2% of seats sold",
        "status": {
          "soldOut": false,
        },
        "time": 1737995400000,
      },
      {
        "accessibility": {},
        "bookingUrl": "https://purchase.everymancinema.com/startticketing/1009/40155",
        "notes": "13% of seats sold",
        "status": {
          "soldOut": false,
        },
        "time": 1738007100000,
      },
      {
        "accessibility": {
          "babyFriendly": true,
        },
        "bookingUrl": "https://purchase.everymancinema.com/startticketing/1009/40165",
        "notes": "0% of seats sold",
        "status": {
          "soldOut": false,
        },
        "time": 1738071000000,
      },
      {
        "accessibility": {},
        "bookingUrl": "https://purchase.everymancinema.com/startticketing/1009/40168",
        "notes": "0% of seats sold",
        "status": {
          "soldOut": false,
        },
        "time": 1738082700000,
      },
      {
        "accessibility": {},
        "bookingUrl": "https://purchase.everymancinema.com/startticketing/1009/40169",
        "notes": "4% of seats sold",
        "status": {
          "soldOut": false,
        },
        "time": 1738094400000,
      },
      {
        "accessibility": {},
        "bookingUrl": "https://purchase.everymancinema.com/startticketing/1009/40174",
        "notes": "0% of seats sold",
        "status": {
          "soldOut": false,
        },
        "time": 1738147500000,
      },
      {
        "accessibility": {},
        "bookingUrl": "https://purchase.everymancinema.com/startticketing/1009/40175",
        "notes": "0% of seats sold",
        "status": {
          "soldOut": false,
        },
        "time": 1738158600000,
      },
      {
        "accessibility": {},
        "bookingUrl": "https://purchase.everymancinema.com/startticketing/1009/40176",
        "notes": "4% of seats sold",
        "status": {
          "soldOut": false,
        },
        "time": 1738170000000,
      },
      {
        "accessibility": {},
        "bookingUrl": "https://purchase.everymancinema.com/startticketing/1009/40178",
        "notes": "0% of seats sold",
        "status": {
          "soldOut": false,
        },
        "time": 1738181700000,
      },
      {
        "accessibility": {
          "babyFriendly": true,
        },
        "bookingUrl": "https://purchase.everymancinema.com/startticketing/1009/40194",
        "notes": "0% of seats sold",
        "status": {
          "soldOut": false,
        },
        "time": 1738232100000,
      },
      {
        "accessibility": {},
        "bookingUrl": "https://purchase.everymancinema.com/startticketing/1009/40188",
        "notes": "0% of seats sold",
        "status": {
          "soldOut": false,
        },
        "time": 1738243800000,
      },
      {
        "accessibility": {},
        "bookingUrl": "https://purchase.everymancinema.com/startticketing/1009/40185",
        "notes": "0% of seats sold",
        "status": {
          "soldOut": false,
        },
        "time": 1738255500000,
      },
      {
        "accessibility": {},
        "bookingUrl": "https://purchase.everymancinema.com/startticketing/1009/40184",
        "notes": "0% of seats sold",
        "status": {
          "soldOut": false,
        },
        "time": 1738267200000,
      },
    ],
    "title": "A Complete Unknown",
    "url": "https://www.everymancinema.com/film-listing/280195-a-complete-unknown",
  },
  {
    "overview": {
      "actors": [
        "Jesse Eisenberg",
        "Kieran Culkin",
        "Will Sharpe",
        "Jennifer Grey",
        "Kurt Egyiawan",
        "Liza Sadovy",
        "Daniel Oreskes",
        "Ellora Torchia",
        "Marek Kasprzyk",
      ],
      "categories": [
        "Comedy drama",
      ],
      "classification": "15",
      "directors": [
        "Jesse Eisenberg",
      ],
      "duration": 5400000,
      "trailer": "https://www.youtube.com/watch?v=b2et8Vpu7Ls",
    },
    "performances": [
      {
        "accessibility": {},
        "bookingUrl": "https://purchase.everymancinema.com/startticketing/1009/40093",
        "notes": "33% of seats sold",
        "status": {
          "soldOut": false,
        },
        "time": 1737656400000,
      },
      {
        "accessibility": {},
        "bookingUrl": "https://purchase.everymancinema.com/startticketing/1009/40130",
        "notes": "3% of seats sold",
        "status": {
          "soldOut": false,
        },
        "time": 1737717000000,
      },
      {
        "accessibility": {},
        "bookingUrl": "https://purchase.everymancinema.com/startticketing/1009/40133",
        "notes": "51% of seats sold",
        "status": {
          "soldOut": false,
        },
        "time": 1737744000000,
      },
      {
        "accessibility": {},
        "bookingUrl": "https://purchase.everymancinema.com/startticketing/1009/40144",
        "notes": "2% of seats sold",
        "status": {
          "soldOut": false,
        },
        "time": 1737805500000,
      },
      {
        "accessibility": {},
        "bookingUrl": "https://purchase.everymancinema.com/startticketing/1009/40138",
        "notes": "61% of seats sold",
        "status": {
          "soldOut": false,
        },
        "time": 1737831600000,
      },
      {
        "accessibility": {},
        "bookingUrl": "https://purchase.everymancinema.com/startticketing/1009/40153",
        "notes": "27% of seats sold",
        "status": {
          "soldOut": false,
        },
        "time": 1737907200000,
      },
      {
        "accessibility": {},
        "bookingUrl": "https://purchase.everymancinema.com/startticketing/1009/40159",
        "notes": "0% of seats sold",
        "status": {
          "soldOut": false,
        },
        "time": 1737973800000,
      },
      {
        "accessibility": {},
        "bookingUrl": "https://purchase.everymancinema.com/startticketing/1009/40156",
        "notes": "10% of seats sold",
        "status": {
          "soldOut": false,
        },
        "time": 1738003200000,
      },
      {
        "accessibility": {},
        "bookingUrl": "https://purchase.everymancinema.com/startticketing/1009/40166",
        "notes": "0% of seats sold",
        "status": {
          "soldOut": false,
        },
        "time": 1738059300000,
      },
      {
        "accessibility": {},
        "bookingUrl": "https://purchase.everymancinema.com/startticketing/1009/40167",
        "notes": "0% of seats sold",
        "status": {
          "soldOut": false,
        },
        "time": 1738087200000,
      },
      {
        "accessibility": {},
        "bookingUrl": "https://purchase.everymancinema.com/startticketing/1009/40177",
        "notes": "0% of seats sold",
        "status": {
          "soldOut": false,
        },
        "time": 1738154700000,
      },
      {
        "accessibility": {},
        "bookingUrl": "https://purchase.everymancinema.com/startticketing/1009/40187",
        "notes": "0% of seats sold",
        "status": {
          "soldOut": false,
        },
        "time": 1738233900000,
      },
      {
        "accessibility": {},
        "bookingUrl": "https://purchase.everymancinema.com/startticketing/1009/40186",
        "notes": "0% of seats sold",
        "status": {
          "soldOut": false,
        },
        "time": 1738261800000,
      },
    ],
    "title": "A Real Pain",
    "url": "https://www.everymancinema.com/film-listing/307411-a-real-pain",
  },
  {
    "overview": {
      "actors": [
        "Nicole Kidman",
        "Harris Dickinson",
        "Antonio Banderas",
        "Sophie Wilde",
        "Esther-Rose McGregor",
        "Vaughan Reilly",
        "Izabel Mar",
        "John Cenatiempo",
        "Leslie Silva",
        "Anoop Desai",
      ],
      "categories": [
        "Thriller",
        "Erotic",
      ],
      "classification": "18",
      "directors": [
        "Halina Reijn",
      ],
      "duration": 6840000,
      "trailer": "https://www.youtube.com/watch?v=9XXoNB0lVGo",
    },
    "performances": [
      {
        "accessibility": {},
        "bookingUrl": "https://purchase.everymancinema.com/startticketing/1009/40135",
        "notes": "34% of seats sold",
        "status": {
          "soldOut": false,
        },
        "time": 1737752400000,
      },
      {
        "accessibility": {},
        "bookingUrl": "https://purchase.everymancinema.com/startticketing/1009/40140",
        "notes": "17% of seats sold",
        "status": {
          "soldOut": false,
        },
        "time": 1737840600000,
      },
      {
        "accessibility": {},
        "bookingUrl": "https://purchase.everymancinema.com/startticketing/1009/40151",
        "notes": "20% of seats sold",
        "status": {
          "soldOut": false,
        },
        "time": 1737915600000,
      },
      {
        "accessibility": {},
        "bookingUrl": "https://purchase.everymancinema.com/startticketing/1009/40163",
        "notes": "10% of seats sold",
        "status": {
          "soldOut": false,
        },
        "time": 1738011600000,
      },
      {
        "accessibility": {
          "babyFriendly": true,
        },
        "bookingUrl": "https://purchase.everymancinema.com/startticketing/1009/40171",
        "notes": "0% of seats sold",
        "status": {
          "soldOut": false,
        },
        "time": 1738061100000,
      },
      {
        "accessibility": {},
        "bookingUrl": "https://purchase.everymancinema.com/startticketing/1009/40172",
        "notes": "0% of seats sold",
        "status": {
          "soldOut": false,
        },
        "time": 1738077300000,
      },
      {
        "accessibility": {},
        "bookingUrl": "https://purchase.everymancinema.com/startticketing/1009/40195",
        "notes": "5% of seats sold
Reduced ticket price for guests aged 55 and over, including a complimentary hot drink and a slice of cake",
        "status": {
          "soldOut": false,
        },
        "time": 1738144800000,
      },
      {
        "accessibility": {
          "subtitled": true,
        },
        "bookingUrl": "https://purchase.everymancinema.com/startticketing/1009/40180",
        "notes": "5% of seats sold",
        "status": {
          "soldOut": false,
        },
        "time": 1738173600000,
      },
      {
        "accessibility": {},
        "bookingUrl": "https://purchase.everymancinema.com/startticketing/1009/40190",
        "notes": "0% of seats sold",
        "status": {
          "soldOut": false,
        },
        "time": 1738251600000,
      },
    ],
    "title": "Babygirl",
    "url": "https://www.everymancinema.com/film-listing/323928-babygirl",
  },
  {
    "overview": {
      "actors": [
        "Tom Hanks",
        "Robin Wright",
        "Paul Bettany",
        "Kelly Reilly",
        "Michelle Dockery",
      ],
      "categories": [
        "Fantasy",
        "Drama",
      ],
      "classification": "12A",
      "directors": [
        "Robert Zemeckis",
      ],
      "duration": 6240000,
      "trailer": "https://www.youtube.com/watch?v=I_id-SkGU2k",
    },
    "performances": [
      {
        "accessibility": {},
        "bookingUrl": "https://purchase.everymancinema.com/startticketing/1009/40122",
        "notes": "0% of seats sold
One more chance to discover curated cinema beyond the mainstream.",
        "status": {
          "soldOut": false,
        },
        "time": 1738586400000,
      },
      {
        "accessibility": {},
        "bookingUrl": "https://purchase.everymancinema.com/startticketing/1009/40123",
        "notes": "5% of seats sold
One more chance to discover curated cinema beyond the mainstream.",
        "status": {
          "soldOut": false,
        },
        "time": 1738776600000,
      },
    ],
    "title": "Beyond: Here",
    "url": "https://www.everymancinema.com/film-listing/1000018162-beyond-here",
  },
  {
    "overview": {
      "actors": [
        "Ethan Herisse",
        "Brandon Wilson",
        "Aunjanue Ellis-Taylor",
        "Sam Malone",
      ],
      "categories": [
        "Drama",
      ],
      "classification": "12A",
      "directors": [
        "RaMell Ross",
      ],
      "duration": 8400000,
      "trailer": "https://www.youtube.com/watch?v=8HZKgYknVN0",
    },
    "performances": [
      {
        "accessibility": {},
        "bookingUrl": "https://purchase.everymancinema.com/startticketing/1009/40191",
        "notes": "2% of seats sold
One more chance to discover curated cinema beyond the mainstream.",
        "status": {
          "soldOut": false,
        },
        "time": 1737981900000,
      },
      {
        "accessibility": {},
        "bookingUrl": "https://purchase.everymancinema.com/startticketing/1009/40192",
        "notes": "0% of seats sold
One more chance to discover curated cinema beyond the mainstream.",
        "status": {
          "soldOut": false,
        },
        "time": 1738183500000,
      },
    ],
    "title": "Beyond: Nickel Boys",
    "url": "https://www.everymancinema.com/film-listing/1000018090-beyond-nickel-boys",
  },
  {
    "overview": {
      "actors": [
        "Ren√©e Zellweger",
        "Chiwetel Ejiofor",
        "Leo Woodall",
        "Hugh Grant",
        "Emma Thompson",
        "Isla Fisher",
        "Nico Parker",
        "Josette Simon",
        "Leila Farzad",
        "Sarah Solemani",
      ],
      "categories": [
        "Comedy",
        "Romance",
      ],
      "directors": [
        "Michael Morris",
      ],
      "duration": 7440000,
      "trailer": "https://www.youtube.com/watch?v=AZr9lYz12jw",
    },
    "performances": [
      {
        "accessibility": {},
        "bookingUrl": "https://purchase.everymancinema.com/startticketing/1009/40103",
        "notes": "7% of seats sold",
        "status": {
          "soldOut": false,
        },
        "time": 1739466000000,
      },
      {
        "accessibility": {},
        "bookingUrl": "https://purchase.everymancinema.com/startticketing/1009/40102",
        "notes": "4% of seats sold",
        "status": {
          "soldOut": false,
        },
        "time": 1739477700000,
      },
      {
        "accessibility": {},
        "bookingUrl": "https://purchase.everymancinema.com/startticketing/1009/40106",
        "notes": "4% of seats sold",
        "status": {
          "soldOut": false,
        },
        "time": 1739552400000,
      },
      {
        "accessibility": {},
        "bookingUrl": "https://purchase.everymancinema.com/startticketing/1009/40107",
        "notes": "31% of seats sold",
        "status": {
          "soldOut": false,
        },
        "time": 1739564100000,
      },
      {
        "accessibility": {},
        "bookingUrl": "https://purchase.everymancinema.com/startticketing/1009/40111",
        "notes": "5% of seats sold",
        "status": {
          "soldOut": false,
        },
        "time": 1739629800000,
      },
      {
        "accessibility": {},
        "bookingUrl": "https://purchase.everymancinema.com/startticketing/1009/40110",
        "notes": "5% of seats sold",
        "status": {
          "soldOut": false,
        },
        "time": 1739640600000,
      },
      {
        "accessibility": {},
        "bookingUrl": "https://purchase.everymancinema.com/startticketing/1009/40108",
        "notes": "4% of seats sold",
        "status": {
          "soldOut": false,
        },
        "time": 1739652000000,
      },
      {
        "accessibility": {},
        "bookingUrl": "https://purchase.everymancinema.com/startticketing/1009/40115",
        "notes": "0% of seats sold",
        "status": {
          "soldOut": false,
        },
        "time": 1739712600000,
      },
      {
        "accessibility": {},
        "bookingUrl": "https://purchase.everymancinema.com/startticketing/1009/40114",
        "notes": "2% of seats sold",
        "status": {
          "soldOut": false,
        },
        "time": 1739723400000,
      },
      {
        "accessibility": {},
        "bookingUrl": "https://purchase.everymancinema.com/startticketing/1009/40113",
        "notes": "2% of seats sold",
        "status": {
          "soldOut": false,
        },
        "time": 1739735100000,
      },
      {
        "accessibility": {},
        "bookingUrl": "https://purchase.everymancinema.com/startticketing/1009/40117",
        "notes": "2% of seats sold",
        "status": {
          "soldOut": false,
        },
        "time": 1739822400000,
      },
      {
        "accessibility": {},
        "bookingUrl": "https://purchase.everymancinema.com/startticketing/1009/40118",
        "notes": "0% of seats sold",
        "status": {
          "soldOut": false,
        },
        "time": 1739908800000,
      },
      {
        "accessibility": {},
        "bookingUrl": "https://purchase.everymancinema.com/startticketing/1009/40119",
        "notes": "0% of seats sold",
        "status": {
          "soldOut": false,
        },
        "time": 1739995200000,
      },
      {
        "accessibility": {},
        "bookingUrl": "https://purchase.everymancinema.com/startticketing/1009/40120",
        "notes": "0% of seats sold",
        "status": {
          "soldOut": false,
        },
        "time": 1740083400000,
      },
    ],
    "title": "Bridget Jones: Mad About the Boy",
    "url": "https://www.everymancinema.com/film-listing/1000000866-bridget-jones-mad-about-the-boy",
  },
  {
    "overview": {
      "actors": [
        "Rachel Sennott",
        "Gabriel LaBelle",
        "Cooper Hoffman",
        "Ella Hunt",
        "Emily Fairn",
      ],
      "categories": [
        "Comedy",
        "Drama",
      ],
      "directors": [
        "Jason Reitman",
      ],
      "duration": 6540000,
      "trailer": "https://www.youtube.com/watch?v=CV16GHIqtGE",
    },
    "performances": [
      {
        "accessibility": {},
        "bookingUrl": "https://purchase.everymancinema.com/startticketing/1009/39901",
        "notes": "39% of seats sold",
        "status": {
          "soldOut": false,
        },
        "time": 1737662400000,
      },
    ],
    "title": "Members‚Äô Preview: Saturday Night",
    "url": "https://www.everymancinema.com/film-listing/1000017076-members-preview-saturday-night",
  },
  {
    "overview": {
      "actors": [],
      "categories": [],
      "classification": "15",
      "directors": [],
    },
    "performances": [
      {
        "accessibility": {},
        "bookingUrl": "https://purchase.everymancinema.com/startticketing/1009/40196",
        "notes": "2% of seats sold",
        "status": {
          "soldOut": false,
        },
        "time": 1738605600000,
      },
    ],
    "title": "Members‚Äô Preview: September 5",
    "url": "https://www.everymancinema.com/film-listing/1000018250-members-preview-september-5",
  },
  {
    "overview": {
      "actors": [
        "Aaron Pierre",
        "Kelvin Harrison Jr.",
        "Seth Rogen",
        "Billy Eichner",
        "Blue Ivy Carter",
        "John Kani",
        "Donald Glover",
        "Beyonc√© Knowles-Carter",
        "Mads Mikkelsen",
        "Tiffany Boone",
      ],
      "categories": [
        "Animation",
        "Music",
        "Adventure",
        "Family",
      ],
      "classification": "PG",
      "directors": [
        "Barry Jenkins",
      ],
      "duration": 7080000,
      "trailer": "https://www.youtube.com/watch?v=lMXh6vjiZrI",
    },
    "performances": [
      {
        "accessibility": {},
        "bookingUrl": "https://purchase.everymancinema.com/startticketing/1009/40145",
        "notes": "0% of seats sold",
        "status": {
          "soldOut": false,
        },
        "time": 1737795600000,
      },
      {
        "accessibility": {},
        "bookingUrl": "https://purchase.everymancinema.com/startticketing/1009/40137",
        "notes": "7% of seats sold",
        "status": {
          "soldOut": false,
        },
        "time": 1737810900000,
      },
      {
        "accessibility": {},
        "bookingUrl": "https://purchase.everymancinema.com/startticketing/1009/40146",
        "notes": "8% of seats sold",
        "status": {
          "soldOut": false,
        },
        "time": 1737889200000,
      },
      {
        "accessibility": {},
        "bookingUrl": "https://purchase.everymancinema.com/startticketing/1009/40154",
        "notes": "0% of seats sold",
        "status": {
          "soldOut": false,
        },
        "time": 1737897000000,
      },
    ],
    "title": "Mufasa: The Lion King",
    "url": "https://www.everymancinema.com/film-listing/286777-mufasa-the-lion-king",
  },
  {
    "overview": {
      "actors": [
        "Steve Coogan",
        "Giles Terera",
      ],
      "categories": [
        "Musical",
      ],
      "directors": [
        "Sean Foley",
      ],
      "duration": 9000000,
    },
    "performances": [
      {
        "accessibility": {},
        "bookingUrl": "https://purchase.everymancinema.com/startticketing/1009/39588",
        "notes": "0% of seats sold",
        "status": {
          "soldOut": false,
        },
        "time": 1743102000000,
      },
      {
        "accessibility": {},
        "bookingUrl": "https://purchase.everymancinema.com/startticketing/1009/39589",
        "notes": "0% of seats sold",
        "status": {
          "soldOut": false,
        },
        "time": 1743679800000,
      },
    ],
    "title": "National Theatre Live: Dr. Strangelove",
    "url": "https://www.everymancinema.com/film-listing/1000015783-national-theatre-live-dr-strangelove",
  },
  {
    "overview": {
      "actors": [
        "Lily-Rose Depp",
        "Nicholas Hoult",
        "Bill Skarsg√•rd",
        "Aaron Taylor-Johnson",
        "Willem Dafoe",
        "Emma Corrin",
        "Ralph Ineson",
        "Simon McBurney",
        "Ad√©la Hesov√°",
        "Milena Konstantinova",
      ],
      "categories": [
        "Horror",
      ],
      "classification": "15",
      "directors": [
        "Robert Eggers",
      ],
      "duration": 7920000,
      "trailer": "https://www.youtube.com/watch?v=nulvWqYUM8k",
    },
    "performances": [
      {
        "accessibility": {},
        "bookingUrl": "https://purchase.everymancinema.com/startticketing/1009/40136",
        "notes": "0% of seats sold",
        "status": {
          "soldOut": false,
        },
        "time": 1737723600000,
      },
      {
        "accessibility": {},
        "bookingUrl": "https://purchase.everymancinema.com/startticketing/1009/40170",
        "notes": "0% of seats sold",
        "status": {
          "soldOut": false,
        },
        "time": 1738096800000,
      },
      {
        "accessibility": {},
        "bookingUrl": "https://purchase.everymancinema.com/startticketing/1009/40183",
        "notes": "0% of seats sold",
        "status": {
          "soldOut": false,
        },
        "time": 1738269900000,
      },
    ],
    "title": "Nosferatu",
    "url": "https://www.everymancinema.com/film-listing/239839-nosferatu",
  },
  {
    "overview": {
      "actors": [
        "Ncuti Gatwa",
        "Hugh Skinner",
        "Sharon D. Clarke",
        "Ronke Adekoluejo",
        "Julian Bleach",
        "Shereener Browne",
        "Richard Cant",
        "Jasmine Kerr",
        "Amanda Lawrence",
        "Gillian McCafferty",
      ],
      "categories": [
        "Musical",
      ],
      "directors": [
        "Max Webster",
      ],
      "duration": 10800000,
      "trailer": "https://www.youtube.com/watch?v=aIAF60jBpbo",
    },
    "performances": [
      {
        "accessibility": {},
        "bookingUrl": "https://purchase.everymancinema.com/startticketing/1009/38196",
        "notes": "12% of seats sold",
        "status": {
          "soldOut": false,
        },
        "time": 1740078000000,
      },
      {
        "accessibility": {},
        "bookingUrl": "https://purchase.everymancinema.com/startticketing/1009/38197",
        "notes": "5% of seats sold",
        "status": {
          "soldOut": false,
        },
        "time": 1740574800000,
      },
    ],
    "title": "NT Live: The Importance of Being Earnest",
    "url": "https://www.everymancinema.com/film-listing/1000010290-nt-live-the-importance-of-being-earnest",
  },
  {
    "overview": {
      "actors": [
        "Andrew Garfield",
        "Florence Pugh",
        "Aoife Hinds",
        "Adam James",
        "Grace Delaney",
        "Lee Braithwaite",
        "Douglas Hodge",
        "Marama Corlett",
        "Nikhil Parmar",
        "Amy Morgan",
      ],
      "categories": [
        "Comedy drama",
        "Romance",
        "Drama",
      ],
      "classification": "15",
      "directors": [
        "John Crowley",
      ],
      "duration": 6480000,
      "trailer": "https://www.youtube.com/watch?v=MH02yagHaNw",
    },
    "performances": [
      {
        "accessibility": {},
        "bookingUrl": "https://purchase.everymancinema.com/startticketing/1009/40128",
        "notes": "5% of seats sold",
        "status": {
          "soldOut": false,
        },
        "time": 1737734400000,
      },
      {
        "accessibility": {},
        "bookingUrl": "https://purchase.everymancinema.com/startticketing/1009/40139",
        "notes": "20% of seats sold",
        "status": {
          "soldOut": false,
        },
        "time": 1737821700000,
      },
      {
        "accessibility": {},
        "bookingUrl": "https://purchase.everymancinema.com/startticketing/1009/40152",
        "notes": "0% of seats sold",
        "status": {
          "soldOut": false,
        },
        "time": 1737926100000,
      },
      {
        "accessibility": {},
        "bookingUrl": "https://purchase.everymancinema.com/startticketing/1009/40161",
        "notes": "0% of seats sold",
        "status": {
          "soldOut": false,
        },
        "time": 1737993600000,
      },
      {
        "accessibility": {},
        "bookingUrl": "https://purchase.everymancinema.com/startticketing/1009/40164",
        "notes": "0% of seats sold",
        "status": {
          "soldOut": false,
        },
        "time": 1738067400000,
      },
      {
        "accessibility": {},
        "bookingUrl": "https://purchase.everymancinema.com/startticketing/1009/40173",
        "notes": "0% of seats sold",
        "status": {
          "soldOut": false,
        },
        "time": 1738163700000,
      },
      {
        "accessibility": {},
        "bookingUrl": "https://purchase.everymancinema.com/startticketing/1009/40189",
        "notes": "0% of seats sold",
        "status": {
          "soldOut": false,
        },
        "time": 1738242000000,
      },
    ],
    "title": "We Live In Time",
    "url": "https://www.everymancinema.com/film-listing/314383-we-live-in-time",
  },
]
`;
