// Jest Snapshot v1, https://goo.gl/fbAQLP

exports[`Everyman Belsize Park retrieve and transform 1`] = `
[
  {
    "overview": {
      "actors": [
        "Timothée Chalamet",
        "Edward Norton",
        "Elle Fanning",
        "Monica Barbaro",
        "Boyd Holbrook",
        "Dan Fogler",
        "Norbert Leo Butz",
        "Nick Offerman",
        "P.J. Byrne",
        "Scoot McNairy",
      ],
      "categories": [
        "Biopic",
        "Music",
        "Drama",
      ],
      "classification": "15",
      "directors": [
        "James Mangold",
      ],
      "duration": 8400000,
      "trailer": "https://www.youtube.com/watch?v=FdV-Cs5o8mc",
    },
    "performances": [
      {
        "accessibility": {},
        "bookingUrl": "https://purchase.everymancinema.com/startticketing/1006/23227",
        "notes": "21% of seats sold",
        "status": {
          "soldOut": false,
        },
        "time": 1737663300000,
      },
      {
        "accessibility": {},
        "bookingUrl": "https://purchase.everymancinema.com/startticketing/1006/23263",
        "notes": "5% of seats sold",
        "status": {
          "soldOut": false,
        },
        "time": 1737729900000,
      },
      {
        "accessibility": {},
        "bookingUrl": "https://purchase.everymancinema.com/startticketing/1006/23265",
        "notes": "12% of seats sold",
        "status": {
          "soldOut": false,
        },
        "time": 1737750600000,
      },
      {
        "accessibility": {},
        "bookingUrl": "https://purchase.everymancinema.com/startticketing/1006/23266",
        "notes": "2% of seats sold",
        "status": {
          "soldOut": false,
        },
        "time": 1737804600000,
      },
      {
        "accessibility": {},
        "bookingUrl": "https://purchase.everymancinema.com/startticketing/1006/23268",
        "notes": "1% of seats sold",
        "status": {
          "soldOut": false,
        },
        "time": 1737898200000,
      },
      {
        "accessibility": {},
        "bookingUrl": "https://purchase.everymancinema.com/startticketing/1006/23270",
        "notes": "5% of seats sold",
        "status": {
          "soldOut": false,
        },
        "time": 1737918900000,
      },
      {
        "accessibility": {},
        "bookingUrl": "https://purchase.everymancinema.com/startticketing/1006/23277",
        "notes": "1% of seats sold
Reduced ticket price for guests aged 55 and over, including a complimentary hot drink and a slice of cake",
        "status": {
          "soldOut": false,
        },
        "time": 1737989100000,
      },
      {
        "accessibility": {},
        "bookingUrl": "https://purchase.everymancinema.com/startticketing/1006/23279",
        "notes": "3% of seats sold",
        "status": {
          "soldOut": false,
        },
        "time": 1738009800000,
      },
      {
        "accessibility": {},
        "bookingUrl": "https://purchase.everymancinema.com/startticketing/1006/23282",
        "notes": "3% of seats sold",
        "status": {
          "soldOut": false,
        },
        "time": 1738075500000,
      },
      {
        "accessibility": {},
        "bookingUrl": "https://purchase.everymancinema.com/startticketing/1006/23284",
        "notes": "1% of seats sold",
        "status": {
          "soldOut": false,
        },
        "time": 1738096200000,
      },
      {
        "accessibility": {},
        "bookingUrl": "https://purchase.everymancinema.com/startticketing/1006/23286",
        "notes": "0% of seats sold",
        "status": {
          "soldOut": false,
        },
        "time": 1738152900000,
      },
      {
        "accessibility": {},
        "bookingUrl": "https://purchase.everymancinema.com/startticketing/1006/23289",
        "notes": "2% of seats sold",
        "status": {
          "soldOut": false,
        },
        "time": 1738182600000,
      },
      {
        "accessibility": {},
        "bookingUrl": "https://purchase.everymancinema.com/startticketing/1006/23292",
        "notes": "0% of seats sold",
        "status": {
          "soldOut": false,
        },
        "time": 1738248300000,
      },
      {
        "accessibility": {},
        "bookingUrl": "https://purchase.everymancinema.com/startticketing/1006/23294",
        "notes": "0% of seats sold",
        "status": {
          "soldOut": false,
        },
        "time": 1738269000000,
      },
    ],
    "title": "A Complete Unknown",
    "url": "https://www.everymancinema.com/film-listing/280195-a-complete-unknown",
  },
  {
    "overview": {
      "actors": [
        "Jesse Eisenberg",
        "Kieran Culkin",
        "Will Sharpe",
        "Jennifer Grey",
        "Kurt Egyiawan",
        "Liza Sadovy",
        "Daniel Oreskes",
        "Ellora Torchia",
        "Marek Kasprzyk",
      ],
      "categories": [
        "Comedy drama",
      ],
      "classification": "15",
      "directors": [
        "Jesse Eisenberg",
      ],
      "duration": 5400000,
      "trailer": "https://www.youtube.com/watch?v=b2et8Vpu7Ls",
    },
    "performances": [
      {
        "accessibility": {},
        "bookingUrl": "https://purchase.everymancinema.com/startticketing/1006/23261",
        "notes": "3% of seats sold",
        "status": {
          "soldOut": false,
        },
        "time": 1737713700000,
      },
      {
        "accessibility": {},
        "bookingUrl": "https://purchase.everymancinema.com/startticketing/1006/23262",
        "notes": "1% of seats sold",
        "status": {
          "soldOut": false,
        },
        "time": 1737721800000,
      },
      {
        "accessibility": {},
        "bookingUrl": "https://purchase.everymancinema.com/startticketing/1006/23264",
        "notes": "21% of seats sold",
        "status": {
          "soldOut": false,
        },
        "time": 1737741600000,
      },
      {
        "accessibility": {},
        "bookingUrl": "https://purchase.everymancinema.com/startticketing/1006/23267",
        "notes": "5% of seats sold",
        "status": {
          "soldOut": false,
        },
        "time": 1737816300000,
      },
      {
        "accessibility": {},
        "bookingUrl": "https://purchase.everymancinema.com/startticketing/1006/23269",
        "notes": "3% of seats sold",
        "status": {
          "soldOut": false,
        },
        "time": 1737909900000,
      },
      {
        "accessibility": {},
        "bookingUrl": "https://purchase.everymancinema.com/startticketing/1006/23275",
        "notes": "0% of seats sold",
        "status": {
          "soldOut": false,
        },
        "time": 1737972900000,
      },
      {
        "accessibility": {},
        "bookingUrl": "https://purchase.everymancinema.com/startticketing/1006/23276",
        "notes": "0% of seats sold",
        "status": {
          "soldOut": false,
        },
        "time": 1737981000000,
      },
      {
        "accessibility": {},
        "bookingUrl": "https://purchase.everymancinema.com/startticketing/1006/23278",
        "notes": "1% of seats sold",
        "status": {
          "soldOut": false,
        },
        "time": 1738000800000,
      },
      {
        "accessibility": {
          "babyFriendly": true,
        },
        "bookingUrl": "https://purchase.everymancinema.com/startticketing/1006/23280",
        "notes": "43% of seats sold",
        "status": {
          "soldOut": false,
        },
        "time": 1738058400000,
      },
      {
        "accessibility": {},
        "bookingUrl": "https://purchase.everymancinema.com/startticketing/1006/23281",
        "notes": "0% of seats sold",
        "status": {
          "soldOut": false,
        },
        "time": 1738067400000,
      },
      {
        "accessibility": {
          "subtitled": true,
        },
        "bookingUrl": "https://purchase.everymancinema.com/startticketing/1006/23283",
        "notes": "0% of seats sold",
        "status": {
          "soldOut": false,
        },
        "time": 1738087200000,
      },
      {
        "accessibility": {},
        "bookingUrl": "https://purchase.everymancinema.com/startticketing/1006/23285",
        "notes": "0% of seats sold",
        "status": {
          "soldOut": false,
        },
        "time": 1738144800000,
      },
      {
        "accessibility": {},
        "bookingUrl": "https://purchase.everymancinema.com/startticketing/1006/23287",
        "notes": "1% of seats sold
Reduced ticket price for guests aged 55 and over, including a complimentary hot drink and a slice of cake",
        "status": {
          "soldOut": false,
        },
        "time": 1738164600000,
      },
      {
        "accessibility": {},
        "bookingUrl": "https://purchase.everymancinema.com/startticketing/1006/23288",
        "notes": "0% of seats sold",
        "status": {
          "soldOut": false,
        },
        "time": 1738173600000,
      },
      {
        "accessibility": {},
        "bookingUrl": "https://purchase.everymancinema.com/startticketing/1006/23290",
        "notes": "0% of seats sold",
        "status": {
          "soldOut": false,
        },
        "time": 1738232100000,
      },
      {
        "accessibility": {},
        "bookingUrl": "https://purchase.everymancinema.com/startticketing/1006/23291",
        "notes": "0% of seats sold",
        "status": {
          "soldOut": false,
        },
        "time": 1738240200000,
      },
      {
        "accessibility": {},
        "bookingUrl": "https://purchase.everymancinema.com/startticketing/1006/23293",
        "notes": "0% of seats sold",
        "status": {
          "soldOut": false,
        },
        "time": 1738260000000,
      },
    ],
    "title": "A Real Pain",
    "url": "https://www.everymancinema.com/film-listing/307411-a-real-pain",
  },
  {
    "overview": {
      "actors": [
        "Renée Zellweger",
        "Chiwetel Ejiofor",
        "Leo Woodall",
        "Hugh Grant",
        "Emma Thompson",
        "Isla Fisher",
        "Nico Parker",
        "Josette Simon",
        "Leila Farzad",
        "Sarah Solemani",
      ],
      "categories": [
        "Comedy",
        "Romance",
      ],
      "directors": [
        "Michael Morris",
      ],
      "duration": 7440000,
      "trailer": "https://www.youtube.com/watch?v=AZr9lYz12jw",
    },
    "performances": [
      {
        "accessibility": {},
        "bookingUrl": "https://purchase.everymancinema.com/startticketing/1006/23274",
        "notes": "5% of seats sold",
        "status": {
          "soldOut": false,
        },
        "time": 1739478600000,
      },
      {
        "accessibility": {},
        "bookingUrl": "https://purchase.everymancinema.com/startticketing/1006/23235",
        "notes": "4% of seats sold",
        "status": {
          "soldOut": false,
        },
        "time": 1739554200000,
      },
      {
        "accessibility": {},
        "bookingUrl": "https://purchase.everymancinema.com/startticketing/1006/23236",
        "notes": "8% of seats sold",
        "status": {
          "soldOut": false,
        },
        "time": 1739565000000,
      },
      {
        "accessibility": {},
        "bookingUrl": "https://purchase.everymancinema.com/startticketing/1006/23239",
        "notes": "3% of seats sold",
        "status": {
          "soldOut": false,
        },
        "time": 1739639700000,
      },
      {
        "accessibility": {},
        "bookingUrl": "https://purchase.everymancinema.com/startticketing/1006/23240",
        "notes": "1% of seats sold",
        "status": {
          "soldOut": false,
        },
        "time": 1739650500000,
      },
      {
        "accessibility": {},
        "bookingUrl": "https://purchase.everymancinema.com/startticketing/1006/23243",
        "notes": "1% of seats sold",
        "status": {
          "soldOut": false,
        },
        "time": 1739725200000,
      },
      {
        "accessibility": {},
        "bookingUrl": "https://purchase.everymancinema.com/startticketing/1006/23244",
        "notes": "0% of seats sold",
        "status": {
          "soldOut": false,
        },
        "time": 1739736000000,
      },
      {
        "accessibility": {},
        "bookingUrl": "https://purchase.everymancinema.com/startticketing/1006/23247",
        "notes": "0% of seats sold",
        "status": {
          "soldOut": false,
        },
        "time": 1739813400000,
      },
      {
        "accessibility": {},
        "bookingUrl": "https://purchase.everymancinema.com/startticketing/1006/23248",
        "notes": "4% of seats sold",
        "status": {
          "soldOut": false,
        },
        "time": 1739824200000,
      },
      {
        "accessibility": {},
        "bookingUrl": "https://purchase.everymancinema.com/startticketing/1006/23252",
        "notes": "0% of seats sold",
        "status": {
          "soldOut": false,
        },
        "time": 1739910600000,
      },
      {
        "accessibility": {},
        "bookingUrl": "https://purchase.everymancinema.com/startticketing/1006/23256",
        "notes": "0% of seats sold",
        "status": {
          "soldOut": false,
        },
        "time": 1739997000000,
      },
    ],
    "title": "Bridget Jones: Mad About the Boy",
    "url": "https://www.everymancinema.com/film-listing/1000000866-bridget-jones-mad-about-the-boy",
  },
  {
    "overview": {
      "actors": [],
      "categories": [
        "Documentary",
      ],
      "classification": "PG",
      "directors": [
        "David Bickerstaff",
      ],
      "duration": 5460000,
    },
    "performances": [
      {
        "accessibility": {},
        "bookingUrl": "https://purchase.everymancinema.com/startticketing/1006/23130",
        "notes": "1% of seats sold",
        "status": {
          "soldOut": false,
        },
        "time": 1747760400000,
      },
      {
        "accessibility": {},
        "bookingUrl": "https://purchase.everymancinema.com/startticketing/1006/23131",
        "notes": "0% of seats sold",
        "status": {
          "soldOut": false,
        },
        "time": 1747832400000,
      },
    ],
    "title": "Exhibition on Screen: Michelangelo Love and Death",
    "url": "https://www.everymancinema.com/film-listing/257835-exhibition-on-screen-michelangelo-love-and-death",
  },
  {
    "overview": {
      "actors": [
        "Rachel Sennott",
        "Gabriel LaBelle",
        "Cooper Hoffman",
        "Ella Hunt",
        "Emily Fairn",
      ],
      "categories": [
        "Comedy",
        "Drama",
      ],
      "directors": [
        "Jason Reitman",
      ],
      "duration": 6540000,
      "trailer": "https://www.youtube.com/watch?v=CV16GHIqtGE",
    },
    "performances": [
      {
        "accessibility": {},
        "bookingUrl": "https://purchase.everymancinema.com/startticketing/1006/23134",
        "notes": "6% of seats sold",
        "status": {
          "soldOut": false,
        },
        "time": 1737653400000,
      },
    ],
    "title": "Members’ Preview: Saturday Night",
    "url": "https://www.everymancinema.com/film-listing/1000017076-members-preview-saturday-night",
  },
  {
    "overview": {
      "actors": [],
      "categories": [],
      "classification": "15",
      "directors": [],
    },
    "performances": [
      {
        "accessibility": {},
        "bookingUrl": "https://purchase.everymancinema.com/startticketing/1006/23319",
        "notes": "0% of seats sold",
        "status": {
          "soldOut": false,
        },
        "time": 1738602000000,
      },
    ],
    "title": "Members’ Preview: September 5",
    "url": "https://www.everymancinema.com/film-listing/1000018250-members-preview-september-5",
  },
  {
    "overview": {
      "actors": [
        "Steve Coogan",
        "Giles Terera",
      ],
      "categories": [
        "Musical",
      ],
      "directors": [
        "Sean Foley",
      ],
      "duration": 9000000,
    },
    "performances": [
      {
        "accessibility": {},
        "bookingUrl": "https://purchase.everymancinema.com/startticketing/1006/23046",
        "notes": "2% of seats sold",
        "status": {
          "soldOut": false,
        },
        "time": 1743102000000,
      },
      {
        "accessibility": {},
        "bookingUrl": "https://purchase.everymancinema.com/startticketing/1006/23047",
        "notes": "0% of seats sold",
        "status": {
          "soldOut": false,
        },
        "time": 1743683400000,
      },
    ],
    "title": "National Theatre Live: Dr. Strangelove",
    "url": "https://www.everymancinema.com/film-listing/1000015783-national-theatre-live-dr-strangelove",
  },
  {
    "overview": {
      "actors": [
        "Ncuti Gatwa",
        "Hugh Skinner",
        "Sharon D. Clarke",
        "Ronke Adekoluejo",
        "Julian Bleach",
        "Shereener Browne",
        "Richard Cant",
        "Jasmine Kerr",
        "Amanda Lawrence",
        "Gillian McCafferty",
      ],
      "categories": [
        "Musical",
      ],
      "directors": [
        "Max Webster",
      ],
      "duration": 10800000,
      "trailer": "https://www.youtube.com/watch?v=aIAF60jBpbo",
    },
    "performances": [
      {
        "accessibility": {},
        "bookingUrl": "https://purchase.everymancinema.com/startticketing/1006/22591",
        "notes": "10% of seats sold",
        "status": {
          "soldOut": false,
        },
        "time": 1740078000000,
      },
      {
        "accessibility": {},
        "bookingUrl": "https://purchase.everymancinema.com/startticketing/1006/22592",
        "notes": "3% of seats sold",
        "status": {
          "soldOut": false,
        },
        "time": 1740574800000,
      },
    ],
    "title": "NT Live: The Importance of Being Earnest",
    "url": "https://www.everymancinema.com/film-listing/1000010290-nt-live-the-importance-of-being-earnest",
  },
  {
    "overview": {
      "actors": [
        "The Orchestra of the Royal Opera House",
      ],
      "categories": [
        "Opera",
      ],
      "directors": [
        "Christopher Wheeldon",
      ],
      "duration": 10800000,
    },
    "performances": [
      {
        "accessibility": {},
        "bookingUrl": "https://purchase.everymancinema.com/startticketing/1006/22179",
        "notes": "0% of seats sold",
        "status": {
          "soldOut": false,
        },
        "time": 1747936800000,
      },
    ],
    "title": "Royal Ballet and Opera: Ballet to Broadway: Wheeldon Works",
    "url": "https://www.everymancinema.com/film-listing/1000003759-royal-ballet-and-opera-ballet-to-broadway-wheeldon-works",
  },
  {
    "overview": {
      "actors": [
        "Christopher Maltman",
        "Soloman Howard",
        "Lise Davidsen",
        "Stanislas de Barbeyrac",
        "Marina Prudenskaya",
        "Elisabet Strid",
        "Maida Hundeling",
        "Katie Lowe",
        "Lee Bisset",
        "Claire Barnett-Jones",
      ],
      "categories": [
        "Opera",
      ],
      "directors": [
        "Barrie Kosky",
      ],
      "duration": 21900000,
    },
    "performances": [
      {
        "accessibility": {},
        "bookingUrl": "https://purchase.everymancinema.com/startticketing/1006/22180",
        "notes": "5% of seats sold",
        "status": {
          "soldOut": false,
        },
        "time": 1747237500000,
      },
    ],
    "title": "Royal Ballet and Opera: Die Walküre",
    "url": "https://www.everymancinema.com/film-listing/1000003756-royal-ballet-and-opera-die-walkure",
  },
  {
    "overview": {
      "actors": [
        "The Orchestra of the Royal Opera House",
      ],
      "categories": [
        "Opera",
      ],
      "directors": [
        "Kenneth MacMillan",
      ],
      "duration": 12600000,
    },
    "performances": [
      {
        "accessibility": {},
        "bookingUrl": "https://purchase.everymancinema.com/startticketing/1006/22142",
        "notes": "1% of seats sold",
        "status": {
          "soldOut": false,
        },
        "time": 1742497200000,
      },
    ],
    "title": "Royal Ballet and Opera: Romeo and Juliet",
    "url": "https://www.everymancinema.com/film-listing/1000003754-royal-ballet-and-opera-romeo-and-juliet",
  },
  {
    "overview": {
      "actors": [
        "Matthew Ball",
        "Yasmine Naghdi",
      ],
      "categories": [
        "Opera",
        "Musical",
      ],
      "classification": "12A",
      "directors": [
        "Liam Scarlett",
      ],
      "duration": 11700000,
      "trailer": "https://www.youtube.com/watch?v=ITU241Ypino",
    },
    "performances": [
      {
        "accessibility": {},
        "bookingUrl": "https://purchase.everymancinema.com/startticketing/1006/22141",
        "notes": "5% of seats sold",
        "status": {
          "soldOut": false,
        },
        "time": 1740682800000,
      },
    ],
    "title": "Royal Ballet and Opera: Swan Lake",
    "url": "https://www.everymancinema.com/film-listing/316805-royal-ballet-and-opera-swan-lake",
  },
  {
    "overview": {
      "actors": [
        "Sondra Radvanovsky",
        "SeokJong Baek",
        "Anna Princeva",
        "Adam Palka",
      ],
      "categories": [
        "Opera",
      ],
      "directors": [
        "Andrei Serban",
      ],
      "duration": 12300000,
    },
    "performances": [
      {
        "accessibility": {},
        "bookingUrl": "https://purchase.everymancinema.com/startticketing/1006/22143",
        "notes": "5% of seats sold",
        "status": {
          "soldOut": false,
        },
        "time": 1743530400000,
      },
    ],
    "title": "Royal Ballet and Opera: Turandot",
    "url": "https://www.everymancinema.com/film-listing/1000003755-royal-ballet-and-opera-turandot",
  },
  {
    "overview": {
      "actors": [
        "Angel Blue",
        "Judit Kutasi",
        "Piotr Beczala",
        "Quinn Kelsey",
        "Morris Robinson",
        "Harold Wilson",
      ],
      "categories": [
        "Opera",
      ],
      "directors": [
        "Yannick Nézet-Séguin",
      ],
      "duration": 13080000,
    },
    "performances": [
      {
        "accessibility": {},
        "bookingUrl": "https://purchase.everymancinema.com/startticketing/1006/22433",
        "notes": "67% of seats sold",
        "status": {
          "soldOut": false,
        },
        "time": 1737825300000,
      },
    ],
    "title": "The Metropolitan Opera: Aida",
    "url": "https://www.everymancinema.com/film-listing/328529-the-metropolitan-opera-aida",
  },
  {
    "overview": {
      "actors": [
        "Lise Davidsen",
        "Ying Fang",
        "David Butt Philip",
      ],
      "categories": [
        "Opera",
      ],
      "directors": [
        "Susanna Mälkki",
      ],
      "duration": 11100000,
    },
    "performances": [
      {
        "accessibility": {},
        "bookingUrl": "https://purchase.everymancinema.com/startticketing/1006/22432",
        "notes": "15% of seats sold",
        "status": {
          "soldOut": false,
        },
        "time": 1742057100000,
      },
    ],
    "title": "The Metropolitan Opera: Fidelio",
    "url": "https://www.everymancinema.com/film-listing/328530-the-metropolitan-opera-fidelio",
  },
  {
    "overview": {
      "actors": [
        "Aigul Akhmetshina",
        "Jack Swanson",
        "Andrey Zhilikhovsky",
      ],
      "categories": [
        "Opera",
      ],
      "directors": [
        "Giacomo Sagripanti",
      ],
      "duration": 12900000,
    },
    "performances": [
      {
        "accessibility": {},
        "bookingUrl": "https://purchase.everymancinema.com/startticketing/1006/22431",
        "notes": "7% of seats sold",
        "status": {
          "soldOut": false,
        },
        "time": 1748709900000,
      },
    ],
    "title": "The Metropolitan Opera: Il Barbiere di Siviglia",
    "url": "https://www.everymancinema.com/film-listing/328535-the-metropolitan-opera-il-barbiere-di-siviglia",
  },
  {
    "overview": {
      "actors": [
        "Marina Poplavskaya",
        "Isabel Leonard",
        "Peter Mattei (II)",
        "Ildar Abdrazakov",
      ],
      "categories": [
        "Opera",
      ],
      "directors": [],
      "duration": 13920000,
    },
    "performances": [
      {
        "accessibility": {},
        "bookingUrl": "https://purchase.everymancinema.com/startticketing/1006/22429",
        "notes": "15% of seats sold",
        "status": {
          "soldOut": false,
        },
        "time": 1745685900000,
      },
    ],
    "title": "The Metropolitan Opera: Le Nozze di Figaro",
    "url": "https://www.everymancinema.com/film-listing/227905-the-metropolitan-opera-le-nozze-di-figaro",
  },
  {
    "overview": {
      "actors": [
        "Elza van den Heever",
        "Michelle DeYoung",
        "Gerhard Siegel",
      ],
      "categories": [
        "Opera",
      ],
      "directors": [
        "Yannick Nézet-Séguin",
      ],
      "duration": 8100000,
    },
    "performances": [
      {
        "accessibility": {},
        "bookingUrl": "https://purchase.everymancinema.com/startticketing/1006/22430",
        "notes": "6% of seats sold",
        "status": {
          "soldOut": false,
        },
        "time": 1747500300000,
      },
    ],
    "title": "The Metropolitan Opera: Salome",
    "url": "https://www.everymancinema.com/film-listing/328533-the-metropolitan-opera-salome",
  },
]
`;
