// Jest Snapshot v1, https://goo.gl/fbAQLP

exports[`Everyman Hampstead retrieve and transform 1`] = `
[
  {
    "overview": {
      "actors": [
        "Timothée Chalamet",
        "Edward Norton",
        "Elle Fanning",
        "Monica Barbaro",
        "Boyd Holbrook",
        "Dan Fogler",
        "Norbert Leo Butz",
        "Nick Offerman",
        "P.J. Byrne",
        "Scoot McNairy",
      ],
      "categories": [
        "Biopic",
        "Music",
        "Drama",
      ],
      "classification": "15",
      "directors": [
        "James Mangold",
      ],
      "duration": 8400000,
      "trailer": "https://www.youtube.com/watch?v=FdV-Cs5o8mc",
    },
    "performances": [
      {
        "accessibility": {},
        "bookingUrl": "https://purchase.everymancinema.com/startticketing/9999/56283",
        "notes": "65% of seats sold",
        "status": {
          "soldOut": false,
        },
        "time": 1737660600000,
      },
      {
        "accessibility": {},
        "bookingUrl": "https://purchase.everymancinema.com/startticketing/9999/56392",
        "notes": "2% of seats sold",
        "status": {
          "soldOut": false,
        },
        "time": 1737726300000,
      },
      {
        "accessibility": {},
        "bookingUrl": "https://purchase.everymancinema.com/startticketing/9999/56393",
        "notes": "35% of seats sold",
        "status": {
          "soldOut": false,
        },
        "time": 1737738900000,
      },
      {
        "accessibility": {},
        "bookingUrl": "https://purchase.everymancinema.com/startticketing/9999/56394",
        "notes": "42% of seats sold",
        "status": {
          "soldOut": false,
        },
        "time": 1737750600000,
      },
      {
        "accessibility": {},
        "bookingUrl": "https://purchase.everymancinema.com/startticketing/9999/56396",
        "notes": "0% of seats sold",
        "status": {
          "soldOut": false,
        },
        "time": 1737806400000,
      },
      {
        "accessibility": {},
        "bookingUrl": "https://purchase.everymancinema.com/startticketing/9999/56397",
        "notes": "18% of seats sold",
        "status": {
          "soldOut": false,
        },
        "time": 1737818100000,
      },
      {
        "accessibility": {},
        "bookingUrl": "https://purchase.everymancinema.com/startticketing/9999/56408",
        "notes": "57% of seats sold",
        "status": {
          "soldOut": false,
        },
        "time": 1737837000000,
      },
      {
        "accessibility": {},
        "bookingUrl": "https://purchase.everymancinema.com/startticketing/9999/56409",
        "notes": "0% of seats sold",
        "status": {
          "soldOut": false,
        },
        "time": 1737885600000,
      },
      {
        "accessibility": {},
        "bookingUrl": "https://purchase.everymancinema.com/startticketing/9999/56401",
        "notes": "15% of seats sold",
        "status": {
          "soldOut": false,
        },
        "time": 1737910800000,
      },
      {
        "accessibility": {},
        "bookingUrl": "https://purchase.everymancinema.com/startticketing/9999/56402",
        "notes": "4% of seats sold",
        "status": {
          "soldOut": false,
        },
        "time": 1737922500000,
      },
      {
        "accessibility": {},
        "bookingUrl": "https://purchase.everymancinema.com/startticketing/9999/56426",
        "notes": "0% of seats sold
Reduced ticket price for guests aged 55 and over, including a complimentary hot drink and a slice of cake",
        "status": {
          "soldOut": false,
        },
        "time": 1737986400000,
      },
      {
        "accessibility": {},
        "bookingUrl": "https://purchase.everymancinema.com/startticketing/9999/56427",
        "notes": "13% of seats sold",
        "status": {
          "soldOut": false,
        },
        "time": 1737998100000,
      },
      {
        "accessibility": {},
        "bookingUrl": "https://purchase.everymancinema.com/startticketing/9999/56428",
        "notes": "11% of seats sold",
        "status": {
          "soldOut": false,
        },
        "time": 1738009800000,
      },
      {
        "accessibility": {
          "babyFriendly": true,
        },
        "bookingUrl": "https://purchase.everymancinema.com/startticketing/9999/56416",
        "notes": "2% of seats sold",
        "status": {
          "soldOut": false,
        },
        "time": 1738062900000,
      },
      {
        "accessibility": {},
        "bookingUrl": "https://purchase.everymancinema.com/startticketing/9999/56430",
        "notes": "0% of seats sold",
        "status": {
          "soldOut": false,
        },
        "time": 1738082700000,
      },
      {
        "accessibility": {},
        "bookingUrl": "https://purchase.everymancinema.com/startticketing/9999/56431",
        "notes": "4% of seats sold",
        "status": {
          "soldOut": false,
        },
        "time": 1738094400000,
      },
      {
        "accessibility": {},
        "bookingUrl": "https://purchase.everymancinema.com/startticketing/9999/56432",
        "notes": "0% of seats sold",
        "status": {
          "soldOut": false,
        },
        "time": 1738147500000,
      },
      {
        "accessibility": {},
        "bookingUrl": "https://purchase.everymancinema.com/startticketing/9999/56434",
        "notes": "0% of seats sold",
        "status": {
          "soldOut": false,
        },
        "time": 1738170900000,
      },
      {
        "accessibility": {},
        "bookingUrl": "https://purchase.everymancinema.com/startticketing/9999/56435",
        "notes": "0% of seats sold",
        "status": {
          "soldOut": false,
        },
        "time": 1738182600000,
      },
      {
        "accessibility": {},
        "bookingUrl": "https://purchase.everymancinema.com/startticketing/9999/56437",
        "notes": "0% of seats sold",
        "status": {
          "soldOut": false,
        },
        "time": 1738244700000,
      },
      {
        "accessibility": {},
        "bookingUrl": "https://purchase.everymancinema.com/startticketing/9999/56438",
        "notes": "0% of seats sold",
        "status": {
          "soldOut": false,
        },
        "time": 1738257300000,
      },
      {
        "accessibility": {},
        "bookingUrl": "https://purchase.everymancinema.com/startticketing/9999/56439",
        "notes": "0% of seats sold",
        "status": {
          "soldOut": false,
        },
        "time": 1738269000000,
      },
    ],
    "title": "A Complete Unknown",
    "url": "https://www.everymancinema.com/film-listing/280195-a-complete-unknown",
  },
  {
    "overview": {
      "actors": [
        "Renée Zellweger",
        "Chiwetel Ejiofor",
        "Leo Woodall",
        "Hugh Grant",
        "Emma Thompson",
        "Isla Fisher",
        "Nico Parker",
        "Josette Simon",
        "Leila Farzad",
        "Sarah Solemani",
      ],
      "categories": [
        "Comedy",
        "Romance",
      ],
      "directors": [
        "Michael Morris",
      ],
      "duration": 7440000,
      "trailer": "https://www.youtube.com/watch?v=AZr9lYz12jw",
    },
    "performances": [
      {
        "accessibility": {},
        "bookingUrl": "https://purchase.everymancinema.com/startticketing/9999/56253",
        "notes": "6% of seats sold",
        "status": {
          "soldOut": false,
        },
        "time": 1739453400000,
      },
      {
        "accessibility": {},
        "bookingUrl": "https://purchase.everymancinema.com/startticketing/9999/56254",
        "notes": "3% of seats sold",
        "status": {
          "soldOut": false,
        },
        "time": 1739464200000,
      },
      {
        "accessibility": {},
        "bookingUrl": "https://purchase.everymancinema.com/startticketing/9999/56255",
        "notes": "18% of seats sold",
        "status": {
          "soldOut": false,
        },
        "time": 1739475000000,
      },
      {
        "accessibility": {},
        "bookingUrl": "https://purchase.everymancinema.com/startticketing/9999/56261",
        "notes": "10% of seats sold",
        "status": {
          "soldOut": false,
        },
        "time": 1739478600000,
      },
      {
        "accessibility": {},
        "bookingUrl": "https://purchase.everymancinema.com/startticketing/9999/56316",
        "notes": "5% of seats sold",
        "status": {
          "soldOut": false,
        },
        "time": 1739530800000,
      },
      {
        "accessibility": {},
        "bookingUrl": "https://purchase.everymancinema.com/startticketing/9999/56317",
        "notes": "0% of seats sold",
        "status": {
          "soldOut": false,
        },
        "time": 1739541600000,
      },
      {
        "accessibility": {},
        "bookingUrl": "https://purchase.everymancinema.com/startticketing/9999/56318",
        "notes": "14% of seats sold",
        "status": {
          "soldOut": false,
        },
        "time": 1739552400000,
      },
      {
        "accessibility": {},
        "bookingUrl": "https://purchase.everymancinema.com/startticketing/9999/56319",
        "notes": "79% of seats sold",
        "status": {
          "soldOut": false,
        },
        "time": 1739563200000,
      },
      {
        "accessibility": {},
        "bookingUrl": "https://purchase.everymancinema.com/startticketing/9999/56321",
        "notes": "3% of seats sold",
        "status": {
          "soldOut": false,
        },
        "time": 1739617200000,
      },
      {
        "accessibility": {},
        "bookingUrl": "https://purchase.everymancinema.com/startticketing/9999/56322",
        "notes": "1% of seats sold",
        "status": {
          "soldOut": false,
        },
        "time": 1739628000000,
      },
      {
        "accessibility": {},
        "bookingUrl": "https://purchase.everymancinema.com/startticketing/9999/56323",
        "notes": "17% of seats sold",
        "status": {
          "soldOut": false,
        },
        "time": 1739638800000,
      },
      {
        "accessibility": {},
        "bookingUrl": "https://purchase.everymancinema.com/startticketing/9999/56324",
        "notes": "24% of seats sold",
        "status": {
          "soldOut": false,
        },
        "time": 1739649600000,
      },
      {
        "accessibility": {},
        "bookingUrl": "https://purchase.everymancinema.com/startticketing/9999/56325",
        "notes": "0% of seats sold",
        "status": {
          "soldOut": false,
        },
        "time": 1739701800000,
      },
      {
        "accessibility": {},
        "bookingUrl": "https://purchase.everymancinema.com/startticketing/9999/56326",
        "notes": "4% of seats sold",
        "status": {
          "soldOut": false,
        },
        "time": 1739712600000,
      },
      {
        "accessibility": {},
        "bookingUrl": "https://purchase.everymancinema.com/startticketing/9999/56327",
        "notes": "0% of seats sold",
        "status": {
          "soldOut": false,
        },
        "time": 1739723400000,
      },
      {
        "accessibility": {},
        "bookingUrl": "https://purchase.everymancinema.com/startticketing/9999/56328",
        "notes": "8% of seats sold",
        "status": {
          "soldOut": false,
        },
        "time": 1739734200000,
      },
      {
        "accessibility": {},
        "bookingUrl": "https://purchase.everymancinema.com/startticketing/9999/56329",
        "notes": "0% of seats sold",
        "status": {
          "soldOut": false,
        },
        "time": 1739788200000,
      },
      {
        "accessibility": {},
        "bookingUrl": "https://purchase.everymancinema.com/startticketing/9999/56330",
        "notes": "0% of seats sold",
        "status": {
          "soldOut": false,
        },
        "time": 1739799000000,
      },
      {
        "accessibility": {},
        "bookingUrl": "https://purchase.everymancinema.com/startticketing/9999/56331",
        "notes": "0% of seats sold",
        "status": {
          "soldOut": false,
        },
        "time": 1739809800000,
      },
      {
        "accessibility": {},
        "bookingUrl": "https://purchase.everymancinema.com/startticketing/9999/56332",
        "notes": "3% of seats sold",
        "status": {
          "soldOut": false,
        },
        "time": 1739820600000,
      },
      {
        "accessibility": {},
        "bookingUrl": "https://purchase.everymancinema.com/startticketing/9999/56336",
        "notes": "0% of seats sold",
        "status": {
          "soldOut": false,
        },
        "time": 1739907000000,
      },
      {
        "accessibility": {},
        "bookingUrl": "https://purchase.everymancinema.com/startticketing/9999/56340",
        "notes": "0% of seats sold",
        "status": {
          "soldOut": false,
        },
        "time": 1739993400000,
      },
      {
        "accessibility": {},
        "bookingUrl": "https://purchase.everymancinema.com/startticketing/9999/56377",
        "notes": "0% of seats sold",
        "status": {
          "soldOut": false,
        },
        "time": 1740072600000,
      },
      {
        "accessibility": {},
        "bookingUrl": "https://purchase.everymancinema.com/startticketing/9999/56378",
        "notes": "3% of seats sold",
        "status": {
          "soldOut": false,
        },
        "time": 1740083400000,
      },
    ],
    "title": "Bridget Jones: Mad About the Boy",
    "url": "https://www.everymancinema.com/film-listing/1000000866-bridget-jones-mad-about-the-boy",
  },
  {
    "overview": {
      "actors": [
        "Angelina Jolie",
        "Pierfrancesco Favino",
        "Alba Rohrwacher",
        "Haluk Bilginer",
        "Kodi Smit-McPhee",
        "Stephen Ashfield",
        "Valeria Golino",
        "Caspar Phillipson",
        "Vincent Macaigne",
        "Lydia Koniordou",
      ],
      "categories": [
        "Biopic",
      ],
      "classification": "12A",
      "directors": [
        "Pablo Larraín",
      ],
      "duration": 7380000,
      "trailer": "https://www.youtube.com/watch?v=4l1J14b96d4",
    },
    "performances": [
      {
        "accessibility": {},
        "bookingUrl": "https://purchase.everymancinema.com/startticketing/9999/56391",
        "notes": "1% of seats sold",
        "status": {
          "soldOut": false,
        },
        "time": 1737715500000,
      },
      {
        "accessibility": {},
        "bookingUrl": "https://purchase.everymancinema.com/startticketing/9999/56410",
        "notes": "21% of seats sold",
        "status": {
          "soldOut": false,
        },
        "time": 1737907200000,
      },
      {
        "accessibility": {},
        "bookingUrl": "https://purchase.everymancinema.com/startticketing/9999/56425",
        "notes": "3% of seats sold",
        "status": {
          "soldOut": false,
        },
        "time": 1737974700000,
      },
      {
        "accessibility": {},
        "bookingUrl": "https://purchase.everymancinema.com/startticketing/9999/56420",
        "notes": "0% of seats sold",
        "status": {
          "soldOut": false,
        },
        "time": 1738166400000,
      },
      {
        "accessibility": {
          "babyFriendly": true,
        },
        "bookingUrl": "https://purchase.everymancinema.com/startticketing/9999/56422",
        "notes": "3% of seats sold",
        "status": {
          "soldOut": false,
        },
        "time": 1738236600000,
      },
    ],
    "title": "Maria",
    "url": "https://www.everymancinema.com/film-listing/309615-maria",
  },
  {
    "overview": {
      "actors": [
        "Rachel Sennott",
        "Gabriel LaBelle",
        "Cooper Hoffman",
        "Ella Hunt",
        "Emily Fairn",
      ],
      "categories": [
        "Comedy",
        "Drama",
      ],
      "directors": [
        "Jason Reitman",
      ],
      "duration": 6540000,
      "trailer": "https://www.youtube.com/watch?v=CV16GHIqtGE",
    },
    "performances": [
      {
        "accessibility": {},
        "bookingUrl": "https://purchase.everymancinema.com/startticketing/9999/56170",
        "notes": "23% of seats sold",
        "status": {
          "soldOut": false,
        },
        "time": 1737664200000,
      },
    ],
    "title": "Members’ Preview: Saturday Night",
    "url": "https://www.everymancinema.com/film-listing/1000017076-members-preview-saturday-night",
  },
  {
    "overview": {
      "actors": [],
      "categories": [],
      "classification": "15",
      "directors": [],
    },
    "performances": [
      {
        "accessibility": {},
        "bookingUrl": "https://purchase.everymancinema.com/startticketing/9999/56383",
        "notes": "3% of seats sold",
        "status": {
          "soldOut": false,
        },
        "time": 1738605600000,
      },
    ],
    "title": "Members’ Preview: September 5",
    "url": "https://www.everymancinema.com/film-listing/1000018250-members-preview-september-5",
  },
  {
    "overview": {
      "actors": [
        "Aaron Pierre",
        "Kelvin Harrison Jr.",
        "Seth Rogen",
        "Billy Eichner",
        "Blue Ivy Carter",
        "John Kani",
        "Donald Glover",
        "Beyoncé Knowles-Carter",
        "Mads Mikkelsen",
        "Tiffany Boone",
      ],
      "categories": [
        "Animation",
        "Music",
        "Adventure",
        "Family",
      ],
      "classification": "PG",
      "directors": [
        "Barry Jenkins",
      ],
      "duration": 7080000,
      "trailer": "https://www.youtube.com/watch?v=lMXh6vjiZrI",
    },
    "performances": [
      {
        "accessibility": {},
        "bookingUrl": "https://purchase.everymancinema.com/startticketing/9999/56399",
        "notes": "0% of seats sold",
        "status": {
          "soldOut": false,
        },
        "time": 1737883800000,
      },
    ],
    "title": "Mufasa: The Lion King",
    "url": "https://www.everymancinema.com/film-listing/286777-mufasa-the-lion-king",
  },
  {
    "overview": {
      "actors": [
        "Steve Coogan",
        "Giles Terera",
      ],
      "categories": [
        "Musical",
      ],
      "directors": [
        "Sean Foley",
      ],
      "duration": 9000000,
    },
    "performances": [
      {
        "accessibility": {},
        "bookingUrl": "https://purchase.everymancinema.com/startticketing/9999/55905",
        "notes": "4% of seats sold",
        "status": {
          "soldOut": false,
        },
        "time": 1743103800000,
      },
      {
        "accessibility": {},
        "bookingUrl": "https://purchase.everymancinema.com/startticketing/9999/55906",
        "notes": "1% of seats sold",
        "status": {
          "soldOut": false,
        },
        "time": 1743276600000,
      },
      {
        "accessibility": {},
        "bookingUrl": "https://purchase.everymancinema.com/startticketing/9999/55907",
        "notes": "1% of seats sold",
        "status": {
          "soldOut": false,
        },
        "time": 1743683400000,
      },
    ],
    "title": "National Theatre Live: Dr. Strangelove",
    "url": "https://www.everymancinema.com/film-listing/1000015783-national-theatre-live-dr-strangelove",
  },
  {
    "overview": {
      "actors": [
        "Lily-Rose Depp",
        "Nicholas Hoult",
        "Bill Skarsgård",
        "Aaron Taylor-Johnson",
        "Willem Dafoe",
        "Emma Corrin",
        "Ralph Ineson",
        "Simon McBurney",
        "Adéla Hesová",
        "Milena Konstantinova",
      ],
      "categories": [
        "Horror",
      ],
      "classification": "15",
      "directors": [
        "Robert Eggers",
      ],
      "duration": 7920000,
      "trailer": "https://www.youtube.com/watch?v=nulvWqYUM8k",
    },
    "performances": [
      {
        "accessibility": {},
        "bookingUrl": "https://purchase.everymancinema.com/startticketing/9999/56414",
        "notes": "0% of seats sold",
        "status": {
          "soldOut": false,
        },
        "time": 1737993600000,
      },
      {
        "accessibility": {},
        "bookingUrl": "https://purchase.everymancinema.com/startticketing/9999/56433",
        "notes": "0% of seats sold",
        "status": {
          "soldOut": false,
        },
        "time": 1738160100000,
      },
    ],
    "title": "Nosferatu",
    "url": "https://www.everymancinema.com/film-listing/239839-nosferatu",
  },
  {
    "overview": {
      "actors": [
        "Ncuti Gatwa",
        "Hugh Skinner",
        "Sharon D. Clarke",
        "Ronke Adekoluejo",
        "Julian Bleach",
        "Shereener Browne",
        "Richard Cant",
        "Jasmine Kerr",
        "Amanda Lawrence",
        "Gillian McCafferty",
      ],
      "categories": [
        "Musical",
      ],
      "directors": [
        "Max Webster",
      ],
      "duration": 10800000,
      "trailer": "https://www.youtube.com/watch?v=aIAF60jBpbo",
    },
    "performances": [
      {
        "accessibility": {},
        "bookingUrl": "https://purchase.everymancinema.com/startticketing/9999/54831",
        "notes": "11% of seats sold",
        "status": {
          "soldOut": false,
        },
        "time": 1740079800000,
      },
      {
        "accessibility": {},
        "bookingUrl": "https://purchase.everymancinema.com/startticketing/9999/54833",
        "notes": "3% of seats sold",
        "status": {
          "soldOut": false,
        },
        "time": 1740574800000,
      },
    ],
    "title": "NT Live: The Importance of Being Earnest",
    "url": "https://www.everymancinema.com/film-listing/1000010290-nt-live-the-importance-of-being-earnest",
  },
  {
    "overview": {
      "actors": [
        "The Orchestra of the Royal Opera House",
      ],
      "categories": [
        "Opera",
      ],
      "directors": [
        "Christopher Wheeldon",
      ],
      "duration": 10800000,
    },
    "performances": [
      {
        "accessibility": {},
        "bookingUrl": "https://purchase.everymancinema.com/startticketing/9999/54001",
        "notes": "0% of seats sold",
        "status": {
          "soldOut": false,
        },
        "time": 1748348100000,
      },
    ],
    "title": "Royal Ballet and Opera: Ballet to Broadway: Wheeldon Works",
    "url": "https://www.everymancinema.com/film-listing/1000003759-royal-ballet-and-opera-ballet-to-broadway-wheeldon-works",
  },
  {
    "overview": {
      "actors": [
        "Christopher Maltman",
        "Soloman Howard",
        "Lise Davidsen",
        "Stanislas de Barbeyrac",
        "Marina Prudenskaya",
        "Elisabet Strid",
        "Maida Hundeling",
        "Katie Lowe",
        "Lee Bisset",
        "Claire Barnett-Jones",
      ],
      "categories": [
        "Opera",
      ],
      "directors": [
        "Barrie Kosky",
      ],
      "duration": 21900000,
    },
    "performances": [
      {
        "accessibility": {},
        "bookingUrl": "https://purchase.everymancinema.com/startticketing/9999/54002",
        "notes": "5% of seats sold",
        "status": {
          "soldOut": false,
        },
        "time": 1747740600000,
      },
    ],
    "title": "Royal Ballet and Opera: Die Walküre",
    "url": "https://www.everymancinema.com/film-listing/1000003756-royal-ballet-and-opera-die-walkure",
  },
  {
    "overview": {
      "actors": [
        "The Orchestra of the Royal Opera House",
      ],
      "categories": [
        "Opera",
      ],
      "directors": [
        "Kenneth MacMillan",
      ],
      "duration": 12600000,
    },
    "performances": [
      {
        "accessibility": {},
        "bookingUrl": "https://purchase.everymancinema.com/startticketing/9999/54005",
        "notes": "1% of seats sold",
        "status": {
          "soldOut": false,
        },
        "time": 1742907600000,
      },
    ],
    "title": "Royal Ballet and Opera: Romeo and Juliet",
    "url": "https://www.everymancinema.com/film-listing/1000003754-royal-ballet-and-opera-romeo-and-juliet",
  },
  {
    "overview": {
      "actors": [
        "Matthew Ball",
        "Yasmine Naghdi",
      ],
      "categories": [
        "Opera",
        "Musical",
      ],
      "classification": "12A",
      "directors": [
        "Liam Scarlett",
      ],
      "duration": 11700000,
      "trailer": "https://www.youtube.com/watch?v=ITU241Ypino",
    },
    "performances": [
      {
        "accessibility": {},
        "bookingUrl": "https://purchase.everymancinema.com/startticketing/9999/54006",
        "notes": "1% of seats sold",
        "status": {
          "soldOut": false,
        },
        "time": 1741093200000,
      },
    ],
    "title": "Royal Ballet and Opera: Swan Lake",
    "url": "https://www.everymancinema.com/film-listing/316805-royal-ballet-and-opera-swan-lake",
  },
  {
    "overview": {
      "actors": [
        "Sondra Radvanovsky",
        "SeokJong Baek",
        "Anna Princeva",
        "Adam Palka",
      ],
      "categories": [
        "Opera",
      ],
      "directors": [
        "Andrei Serban",
      ],
      "duration": 12300000,
    },
    "performances": [
      {
        "accessibility": {},
        "bookingUrl": "https://purchase.everymancinema.com/startticketing/9999/54003",
        "notes": "0% of seats sold",
        "status": {
          "soldOut": false,
        },
        "time": 1744113600000,
      },
    ],
    "title": "Royal Ballet and Opera: Turandot",
    "url": "https://www.everymancinema.com/film-listing/1000003755-royal-ballet-and-opera-turandot",
  },
  {
    "overview": {
      "actors": [
        "Adrien Brody",
        "Felicity Jones",
        "Guy Pearce",
        "Joe Alwyn",
        "Raffey Cassidy",
        "Stacy Martin",
        "Isaach de Bankolé",
        "Alessandro Nivola",
        "Emma Laird",
        "Jonathan Hyde",
      ],
      "categories": [
        "Drama",
        "Romance",
      ],
      "classification": "18",
      "directors": [
        "Brady Corbet",
      ],
      "duration": 12840000,
    },
    "performances": [
      {
        "accessibility": {},
        "bookingUrl": "https://purchase.everymancinema.com/startticketing/9999/56404",
        "notes": "34% of seats sold",
        "status": {
          "soldOut": false,
        },
        "time": 1737729900000,
      },
      {
        "accessibility": {},
        "bookingUrl": "https://purchase.everymancinema.com/startticketing/9999/56405",
        "notes": "91% of seats sold",
        "status": {
          "soldOut": false,
        },
        "time": 1737746100000,
      },
      {
        "accessibility": {},
        "bookingUrl": "https://purchase.everymancinema.com/startticketing/9999/56407",
        "notes": "59% of seats sold",
        "status": {
          "soldOut": false,
        },
        "time": 1737820800000,
      },
      {
        "accessibility": {},
        "bookingUrl": "https://purchase.everymancinema.com/startticketing/9999/56398",
        "notes": "65% of seats sold",
        "status": {
          "soldOut": false,
        },
        "time": 1737831600000,
      },
      {
        "accessibility": {},
        "bookingUrl": "https://purchase.everymancinema.com/startticketing/9999/56400",
        "notes": "21% of seats sold",
        "status": {
          "soldOut": false,
        },
        "time": 1737894600000,
      },
      {
        "accessibility": {},
        "bookingUrl": "https://purchase.everymancinema.com/startticketing/9999/56412",
        "notes": "49% of seats sold",
        "status": {
          "soldOut": false,
        },
        "time": 1737918000000,
      },
      {
        "accessibility": {},
        "bookingUrl": "https://purchase.everymancinema.com/startticketing/9999/56413",
        "notes": "0% of seats sold",
        "status": {
          "soldOut": false,
        },
        "time": 1737977400000,
      },
      {
        "accessibility": {},
        "bookingUrl": "https://purchase.everymancinema.com/startticketing/9999/56415",
        "notes": "10% of seats sold",
        "status": {
          "soldOut": false,
        },
        "time": 1738004400000,
      },
      {
        "accessibility": {
          "subtitled": true,
        },
        "bookingUrl": "https://purchase.everymancinema.com/startticketing/9999/56417",
        "notes": "6% of seats sold",
        "status": {
          "soldOut": false,
        },
        "time": 1738074600000,
      },
      {
        "accessibility": {},
        "bookingUrl": "https://purchase.everymancinema.com/startticketing/9999/56418",
        "notes": "2% of seats sold",
        "status": {
          "soldOut": false,
        },
        "time": 1738090800000,
      },
      {
        "accessibility": {},
        "bookingUrl": "https://purchase.everymancinema.com/startticketing/9999/56419",
        "notes": "3% of seats sold
Reduced ticket price for guests aged 55 and over, including a complimentary hot drink and a slice of cake",
        "status": {
          "soldOut": false,
        },
        "time": 1738150200000,
      },
      {
        "accessibility": {},
        "bookingUrl": "https://purchase.everymancinema.com/startticketing/9999/56421",
        "notes": "3% of seats sold",
        "status": {
          "soldOut": false,
        },
        "time": 1738177200000,
      },
      {
        "accessibility": {},
        "bookingUrl": "https://purchase.everymancinema.com/startticketing/9999/56423",
        "notes": "3% of seats sold",
        "status": {
          "soldOut": false,
        },
        "time": 1738247400000,
      },
      {
        "accessibility": {},
        "bookingUrl": "https://purchase.everymancinema.com/startticketing/9999/56424",
        "notes": "3% of seats sold",
        "status": {
          "soldOut": false,
        },
        "time": 1738263600000,
      },
    ],
    "title": "The Brutalist",
    "url": "https://www.everymancinema.com/film-listing/269838-the-brutalist",
  },
  {
    "overview": {
      "actors": [
        "Angel Blue",
        "Judit Kutasi",
        "Piotr Beczala",
        "Quinn Kelsey",
        "Morris Robinson",
        "Harold Wilson",
      ],
      "categories": [
        "Opera",
      ],
      "directors": [
        "Yannick Nézet-Séguin",
      ],
      "duration": 13080000,
    },
    "performances": [
      {
        "accessibility": {},
        "bookingUrl": "https://purchase.everymancinema.com/startticketing/9999/54455",
        "notes": "17% of seats sold",
        "status": {
          "soldOut": false,
        },
        "time": 1738067400000,
      },
    ],
    "title": "The Metropolitan Opera: Aida",
    "url": "https://www.everymancinema.com/film-listing/328529-the-metropolitan-opera-aida",
  },
  {
    "overview": {
      "actors": [
        "Lise Davidsen",
        "Ying Fang",
        "David Butt Philip",
      ],
      "categories": [
        "Opera",
      ],
      "directors": [
        "Susanna Mälkki",
      ],
      "duration": 11100000,
    },
    "performances": [
      {
        "accessibility": {},
        "bookingUrl": "https://purchase.everymancinema.com/startticketing/9999/54456",
        "notes": "6% of seats sold",
        "status": {
          "soldOut": false,
        },
        "time": 1742301000000,
      },
    ],
    "title": "The Metropolitan Opera: Fidelio",
    "url": "https://www.everymancinema.com/film-listing/328530-the-metropolitan-opera-fidelio",
  },
  {
    "overview": {
      "actors": [
        "Marina Poplavskaya",
        "Isabel Leonard",
        "Peter Mattei (II)",
        "Ildar Abdrazakov",
      ],
      "categories": [
        "Opera",
      ],
      "directors": [],
      "duration": 13920000,
    },
    "performances": [
      {
        "accessibility": {},
        "bookingUrl": "https://purchase.everymancinema.com/startticketing/9999/54457",
        "notes": "6% of seats sold",
        "status": {
          "soldOut": false,
        },
        "time": 1745925300000,
      },
    ],
    "title": "The Metropolitan Opera: Le Nozze di Figaro",
    "url": "https://www.everymancinema.com/film-listing/227905-the-metropolitan-opera-le-nozze-di-figaro",
  },
  {
    "overview": {
      "actors": [
        "Elza van den Heever",
        "Michelle DeYoung",
        "Gerhard Siegel",
      ],
      "categories": [
        "Opera",
      ],
      "directors": [
        "Yannick Nézet-Séguin",
      ],
      "duration": 8100000,
    },
    "performances": [
      {
        "accessibility": {},
        "bookingUrl": "https://purchase.everymancinema.com/startticketing/9999/54458",
        "notes": "7% of seats sold",
        "status": {
          "soldOut": false,
        },
        "time": 1747825200000,
      },
    ],
    "title": "The Metropolitan Opera: Salome",
    "url": "https://www.everymancinema.com/film-listing/328533-the-metropolitan-opera-salome",
  },
  {
    "overview": {
      "actors": [
        "Kristen Bell",
        "Idina Menzel",
        "Jonathan Groff (II)",
        "Josh Gad",
        "Alan Tudyk",
      ],
      "categories": [
        "Animation",
        "Adventure",
        "Fantasy",
        "Musical",
      ],
      "directors": [
        "Chris Buck",
        "Jennifer Lee",
      ],
      "duration": 6120000,
      "trailer": "https://www.youtube.com/watch?v=TbQm5doF_Uc",
    },
    "performances": [
      {
        "accessibility": {
          "babyFriendly": true,
        },
        "bookingUrl": "https://purchase.everymancinema.com/startticketing/9999/56149",
        "notes": "6% of seats sold",
        "status": {
          "soldOut": false,
        },
        "time": 1738315800000,
      },
    ],
    "title": "Toddler Club: Frozen",
    "url": "https://www.everymancinema.com/film-listing/1000017083-toddler-club-frozen",
  },
  {
    "overview": {
      "actors": [
        "Hugh Bonneville",
        "Olivia Colman",
        "Antonio Banderas",
        "Carla Tous",
      ],
      "categories": [
        "Adventure",
        "Family",
        "Comedy",
      ],
      "classification": "PG",
      "directors": [
        "Dougal Wilson",
      ],
      "duration": 6360000,
      "trailer": "https://www.youtube.com/watch?v=NTvudSGfHRI",
    },
    "performances": [
      {
        "accessibility": {
          "babyFriendly": true,
        },
        "bookingUrl": "https://purchase.everymancinema.com/startticketing/9999/56150",
        "notes": "10% of seats sold",
        "status": {
          "soldOut": false,
        },
        "time": 1737711000000,
      },
      {
        "accessibility": {
          "babyFriendly": true,
        },
        "bookingUrl": "https://purchase.everymancinema.com/startticketing/9999/56395",
        "notes": "8% of seats sold",
        "status": {
          "soldOut": false,
        },
        "time": 1737797400000,
      },
    ],
    "title": "Toddler Club: Paddington in Peru",
    "url": "https://www.everymancinema.com/film-listing/1000017082-toddler-club-paddington-in-peru",
  },
  {
    "overview": {
      "actors": [
        "Andrew Garfield",
        "Florence Pugh",
        "Aoife Hinds",
        "Adam James",
        "Grace Delaney",
        "Lee Braithwaite",
        "Douglas Hodge",
        "Marama Corlett",
        "Nikhil Parmar",
        "Amy Morgan",
      ],
      "categories": [
        "Comedy drama",
        "Romance",
        "Drama",
      ],
      "classification": "15",
      "directors": [
        "John Crowley",
      ],
      "duration": 6480000,
      "trailer": "https://www.youtube.com/watch?v=MH02yagHaNw",
    },
    "performances": [
      {
        "accessibility": {},
        "bookingUrl": "https://purchase.everymancinema.com/startticketing/9999/56281",
        "notes": "19% of seats sold",
        "status": {
          "soldOut": false,
        },
        "time": 1737654600000,
      },
      {
        "accessibility": {},
        "bookingUrl": "https://purchase.everymancinema.com/startticketing/9999/56403",
        "notes": "0% of seats sold",
        "status": {
          "soldOut": false,
        },
        "time": 1737720000000,
      },
      {
        "accessibility": {},
        "bookingUrl": "https://purchase.everymancinema.com/startticketing/9999/56406",
        "notes": "10% of seats sold",
        "status": {
          "soldOut": false,
        },
        "time": 1737810900000,
      },
      {
        "accessibility": {},
        "bookingUrl": "https://purchase.everymancinema.com/startticketing/9999/56411",
        "notes": "0% of seats sold",
        "status": {
          "soldOut": false,
        },
        "time": 1737897300000,
      },
      {
        "accessibility": {},
        "bookingUrl": "https://purchase.everymancinema.com/startticketing/9999/56429",
        "notes": "0% of seats sold",
        "status": {
          "soldOut": false,
        },
        "time": 1738058400000,
      },
      {
        "accessibility": {},
        "bookingUrl": "https://purchase.everymancinema.com/startticketing/9999/56436",
        "notes": "0% of seats sold",
        "status": {
          "soldOut": false,
        },
        "time": 1738234800000,
      },
    ],
    "title": "We Live In Time",
    "url": "https://www.everymancinema.com/film-listing/314383-we-live-in-time",
  },
]
`;
