// Jest Snapshot v1, https://goo.gl/fbAQLP

exports[`The Lexi Cinema retrieve and transform 1`] = `
[
  {
    "overview": {
      "actors": [
        "Timoth√©e Chalamet",
        "Monica Barbaro",
        "Scoot McNairy",
      ],
      "categories": [],
      "classification": "15",
      "directors": [
        "James Mangold",
      ],
      "duration": 8400000,
    },
    "performances": [
      {
        "accessibility": {},
        "bookingUrl": "https://thelexicinema.co.uk/TheLexiCinema.dll/Booking?Booking=TSelectItems.waSelectItemsPrompt.TcsWebMenuItem_0.TcsWebTab_0.TcsPerformance_8511528.TcsSection_5209705",
        "notes": "",
        "screen": "1",
        "status": {
          "soldOut": true,
        },
        "time": 1737658800000,
      },
      {
        "accessibility": {},
        "bookingUrl": "https://thelexicinema.co.uk/TheLexiCinema.dll/Booking?Booking=TSelectItems.waSelectItemsPrompt.TcsWebMenuItem_0.TcsWebTab_0.TcsPerformance_8547909.TcsSection_5209705",
        "notes": "",
        "screen": "1",
        "status": {
          "soldOut": false,
        },
        "time": 1737749700000,
      },
      {
        "accessibility": {},
        "bookingUrl": "https://thelexicinema.co.uk/TheLexiCinema.dll/Booking?Booking=TSelectItems.waSelectItemsPrompt.TcsWebMenuItem_0.TcsWebTab_0.TcsPerformance_8547913.TcsSection_5209807",
        "notes": "",
        "screen": "2",
        "status": {
          "soldOut": false,
        },
        "time": 1737823500000,
      },
      {
        "accessibility": {},
        "bookingUrl": "https://thelexicinema.co.uk/TheLexiCinema.dll/Booking?Booking=TSelectItems.waSelectItemsPrompt.TcsWebMenuItem_0.TcsWebTab_0.TcsPerformance_8547917.TcsSection_5209807",
        "notes": "",
        "screen": "2",
        "status": {
          "soldOut": false,
        },
        "time": 1737910800000,
      },
      {
        "accessibility": {},
        "bookingUrl": "https://thelexicinema.co.uk/TheLexiCinema.dll/Booking?Booking=TSelectItems.waSelectItemsPrompt.TcsWebMenuItem_0.TcsWebTab_0.TcsPerformance_8547929.TcsSection_5209807",
        "notes": "",
        "screen": "2",
        "status": {
          "soldOut": false,
        },
        "time": 1738008900000,
      },
      {
        "accessibility": {
          "hardOfHearing": true,
        },
        "bookingUrl": "https://thelexicinema.co.uk/TheLexiCinema.dll/Booking?Booking=TSelectItems.waSelectItemsPrompt.TcsWebMenuItem_0.TcsWebTab_0.TcsPerformance_8547923.TcsSection_5209807",
        "notes": "Accessible screening",
        "screen": "2",
        "status": {
          "soldOut": false,
        },
        "time": 1738087800000,
      },
      {
        "accessibility": {},
        "bookingUrl": "https://thelexicinema.co.uk/TheLexiCinema.dll/Booking?Booking=TSelectItems.waSelectItemsPrompt.TcsWebMenuItem_0.TcsWebTab_0.TcsPerformance_8547925.TcsSection_5209807",
        "notes": "",
        "screen": "2",
        "status": {
          "soldOut": false,
        },
        "time": 1738182000000,
      },
      {
        "accessibility": {},
        "bookingUrl": "https://thelexicinema.co.uk/TheLexiCinema.dll/Booking?Booking=TSelectItems.waSelectItemsPrompt.TcsWebMenuItem_0.TcsWebTab_0.TcsPerformance_8547927.TcsSection_5209705",
        "notes": "",
        "screen": "1",
        "status": {
          "soldOut": false,
        },
        "time": 1738268400000,
      },
    ],
    "title": "A Complete Unknown",
    "url": "https://thelexicinema.co.uk/TheLexiCinema.dll/WhatsOn?f=8511061",
  },
  {
    "overview": {
      "actors": [
        "Kieran Culkin",
        "Jesse Eisenberg",
        "Olha Bosova",
      ],
      "categories": [],
      "classification": "15",
      "directors": [
        "Jesse Eisenberg",
      ],
      "duration": 5340000,
    },
    "performances": [
      {
        "accessibility": {},
        "bookingUrl": "https://thelexicinema.co.uk/TheLexiCinema.dll/Booking?Booking=TSelectItems.waSelectItemsPrompt.TcsWebMenuItem_0.TcsWebTab_0.TcsPerformance_8524614.TcsSection_5209807",
        "notes": "",
        "screen": "2",
        "status": {
          "soldOut": false,
        },
        "time": 1737731700000,
      },
      {
        "accessibility": {},
        "bookingUrl": "https://thelexicinema.co.uk/TheLexiCinema.dll/Booking?Booking=TSelectItems.waSelectItemsPrompt.TcsWebMenuItem_0.TcsWebTab_0.TcsPerformance_8524616.TcsSection_5209705",
        "notes": "",
        "screen": "1",
        "status": {
          "soldOut": false,
        },
        "time": 1737741600000,
      },
      {
        "accessibility": {},
        "bookingUrl": "https://thelexicinema.co.uk/TheLexiCinema.dll/Booking?Booking=TSelectItems.waSelectItemsPrompt.TcsWebMenuItem_0.TcsWebTab_0.TcsPerformance_8524618.TcsSection_5209705",
        "notes": "",
        "screen": "1",
        "status": {
          "soldOut": false,
        },
        "time": 1737825300000,
      },
      {
        "accessibility": {},
        "bookingUrl": "https://thelexicinema.co.uk/TheLexiCinema.dll/Booking?Booking=TSelectItems.waSelectItemsPrompt.TcsWebMenuItem_0.TcsWebTab_0.TcsPerformance_8524620.TcsSection_5209705",
        "notes": "",
        "screen": "1",
        "status": {
          "soldOut": false,
        },
        "time": 1737912600000,
      },
      {
        "accessibility": {},
        "bookingUrl": "https://thelexicinema.co.uk/TheLexiCinema.dll/Booking?Booking=TSelectItems.waSelectItemsPrompt.TcsWebMenuItem_0.TcsWebTab_0.TcsPerformance_8524622.TcsSection_5209807",
        "notes": "",
        "screen": "2",
        "status": {
          "soldOut": false,
        },
        "time": 1737977400000,
      },
      {
        "accessibility": {},
        "bookingUrl": "https://thelexicinema.co.uk/TheLexiCinema.dll/Booking?Booking=TSelectItems.waSelectItemsPrompt.TcsWebMenuItem_0.TcsWebTab_0.TcsPerformance_8524624.TcsSection_5209705",
        "notes": "",
        "screen": "1",
        "status": {
          "soldOut": false,
        },
        "time": 1737988200000,
      },
      {
        "accessibility": {},
        "bookingUrl": "https://thelexicinema.co.uk/TheLexiCinema.dll/Booking?Booking=TSelectItems.waSelectItemsPrompt.TcsWebMenuItem_0.TcsWebTab_0.TcsPerformance_8524626.TcsSection_5209705",
        "notes": "",
        "screen": "1",
        "status": {
          "soldOut": false,
        },
        "time": 1738010700000,
      },
      {
        "accessibility": {},
        "bookingUrl": "https://thelexicinema.co.uk/TheLexiCinema.dll/Booking?Booking=TSelectItems.waSelectItemsPrompt.TcsWebMenuItem_0.TcsWebTab_0.TcsPerformance_8524628.TcsSection_5209705",
        "notes": "",
        "screen": "1",
        "status": {
          "soldOut": false,
        },
        "time": 1738088400000,
      },
      {
        "accessibility": {},
        "bookingUrl": "https://thelexicinema.co.uk/TheLexiCinema.dll/Booking?Booking=TSelectItems.waSelectItemsPrompt.TcsWebMenuItem_0.TcsWebTab_0.TcsPerformance_8524630.TcsSection_5209807",
        "notes": "",
        "screen": "2",
        "status": {
          "soldOut": false,
        },
        "time": 1738098000000,
      },
      {
        "accessibility": {},
        "bookingUrl": "https://thelexicinema.co.uk/TheLexiCinema.dll/Booking?Booking=TSelectItems.waSelectItemsPrompt.TcsWebMenuItem_0.TcsWebTab_0.TcsPerformance_8524634.TcsSection_5209807",
        "notes": "",
        "screen": "2",
        "status": {
          "soldOut": false,
        },
        "time": 1738174200000,
      },
      {
        "accessibility": {},
        "bookingUrl": "https://thelexicinema.co.uk/TheLexiCinema.dll/Booking?Booking=TSelectItems.waSelectItemsPrompt.TcsWebMenuItem_0.TcsWebTab_0.TcsPerformance_8524632.TcsSection_5209705",
        "notes": "",
        "screen": "1",
        "status": {
          "soldOut": false,
        },
        "time": 1738184400000,
      },
      {
        "accessibility": {},
        "bookingUrl": "https://thelexicinema.co.uk/TheLexiCinema.dll/Booking?Booking=TSelectItems.waSelectItemsPrompt.TcsWebMenuItem_0.TcsWebTab_0.TcsPerformance_8524636.TcsSection_5209705",
        "notes": "",
        "screen": "1",
        "status": {
          "soldOut": false,
        },
        "time": 1738260600000,
      },
      {
        "accessibility": {},
        "bookingUrl": "https://thelexicinema.co.uk/TheLexiCinema.dll/Booking?Booking=TSelectItems.waSelectItemsPrompt.TcsWebMenuItem_0.TcsWebTab_0.TcsPerformance_8524638.TcsSection_5209807",
        "notes": "",
        "screen": "2",
        "status": {
          "soldOut": false,
        },
        "time": 1738270800000,
      },
    ],
    "title": "A Real Pain",
    "url": "https://thelexicinema.co.uk/TheLexiCinema.dll/WhatsOn?f=8511049",
  },
  {
    "overview": {
      "actors": [
        "Michele De Lucchi",
      ],
      "categories": [],
      "classification": "U",
      "directors": [
        "Viktor Kossakovsky",
      ],
      "duration": 5880000,
    },
    "performances": [
      {
        "accessibility": {},
        "bookingUrl": "https://thelexicinema.co.uk/TheLexiCinema.dll/Booking?Booking=TSelectItems.waSelectItemsPrompt.TcsWebMenuItem_0.TcsWebTab_0.TcsPerformance_8548003.TcsSection_5209705",
        "notes": "",
        "screen": "1",
        "status": {
          "soldOut": false,
        },
        "time": 1738432800000,
      },
      {
        "accessibility": {},
        "bookingUrl": "https://thelexicinema.co.uk/TheLexiCinema.dll/Booking?Booking=TSelectItems.waSelectItemsPrompt.TcsWebMenuItem_0.TcsWebTab_0.TcsPerformance_8548005.TcsSection_5209705",
        "notes": "",
        "screen": "1",
        "status": {
          "soldOut": false,
        },
        "time": 1738505700000,
      },
      {
        "accessibility": {},
        "bookingUrl": "https://thelexicinema.co.uk/TheLexiCinema.dll/Booking?Booking=TSelectItems.waSelectItemsPrompt.TcsWebMenuItem_0.TcsWebTab_0.TcsPerformance_8548007.TcsSection_5209705",
        "notes": "",
        "screen": "1",
        "status": {
          "soldOut": false,
        },
        "time": 1738693500000,
      },
    ],
    "title": "Architecton",
    "url": "https://thelexicinema.co.uk/TheLexiCinema.dll/WhatsOn?f=8545380",
  },
  {
    "overview": {
      "actors": [
        "Marianne Jean-Baptiste",
        "Michele Austin",
        "David Webber",
      ],
      "categories": [],
      "classification": "12A",
      "directors": [
        "Mike Leigh",
      ],
      "duration": 5760000,
    },
    "performances": [
      {
        "accessibility": {},
        "bookingUrl": "https://thelexicinema.co.uk/TheLexiCinema.dll/Booking?Booking=TSelectItems.waSelectItemsPrompt.TcsWebMenuItem_0.TcsWebTab_0.TcsPerformance_8541704.TcsSection_5209705",
        "notes": "",
        "screen": "1",
        "status": {
          "soldOut": false,
        },
        "time": 1738333800000,
      },
      {
        "accessibility": {},
        "bookingUrl": "https://thelexicinema.co.uk/TheLexiCinema.dll/Booking?Booking=TSelectItems.waSelectItemsPrompt.TcsWebMenuItem_0.TcsWebTab_0.TcsPerformance_8541706.TcsSection_5209705",
        "notes": "",
        "screen": "1",
        "status": {
          "soldOut": false,
        },
        "time": 1738344600000,
      },
      {
        "accessibility": {},
        "bookingUrl": "https://thelexicinema.co.uk/TheLexiCinema.dll/Booking?Booking=TSelectItems.waSelectItemsPrompt.TcsWebMenuItem_0.TcsWebTab_0.TcsPerformance_8541708.TcsSection_5209807",
        "notes": "",
        "screen": "2",
        "status": {
          "soldOut": false,
        },
        "time": 1738355700000,
      },
      {
        "accessibility": {},
        "bookingUrl": "https://thelexicinema.co.uk/TheLexiCinema.dll/Booking?Booking=TSelectItems.waSelectItemsPrompt.TcsWebMenuItem_0.TcsWebTab_0.TcsPerformance_8541712.TcsSection_5209807",
        "notes": "",
        "screen": "2",
        "status": {
          "soldOut": false,
        },
        "time": 1738431300000,
      },
      {
        "accessibility": {},
        "bookingUrl": "https://thelexicinema.co.uk/TheLexiCinema.dll/Booking?Booking=TSelectItems.waSelectItemsPrompt.TcsWebMenuItem_0.TcsWebTab_0.TcsPerformance_8541710.TcsSection_5209705",
        "notes": "",
        "screen": "1",
        "status": {
          "soldOut": false,
        },
        "time": 1738441800000,
      },
      {
        "accessibility": {},
        "bookingUrl": "https://thelexicinema.co.uk/TheLexiCinema.dll/Booking?Booking=TSelectItems.waSelectItemsPrompt.TcsWebMenuItem_0.TcsWebTab_0.TcsPerformance_8541714.TcsSection_5209705",
        "notes": "",
        "screen": "1",
        "status": {
          "soldOut": false,
        },
        "time": 1738514700000,
      },
      {
        "accessibility": {},
        "bookingUrl": "https://thelexicinema.co.uk/TheLexiCinema.dll/Booking?Booking=TSelectItems.waSelectItemsPrompt.TcsWebMenuItem_0.TcsWebTab_0.TcsPerformance_8541716.TcsSection_5209807",
        "notes": "",
        "screen": "2",
        "status": {
          "soldOut": false,
        },
        "time": 1738524900000,
      },
      {
        "accessibility": {
          "babyFriendly": true,
        },
        "bookingUrl": "https://thelexicinema.co.uk/TheLexiCinema.dll/Booking?Booking=TSelectItems.waSelectItemsPrompt.TcsWebMenuItem_0.TcsWebTab_0.TcsPerformance_8541718.TcsSection_5209705",
        "notes": "",
        "screen": "1",
        "status": {
          "soldOut": false,
        },
        "time": 1738580400000,
      },
      {
        "accessibility": {},
        "bookingUrl": "https://thelexicinema.co.uk/TheLexiCinema.dll/Booking?Booking=TSelectItems.waSelectItemsPrompt.TcsWebMenuItem_0.TcsWebTab_0.TcsPerformance_8541740.TcsSection_5209705",
        "notes": "Talking Pictures: A friendly film discussion group for seniors",
        "screen": "1",
        "status": {
          "soldOut": false,
        },
        "time": 1738593000000,
      },
      {
        "accessibility": {},
        "bookingUrl": "https://thelexicinema.co.uk/TheLexiCinema.dll/Booking?Booking=TSelectItems.waSelectItemsPrompt.TcsWebMenuItem_0.TcsWebTab_0.TcsPerformance_8541742.TcsSection_5209705",
        "notes": "",
        "screen": "1",
        "status": {
          "soldOut": false,
        },
        "time": 1738605600000,
      },
      {
        "accessibility": {},
        "bookingUrl": "https://thelexicinema.co.uk/TheLexiCinema.dll/Booking?Booking=TSelectItems.waSelectItemsPrompt.TcsWebMenuItem_0.TcsWebTab_0.TcsPerformance_8541744.TcsSection_5209807",
        "notes": "",
        "screen": "2",
        "status": {
          "soldOut": false,
        },
        "time": 1738614600000,
      },
      {
        "accessibility": {},
        "bookingUrl": "https://thelexicinema.co.uk/TheLexiCinema.dll/Booking?Booking=TSelectItems.waSelectItemsPrompt.TcsWebMenuItem_0.TcsWebTab_0.TcsPerformance_8541748.TcsSection_5209807",
        "notes": "",
        "screen": "2",
        "status": {
          "soldOut": false,
        },
        "time": 1738692600000,
      },
      {
        "accessibility": {},
        "bookingUrl": "https://thelexicinema.co.uk/TheLexiCinema.dll/Booking?Booking=TSelectItems.waSelectItemsPrompt.TcsWebMenuItem_0.TcsWebTab_0.TcsPerformance_8541746.TcsSection_5209705",
        "notes": "",
        "screen": "1",
        "status": {
          "soldOut": false,
        },
        "time": 1738701900000,
      },
      {
        "accessibility": {},
        "bookingUrl": "https://thelexicinema.co.uk/TheLexiCinema.dll/Booking?Booking=TSelectItems.waSelectItemsPrompt.TcsWebMenuItem_0.TcsWebTab_0.TcsPerformance_8541750.TcsSection_5209705",
        "notes": "",
        "screen": "1",
        "status": {
          "soldOut": false,
        },
        "time": 1738779000000,
      },
      {
        "accessibility": {},
        "bookingUrl": "https://thelexicinema.co.uk/TheLexiCinema.dll/Booking?Booking=TSelectItems.waSelectItemsPrompt.TcsWebMenuItem_0.TcsWebTab_0.TcsPerformance_8541752.TcsSection_5209807",
        "notes": "",
        "screen": "2",
        "status": {
          "soldOut": false,
        },
        "time": 1738789200000,
      },
      {
        "accessibility": {},
        "bookingUrl": "https://thelexicinema.co.uk/TheLexiCinema.dll/Booking?Booking=TSelectItems.waSelectItemsPrompt.TcsWebMenuItem_0.TcsWebTab_0.TcsPerformance_8541754.TcsSection_5209705",
        "notes": "",
        "screen": "1",
        "status": {
          "soldOut": false,
        },
        "time": 1738865400000,
      },
      {
        "accessibility": {},
        "bookingUrl": "https://thelexicinema.co.uk/TheLexiCinema.dll/Booking?Booking=TSelectItems.waSelectItemsPrompt.TcsWebMenuItem_0.TcsWebTab_0.TcsPerformance_8541756.TcsSection_5209807",
        "notes": "",
        "screen": "2",
        "status": {
          "soldOut": false,
        },
        "time": 1738875600000,
      },
    ],
    "title": "Hard Truths",
    "url": "https://thelexicinema.co.uk/TheLexiCinema.dll/WhatsOn?f=8527362",
  },
  {
    "overview": {
      "actors": [],
      "categories": [],
      "classification": "U",
      "directors": [],
      "duration": 4500000,
    },
    "performances": [
      {
        "accessibility": {},
        "bookingUrl": "https://thelexicinema.co.uk/TheLexiCinema.dll/Booking?Booking=TSelectItems.waSelectItemsPrompt.TcsWebMenuItem_0.TcsWebTab_0.TcsPerformance_8418938.TcsSection_5209807",
        "notes": "",
        "screen": "2",
        "status": {
          "soldOut": false,
        },
        "time": 1737817200000,
      },
    ],
    "title": "LSFF: Come on let‚Äôs play!",
    "url": "https://thelexicinema.co.uk/TheLexiCinema.dll/WhatsOn?f=8418920",
  },
  {
    "overview": {
      "actors": [
        "Angelina Jolie",
        "Pierfrancesco Favino",
        "Alba Rohrwacher",
      ],
      "categories": [],
      "classification": "12A",
      "directors": [
        "Pablo Larra√≠n",
      ],
      "duration": 7380000,
    },
    "performances": [
      {
        "accessibility": {},
        "bookingUrl": "https://thelexicinema.co.uk/TheLexiCinema.dll/Booking?Booking=TSelectItems.waSelectItemsPrompt.TcsWebMenuItem_0.TcsWebTab_0.TcsPerformance_8541562.TcsSection_5209705",
        "notes": "",
        "screen": "1",
        "status": {
          "soldOut": false,
        },
        "time": 1737730800000,
      },
      {
        "accessibility": {},
        "bookingUrl": "https://thelexicinema.co.uk/TheLexiCinema.dll/Booking?Booking=TSelectItems.waSelectItemsPrompt.TcsWebMenuItem_0.TcsWebTab_0.TcsPerformance_8541564.TcsSection_5209807",
        "notes": "",
        "screen": "2",
        "status": {
          "soldOut": false,
        },
        "time": 1737750600000,
      },
      {
        "accessibility": {},
        "bookingUrl": "https://thelexicinema.co.uk/TheLexiCinema.dll/Booking?Booking=TSelectItems.waSelectItemsPrompt.TcsWebMenuItem_0.TcsWebTab_0.TcsPerformance_8541566.TcsSection_5209705",
        "notes": "",
        "screen": "1",
        "status": {
          "soldOut": false,
        },
        "time": 1737814500000,
      },
      {
        "accessibility": {},
        "bookingUrl": "https://thelexicinema.co.uk/TheLexiCinema.dll/Booking?Booking=TSelectItems.waSelectItemsPrompt.TcsWebMenuItem_0.TcsWebTab_0.TcsPerformance_8541568.TcsSection_5209807",
        "notes": "",
        "screen": "2",
        "status": {
          "soldOut": false,
        },
        "time": 1737834300000,
      },
      {
        "accessibility": {},
        "bookingUrl": "https://thelexicinema.co.uk/TheLexiCinema.dll/Booking?Booking=TSelectItems.waSelectItemsPrompt.TcsWebMenuItem_0.TcsWebTab_0.TcsPerformance_8541570.TcsSection_5209705",
        "notes": "",
        "screen": "1",
        "status": {
          "soldOut": false,
        },
        "time": 1737920400000,
      },
      {
        "accessibility": {
          "babyFriendly": true,
        },
        "bookingUrl": "https://thelexicinema.co.uk/TheLexiCinema.dll/Booking?Booking=TSelectItems.waSelectItemsPrompt.TcsWebMenuItem_0.TcsWebTab_0.TcsPerformance_8541572.TcsSection_5209705",
        "notes": "",
        "screen": "1",
        "status": {
          "soldOut": false,
        },
        "time": 1737975600000,
      },
      {
        "accessibility": {},
        "bookingUrl": "https://thelexicinema.co.uk/TheLexiCinema.dll/Booking?Booking=TSelectItems.waSelectItemsPrompt.TcsWebMenuItem_0.TcsWebTab_0.TcsPerformance_8541594.TcsSection_5209807",
        "notes": "",
        "screen": "2",
        "status": {
          "soldOut": false,
        },
        "time": 1737986400000,
      },
      {
        "accessibility": {},
        "bookingUrl": "https://thelexicinema.co.uk/TheLexiCinema.dll/Booking?Booking=TSelectItems.waSelectItemsPrompt.TcsWebMenuItem_0.TcsWebTab_0.TcsPerformance_8541596.TcsSection_5209705",
        "notes": "",
        "screen": "1",
        "status": {
          "soldOut": false,
        },
        "time": 1738000800000,
      },
      {
        "accessibility": {},
        "bookingUrl": "https://thelexicinema.co.uk/TheLexiCinema.dll/Booking?Booking=TSelectItems.waSelectItemsPrompt.TcsWebMenuItem_0.TcsWebTab_0.TcsPerformance_8541598.TcsSection_5209705",
        "notes": "",
        "screen": "1",
        "status": {
          "soldOut": false,
        },
        "time": 1738096200000,
      },
      {
        "accessibility": {},
        "bookingUrl": "https://thelexicinema.co.uk/TheLexiCinema.dll/Booking?Booking=TSelectItems.waSelectItemsPrompt.TcsWebMenuItem_0.TcsWebTab_0.TcsPerformance_8541600.TcsSection_5209705",
        "notes": "",
        "screen": "1",
        "status": {
          "soldOut": false,
        },
        "time": 1738174800000,
      },
      {
        "accessibility": {},
        "bookingUrl": "https://thelexicinema.co.uk/TheLexiCinema.dll/Booking?Booking=TSelectItems.waSelectItemsPrompt.TcsWebMenuItem_0.TcsWebTab_0.TcsPerformance_8541602.TcsSection_5209807",
        "notes": "",
        "screen": "2",
        "status": {
          "soldOut": false,
        },
        "time": 1738261200000,
      },
    ],
    "title": "Maria",
    "url": "https://thelexicinema.co.uk/TheLexiCinema.dll/WhatsOn?f=8511048",
  },
  {
    "overview": {
      "actors": [],
      "categories": [],
      "classification": "15",
      "directors": [],
      "duration": 7920000,
    },
    "performances": [
      {
        "accessibility": {},
        "bookingUrl": "https://thelexicinema.co.uk/TheLexiCinema.dll/Booking?Booking=TSelectItems.waSelectItemsPrompt.TcsWebMenuItem_0.TcsWebTab_0.TcsPerformance_8547911.TcsSection_5209807",
        "notes": "",
        "screen": "2",
        "status": {
          "soldOut": false,
        },
        "time": 1737740400000,
      },
      {
        "accessibility": {},
        "bookingUrl": "https://thelexicinema.co.uk/TheLexiCinema.dll/Booking?Booking=TSelectItems.waSelectItemsPrompt.TcsWebMenuItem_0.TcsWebTab_0.TcsPerformance_8547919.TcsSection_5209807",
        "notes": "",
        "screen": "2",
        "status": {
          "soldOut": false,
        },
        "time": 1737921600000,
      },
      {
        "accessibility": {},
        "bookingUrl": "https://thelexicinema.co.uk/TheLexiCinema.dll/Booking?Booking=TSelectItems.waSelectItemsPrompt.TcsWebMenuItem_0.TcsWebTab_0.TcsPerformance_8547921.TcsSection_5209807",
        "notes": "",
        "screen": "2",
        "status": {
          "soldOut": false,
        },
        "time": 1737999000000,
      },
    ],
    "title": "Nosferatu",
    "url": "https://thelexicinema.co.uk/TheLexiCinema.dll/WhatsOn?f=8434394",
  },
  {
    "overview": {
      "actors": [],
      "categories": [],
      "classification": "15",
      "directors": [],
      "duration": 10200000,
    },
    "performances": [
      {
        "accessibility": {},
        "bookingUrl": "https://thelexicinema.co.uk/TheLexiCinema.dll/Booking?Booking=TSelectItems.waSelectItemsPrompt.TcsWebMenuItem_0.TcsWebTab_0.TcsPerformance_8553903.TcsSection_5209705",
        "notes": "",
        "screen": "1",
        "status": {
          "soldOut": false,
        },
        "time": 1740078000000,
      },
      {
        "accessibility": {},
        "bookingUrl": "https://thelexicinema.co.uk/TheLexiCinema.dll/Booking?Booking=TSelectItems.waSelectItemsPrompt.TcsWebMenuItem_0.TcsWebTab_0.TcsPerformance_8553905.TcsSection_5209705",
        "notes": "",
        "screen": "1",
        "status": {
          "soldOut": false,
        },
        "time": 1740319200000,
      },
    ],
    "title": "NT Live: The Importance of Being Earnest",
    "url": "https://thelexicinema.co.uk/TheLexiCinema.dll/WhatsOn?f=8545877",
  },
  {
    "overview": {
      "actors": [
        "Ben Whishaw",
        "Emily Mortimer",
        "Olivia Colman",
      ],
      "categories": [],
      "classification": "PG",
      "directors": [
        "Dougal Wilson",
      ],
      "duration": 6360000,
    },
    "performances": [
      {
        "accessibility": {},
        "bookingUrl": "https://thelexicinema.co.uk/TheLexiCinema.dll/Booking?Booking=TSelectItems.waSelectItemsPrompt.TcsWebMenuItem_0.TcsWebTab_0.TcsPerformance_8547915.TcsSection_5209807",
        "notes": "",
        "screen": "2",
        "status": {
          "soldOut": false,
        },
        "time": 1737896400000,
      },
    ],
    "title": "Paddington in Peru",
    "url": "https://thelexicinema.co.uk/TheLexiCinema.dll/WhatsOn?f=8324972",
  },
  {
    "overview": {
      "actors": [
        "Pamela Anderson",
        "Jamie Lee Curtis",
        "Dave Bautista",
        "Kiernan Shipka",
        "Brenda Song",
        "Billie",
      ],
      "categories": [],
      "classification": "15",
      "directors": [
        "Gia Coppola",
      ],
      "duration": 6600000,
    },
    "performances": [
      {
        "accessibility": {},
        "bookingUrl": "https://thelexicinema.co.uk/TheLexiCinema.dll/Booking?Booking=TSelectItems.waSelectItemsPrompt.TcsWebMenuItem_0.TcsWebTab_0.TcsPerformance_8454496.TcsSection_5209807",
        "notes": "",
        "screen": "2",
        "status": {
          "soldOut": false,
        },
        "time": 1739217600000,
      },
    ],
    "title": "Preview: The Last Showgirl + Pamela Anderson Recorded Q&A",
    "url": "https://thelexicinema.co.uk/TheLexiCinema.dll/WhatsOn?f=8454487",
  },
  {
    "overview": {
      "actors": [],
      "categories": [],
      "directors": [],
      "duration": 8460000,
    },
    "performances": [
      {
        "accessibility": {},
        "bookingUrl": "https://thelexicinema.co.uk/TheLexiCinema.dll/Booking?Booking=TSelectItems.waSelectItemsPrompt.TcsWebMenuItem_0.TcsWebTab_0.TcsPerformance_8574095.TcsSection_5209705",
        "notes": "This screening will be followed by a Q&A",
        "screen": "1",
        "status": {
          "soldOut": false,
        },
        "time": 1743101100000,
      },
    ],
    "title": "Six Inches of Soil + Whisky Tasting + Q&A",
    "url": "https://thelexicinema.co.uk/TheLexiCinema.dll/WhatsOn?f=8573826",
  },
  {
    "overview": {
      "actors": [
        "Adrien Brody",
        "Felicity Jones",
        "Guy Pearce",
      ],
      "categories": [],
      "classification": "18",
      "directors": [
        "Brady Corbet",
      ],
      "duration": 12840000,
    },
    "performances": [
      {
        "accessibility": {},
        "bookingUrl": "https://thelexicinema.co.uk/TheLexiCinema.dll/Booking?Booking=TSelectItems.waSelectItemsPrompt.TcsWebMenuItem_0.TcsWebTab_0.TcsPerformance_8548014.TcsSection_5209705",
        "notes": "",
        "screen": "1",
        "status": {
          "soldOut": false,
        },
        "time": 1738938600000,
      },
      {
        "accessibility": {},
        "bookingUrl": "https://thelexicinema.co.uk/TheLexiCinema.dll/Booking?Booking=TSelectItems.waSelectItemsPrompt.TcsWebMenuItem_0.TcsWebTab_0.TcsPerformance_8548016.TcsSection_5209705",
        "notes": "",
        "screen": "1",
        "status": {
          "soldOut": false,
        },
        "time": 1738954800000,
      },
      {
        "accessibility": {},
        "bookingUrl": "https://thelexicinema.co.uk/TheLexiCinema.dll/Booking?Booking=TSelectItems.waSelectItemsPrompt.TcsWebMenuItem_0.TcsWebTab_0.TcsPerformance_8548020.TcsSection_5209807",
        "notes": "",
        "screen": "2",
        "status": {
          "soldOut": false,
        },
        "time": 1739028600000,
      },
      {
        "accessibility": {},
        "bookingUrl": "https://thelexicinema.co.uk/TheLexiCinema.dll/Booking?Booking=TSelectItems.waSelectItemsPrompt.TcsWebMenuItem_0.TcsWebTab_0.TcsPerformance_8548018.TcsSection_5209705",
        "notes": "",
        "screen": "1",
        "status": {
          "soldOut": false,
        },
        "time": 1739041200000,
      },
      {
        "accessibility": {},
        "bookingUrl": "https://thelexicinema.co.uk/TheLexiCinema.dll/Booking?Booking=TSelectItems.waSelectItemsPrompt.TcsWebMenuItem_0.TcsWebTab_0.TcsPerformance_8548022.TcsSection_5209705",
        "notes": "",
        "screen": "1",
        "status": {
          "soldOut": false,
        },
        "time": 1739109600000,
      },
      {
        "accessibility": {},
        "bookingUrl": "https://thelexicinema.co.uk/TheLexiCinema.dll/Booking?Booking=TSelectItems.waSelectItemsPrompt.TcsWebMenuItem_0.TcsWebTab_0.TcsPerformance_8548024.TcsSection_5209705",
        "notes": "",
        "screen": "1",
        "status": {
          "soldOut": false,
        },
        "time": 1739125200000,
      },
      {
        "accessibility": {},
        "bookingUrl": "https://thelexicinema.co.uk/TheLexiCinema.dll/Booking?Booking=TSelectItems.waSelectItemsPrompt.TcsWebMenuItem_0.TcsWebTab_0.TcsPerformance_8548028.TcsSection_5209807",
        "notes": "",
        "screen": "2",
        "status": {
          "soldOut": false,
        },
        "time": 1739186100000,
      },
      {
        "accessibility": {},
        "bookingUrl": "https://thelexicinema.co.uk/TheLexiCinema.dll/Booking?Booking=TSelectItems.waSelectItemsPrompt.TcsWebMenuItem_0.TcsWebTab_0.TcsPerformance_8548030.TcsSection_5209807",
        "notes": "",
        "screen": "2",
        "status": {
          "soldOut": false,
        },
        "time": 1739201400000,
      },
      {
        "accessibility": {},
        "bookingUrl": "https://thelexicinema.co.uk/TheLexiCinema.dll/Booking?Booking=TSelectItems.waSelectItemsPrompt.TcsWebMenuItem_0.TcsWebTab_0.TcsPerformance_8548026.TcsSection_5209705",
        "notes": "",
        "screen": "1",
        "status": {
          "soldOut": false,
        },
        "time": 1739214000000,
      },
      {
        "accessibility": {},
        "bookingUrl": "https://thelexicinema.co.uk/TheLexiCinema.dll/Booking?Booking=TSelectItems.waSelectItemsPrompt.TcsWebMenuItem_0.TcsWebTab_0.TcsPerformance_8548032.TcsSection_5209705",
        "notes": "",
        "screen": "1",
        "status": {
          "soldOut": false,
        },
        "time": 1739300400000,
      },
      {
        "accessibility": {},
        "bookingUrl": "https://thelexicinema.co.uk/TheLexiCinema.dll/Booking?Booking=TSelectItems.waSelectItemsPrompt.TcsWebMenuItem_0.TcsWebTab_0.TcsPerformance_8548034.TcsSection_5209705",
        "notes": "",
        "screen": "1",
        "status": {
          "soldOut": false,
        },
        "time": 1739386800000,
      },
      {
        "accessibility": {},
        "bookingUrl": "https://thelexicinema.co.uk/TheLexiCinema.dll/Booking?Booking=TSelectItems.waSelectItemsPrompt.TcsWebMenuItem_0.TcsWebTab_0.TcsPerformance_8548036.TcsSection_5209705",
        "notes": "",
        "screen": "1",
        "status": {
          "soldOut": false,
        },
        "time": 1739473200000,
      },
    ],
    "title": "The Brutalist",
    "url": "https://thelexicinema.co.uk/TheLexiCinema.dll/WhatsOn?f=8546054",
  },
  {
    "overview": {
      "actors": [],
      "categories": [],
      "classification": "15",
      "directors": [
        "Maura Delpero",
      ],
      "duration": 7140000,
    },
    "performances": [
      {
        "accessibility": {},
        "bookingUrl": "https://thelexicinema.co.uk/TheLexiCinema.dll/Booking?Booking=TSelectItems.waSelectItemsPrompt.TcsWebMenuItem_0.TcsWebTab_0.TcsPerformance_8525546.TcsSection_5209807",
        "notes": "",
        "screen": "2",
        "status": {
          "soldOut": false,
        },
        "time": 1737655200000,
      },
    ],
    "title": "Vermiglio",
    "url": "https://thelexicinema.co.uk/TheLexiCinema.dll/WhatsOn?f=8511400",
  },
  {
    "overview": {
      "actors": [
        "Andrew Garfield",
        "Florence Pugh",
        "Grace Delaney",
      ],
      "categories": [],
      "classification": "15",
      "directors": [
        "John Crowley",
      ],
      "duration": 6420000,
    },
    "performances": [
      {
        "accessibility": {},
        "bookingUrl": "https://thelexicinema.co.uk/TheLexiCinema.dll/Booking?Booking=TSelectItems.waSelectItemsPrompt.TcsWebMenuItem_0.TcsWebTab_0.TcsPerformance_8528985.TcsSection_5209807",
        "notes": "",
        "screen": "2",
        "status": {
          "soldOut": false,
        },
        "time": 1737664500000,
      },
    ],
    "title": "We Live in Time",
    "url": "https://thelexicinema.co.uk/TheLexiCinema.dll/WhatsOn?f=8434377",
  },
]
`;
