// Jest Snapshot v1, https://goo.gl/fbAQLP

exports[`Everyman Borough Yards retrieve and transform 1`] = `
[
  {
    "overview": {
      "actors": [
        "Timothée Chalamet",
        "Edward Norton",
        "Elle Fanning",
        "Monica Barbaro",
        "Boyd Holbrook",
        "Dan Fogler",
        "Norbert Leo Butz",
        "Nick Offerman",
        "P.J. Byrne",
        "Scoot McNairy",
      ],
      "categories": [
        "Biopic",
        "Music",
        "Drama",
      ],
      "classification": "15",
      "directors": [
        "James Mangold",
      ],
      "duration": 8400000,
      "trailer": "https://www.youtube.com/watch?v=FdV-Cs5o8mc",
    },
    "performances": [
      {
        "accessibility": {},
        "bookingUrl": "https://purchase.everymancinema.com/startticketing/1046/12662",
        "notes": "75% of seats sold",
        "status": {
          "soldOut": false,
        },
        "time": 1737659700000,
      },
      {
        "accessibility": {},
        "bookingUrl": "https://purchase.everymancinema.com/startticketing/1046/12829",
        "notes": "6% of seats sold",
        "status": {
          "soldOut": false,
        },
        "time": 1737720900000,
      },
      {
        "accessibility": {},
        "bookingUrl": "https://purchase.everymancinema.com/startticketing/1046/12830",
        "notes": "8% of seats sold",
        "status": {
          "soldOut": false,
        },
        "time": 1737732600000,
      },
      {
        "accessibility": {},
        "bookingUrl": "https://purchase.everymancinema.com/startticketing/1046/12708",
        "notes": "33% of seats sold",
        "status": {
          "soldOut": false,
        },
        "time": 1737751200000,
      },
      {
        "accessibility": {},
        "bookingUrl": "https://purchase.everymancinema.com/startticketing/1046/12808",
        "notes": "0% of seats sold",
        "status": {
          "soldOut": false,
        },
        "time": 1737799200000,
      },
      {
        "accessibility": {},
        "bookingUrl": "https://purchase.everymancinema.com/startticketing/1046/12833",
        "notes": "31% of seats sold",
        "status": {
          "soldOut": false,
        },
        "time": 1737819900000,
      },
      {
        "accessibility": {},
        "bookingUrl": "https://purchase.everymancinema.com/startticketing/1046/12726",
        "notes": "58% of seats sold",
        "status": {
          "soldOut": false,
        },
        "time": 1737837000000,
      },
      {
        "accessibility": {},
        "bookingUrl": "https://purchase.everymancinema.com/startticketing/1046/12812",
        "notes": "3% of seats sold",
        "status": {
          "soldOut": false,
        },
        "time": 1737895500000,
      },
      {
        "accessibility": {},
        "bookingUrl": "https://purchase.everymancinema.com/startticketing/1046/12835",
        "notes": "0% of seats sold",
        "status": {
          "soldOut": false,
        },
        "time": 1737923400000,
      },
      {
        "accessibility": {
          "subtitled": true,
        },
        "bookingUrl": "https://purchase.everymancinema.com/startticketing/1046/12836",
        "notes": "3% of seats sold",
        "status": {
          "soldOut": false,
        },
        "time": 1737972000000,
      },
      {
        "accessibility": {},
        "bookingUrl": "https://purchase.everymancinema.com/startticketing/1046/12816",
        "notes": "0% of seats sold",
        "status": {
          "soldOut": false,
        },
        "time": 1737991800000,
      },
      {
        "accessibility": {},
        "bookingUrl": "https://purchase.everymancinema.com/startticketing/1046/12839",
        "notes": "7% of seats sold",
        "status": {
          "soldOut": false,
        },
        "time": 1738009200000,
      },
      {
        "accessibility": {
          "babyFriendly": true,
        },
        "bookingUrl": "https://purchase.everymancinema.com/startticketing/1046/12840",
        "notes": "7% of seats sold",
        "status": {
          "soldOut": false,
        },
        "time": 1738062900000,
      },
      {
        "accessibility": {},
        "bookingUrl": "https://purchase.everymancinema.com/startticketing/1046/12841",
        "notes": "2% of seats sold",
        "status": {
          "soldOut": false,
        },
        "time": 1738074600000,
      },
      {
        "accessibility": {},
        "bookingUrl": "https://purchase.everymancinema.com/startticketing/1046/12843",
        "notes": "0% of seats sold",
        "status": {
          "soldOut": false,
        },
        "time": 1738096200000,
      },
      {
        "accessibility": {},
        "bookingUrl": "https://purchase.everymancinema.com/startticketing/1046/12844",
        "notes": "0% of seats sold",
        "status": {
          "soldOut": false,
        },
        "time": 1738144800000,
      },
      {
        "accessibility": {},
        "bookingUrl": "https://purchase.everymancinema.com/startticketing/1046/12823",
        "notes": "6% of seats sold",
        "status": {
          "soldOut": false,
        },
        "time": 1738165500000,
      },
      {
        "accessibility": {},
        "bookingUrl": "https://purchase.everymancinema.com/startticketing/1046/12847",
        "notes": "0% of seats sold",
        "status": {
          "soldOut": false,
        },
        "time": 1738182600000,
      },
      {
        "accessibility": {},
        "bookingUrl": "https://purchase.everymancinema.com/startticketing/1046/12825",
        "notes": "0% of seats sold",
        "status": {
          "soldOut": false,
        },
        "time": 1738234800000,
      },
      {
        "accessibility": {},
        "bookingUrl": "https://purchase.everymancinema.com/startticketing/1046/12850",
        "notes": "0% of seats sold",
        "status": {
          "soldOut": false,
        },
        "time": 1738254000000,
      },
    ],
    "title": "A Complete Unknown",
    "url": "https://www.everymancinema.com/film-listing/280195-a-complete-unknown",
  },
  {
    "overview": {
      "actors": [
        "Renée Zellweger",
        "Chiwetel Ejiofor",
        "Leo Woodall",
        "Hugh Grant",
        "Emma Thompson",
        "Isla Fisher",
        "Nico Parker",
        "Josette Simon",
        "Leila Farzad",
        "Sarah Solemani",
      ],
      "categories": [
        "Comedy",
        "Romance",
      ],
      "directors": [
        "Michael Morris",
      ],
      "duration": 7440000,
      "trailer": "https://www.youtube.com/watch?v=AZr9lYz12jw",
    },
    "performances": [
      {
        "accessibility": {},
        "bookingUrl": "https://purchase.everymancinema.com/startticketing/1046/12606",
        "notes": "2% of seats sold",
        "status": {
          "soldOut": false,
        },
        "time": 1739464200000,
      },
      {
        "accessibility": {},
        "bookingUrl": "https://purchase.everymancinema.com/startticketing/1046/12607",
        "notes": "61% of seats sold",
        "status": {
          "soldOut": false,
        },
        "time": 1739475000000,
      },
      {
        "accessibility": {},
        "bookingUrl": "https://purchase.everymancinema.com/startticketing/1046/12676",
        "notes": "35% of seats sold",
        "status": {
          "soldOut": false,
        },
        "time": 1739550600000,
      },
      {
        "accessibility": {},
        "bookingUrl": "https://purchase.everymancinema.com/startticketing/1046/12751",
        "notes": "95% of seats sold",
        "status": {
          "soldOut": false,
        },
        "time": 1739561400000,
      },
      {
        "accessibility": {},
        "bookingUrl": "https://purchase.everymancinema.com/startticketing/1046/12668",
        "notes": "14% of seats sold",
        "status": {
          "soldOut": false,
        },
        "time": 1739626200000,
      },
      {
        "accessibility": {},
        "bookingUrl": "https://purchase.everymancinema.com/startticketing/1046/12669",
        "notes": "27% of seats sold",
        "status": {
          "soldOut": false,
        },
        "time": 1739637000000,
      },
      {
        "accessibility": {},
        "bookingUrl": "https://purchase.everymancinema.com/startticketing/1046/12670",
        "notes": "36% of seats sold",
        "status": {
          "soldOut": false,
        },
        "time": 1739647800000,
      },
      {
        "accessibility": {},
        "bookingUrl": "https://purchase.everymancinema.com/startticketing/1046/12671",
        "notes": "4% of seats sold",
        "status": {
          "soldOut": false,
        },
        "time": 1739712600000,
      },
      {
        "accessibility": {},
        "bookingUrl": "https://purchase.everymancinema.com/startticketing/1046/12672",
        "notes": "40% of seats sold",
        "status": {
          "soldOut": false,
        },
        "time": 1739723400000,
      },
      {
        "accessibility": {},
        "bookingUrl": "https://purchase.everymancinema.com/startticketing/1046/12673",
        "notes": "7% of seats sold",
        "status": {
          "soldOut": false,
        },
        "time": 1739734200000,
      },
      {
        "accessibility": {},
        "bookingUrl": "https://purchase.everymancinema.com/startticketing/1046/12674",
        "notes": "2% of seats sold",
        "status": {
          "soldOut": false,
        },
        "time": 1739810700000,
      },
      {
        "accessibility": {},
        "bookingUrl": "https://purchase.everymancinema.com/startticketing/1046/12675",
        "notes": "25% of seats sold",
        "status": {
          "soldOut": false,
        },
        "time": 1739821500000,
      },
    ],
    "title": "Bridget Jones: Mad About the Boy",
    "url": "https://www.everymancinema.com/film-listing/1000000866-bridget-jones-mad-about-the-boy",
  },
  {
    "overview": {
      "actors": [
        "Ralph Fiennes",
        "Stanley Tucci",
        "Isabella Rossellini",
        "John Lithgow",
        "Carlos Diehz",
        "Lucian Msamati",
        "Brían F. O'Byrne",
        "Merab Ninidze",
        "Sergio Castellitto",
        "Thomas Loibl",
      ],
      "categories": [
        "Thriller",
      ],
      "classification": "12A",
      "directors": [
        "Edward Berger",
      ],
      "duration": 7200000,
      "trailer": "https://www.youtube.com/watch?v=t915aZmyEBg",
    },
    "performances": [
      {
        "accessibility": {},
        "bookingUrl": "https://purchase.everymancinema.com/startticketing/1046/12828",
        "notes": "3% of seats sold",
        "status": {
          "soldOut": false,
        },
        "time": 1737710100000,
      },
      {
        "accessibility": {},
        "bookingUrl": "https://purchase.everymancinema.com/startticketing/1046/12814",
        "notes": "2% of seats sold",
        "status": {
          "soldOut": false,
        },
        "time": 1737970200000,
      },
    ],
    "title": "Conclave",
    "url": "https://www.everymancinema.com/film-listing/304895-conclave",
  },
  {
    "overview": {
      "actors": [
        "Rachel Sennott",
        "Gabriel LaBelle",
        "Cooper Hoffman",
        "Ella Hunt",
        "Emily Fairn",
      ],
      "categories": [
        "Comedy",
        "Drama",
      ],
      "directors": [
        "Jason Reitman",
      ],
      "duration": 6540000,
      "trailer": "https://www.youtube.com/watch?v=CV16GHIqtGE",
    },
    "performances": [
      {
        "accessibility": {},
        "bookingUrl": "https://purchase.everymancinema.com/startticketing/1046/12270",
        "notes": "11% of seats sold",
        "status": {
          "soldOut": false,
        },
        "time": 1737665100000,
      },
    ],
    "title": "Members’ Preview: Saturday Night",
    "url": "https://www.everymancinema.com/film-listing/1000017076-members-preview-saturday-night",
  },
  {
    "overview": {
      "actors": [],
      "categories": [],
      "classification": "15",
      "directors": [],
    },
    "performances": [
      {
        "accessibility": {},
        "bookingUrl": "https://purchase.everymancinema.com/startticketing/1046/12854",
        "notes": "0% of seats sold",
        "status": {
          "soldOut": false,
        },
        "time": 1738604700000,
      },
    ],
    "title": "Members’ Preview: September 5",
    "url": "https://www.everymancinema.com/film-listing/1000018250-members-preview-september-5",
  },
  {
    "overview": {
      "actors": [
        "Aaron Pierre",
        "Kelvin Harrison Jr.",
        "Seth Rogen",
        "Billy Eichner",
        "Blue Ivy Carter",
        "John Kani",
        "Donald Glover",
        "Beyoncé Knowles-Carter",
        "Mads Mikkelsen",
        "Tiffany Boone",
      ],
      "categories": [
        "Animation",
        "Music",
        "Adventure",
        "Family",
      ],
      "classification": "PG",
      "directors": [
        "Barry Jenkins",
      ],
      "duration": 7080000,
      "trailer": "https://www.youtube.com/watch?v=lMXh6vjiZrI",
    },
    "performances": [
      {
        "accessibility": {},
        "bookingUrl": "https://purchase.everymancinema.com/startticketing/1046/12831",
        "notes": "6% of seats sold",
        "status": {
          "soldOut": false,
        },
        "time": 1737797400000,
      },
    ],
    "title": "Mufasa: The Lion King",
    "url": "https://www.everymancinema.com/film-listing/286777-mufasa-the-lion-king",
  },
  {
    "overview": {
      "actors": [
        "Steve Coogan",
        "Giles Terera",
      ],
      "categories": [
        "Musical",
      ],
      "directors": [
        "Sean Foley",
      ],
      "duration": 9000000,
    },
    "performances": [
      {
        "accessibility": {},
        "bookingUrl": "https://purchase.everymancinema.com/startticketing/1046/11779",
        "notes": "6% of seats sold",
        "status": {
          "soldOut": false,
        },
        "time": 1743103800000,
      },
      {
        "accessibility": {},
        "bookingUrl": "https://purchase.everymancinema.com/startticketing/1046/11782",
        "notes": "1% of seats sold",
        "status": {
          "soldOut": false,
        },
        "time": 1743679800000,
      },
    ],
    "title": "National Theatre Live: Dr. Strangelove",
    "url": "https://www.everymancinema.com/film-listing/1000015783-national-theatre-live-dr-strangelove",
  },
  {
    "overview": {
      "actors": [
        "Lily-Rose Depp",
        "Nicholas Hoult",
        "Bill Skarsgård",
        "Aaron Taylor-Johnson",
        "Willem Dafoe",
        "Emma Corrin",
        "Ralph Ineson",
        "Simon McBurney",
        "Adéla Hesová",
        "Milena Konstantinova",
      ],
      "categories": [
        "Horror",
      ],
      "classification": "15",
      "directors": [
        "Robert Eggers",
      ],
      "duration": 7920000,
      "trailer": "https://www.youtube.com/watch?v=nulvWqYUM8k",
    },
    "performances": [
      {
        "accessibility": {},
        "bookingUrl": "https://purchase.everymancinema.com/startticketing/1046/12633",
        "notes": "20% of seats sold",
        "status": {
          "soldOut": false,
        },
        "time": 1737654300000,
      },
      {
        "accessibility": {},
        "bookingUrl": "https://purchase.everymancinema.com/startticketing/1046/12807",
        "notes": "20% of seats sold",
        "status": {
          "soldOut": false,
        },
        "time": 1737739800000,
      },
      {
        "accessibility": {},
        "bookingUrl": "https://purchase.everymancinema.com/startticketing/1046/12832",
        "notes": "5% of seats sold",
        "status": {
          "soldOut": false,
        },
        "time": 1737808200000,
      },
      {
        "accessibility": {},
        "bookingUrl": "https://purchase.everymancinema.com/startticketing/1046/12813",
        "notes": "6% of seats sold",
        "status": {
          "soldOut": false,
        },
        "time": 1737907200000,
      },
      {
        "accessibility": {},
        "bookingUrl": "https://purchase.everymancinema.com/startticketing/1046/12815",
        "notes": "0% of seats sold
Reduced ticket price for guests aged 55 and over, including a complimentary hot drink and a slice of cake",
        "status": {
          "soldOut": false,
        },
        "time": 1737980400000,
      },
      {
        "accessibility": {},
        "bookingUrl": "https://purchase.everymancinema.com/startticketing/1046/12819",
        "notes": "0% of seats sold",
        "status": {
          "soldOut": false,
        },
        "time": 1738081800000,
      },
      {
        "accessibility": {},
        "bookingUrl": "https://purchase.everymancinema.com/startticketing/1046/12822",
        "notes": "0% of seats sold",
        "status": {
          "soldOut": false,
        },
        "time": 1738153800000,
      },
    ],
    "title": "Nosferatu",
    "url": "https://www.everymancinema.com/film-listing/239839-nosferatu",
  },
  {
    "overview": {
      "actors": [
        "Jesse Eisenberg",
        "Kieran Culkin",
        "Will Sharpe",
        "Jennifer Grey",
        "Kurt Egyiawan",
      ],
      "categories": [
        "Comedy drama",
      ],
      "directors": [
        "Jesse Eisenberg",
      ],
      "duration": 5400000,
    },
    "performances": [
      {
        "accessibility": {},
        "bookingUrl": "https://purchase.everymancinema.com/startticketing/1046/12853",
        "notes": "72% of seats sold",
        "status": {
          "soldOut": false,
        },
        "time": 1738263600000,
      },
    ],
    "title": "Soundtracking: A Real Pain + Live Q&A",
    "url": "https://www.everymancinema.com/film-listing/1000018611-soundtracking-a-real-pain-live-qanda",
  },
  {
    "overview": {
      "actors": [
        "Adrien Brody",
        "Felicity Jones",
        "Guy Pearce",
        "Joe Alwyn",
        "Raffey Cassidy",
        "Stacy Martin",
        "Isaach de Bankolé",
        "Alessandro Nivola",
        "Emma Laird",
        "Jonathan Hyde",
      ],
      "categories": [
        "Drama",
        "Romance",
      ],
      "classification": "18",
      "directors": [
        "Brady Corbet",
      ],
      "duration": 12840000,
    },
    "performances": [
      {
        "accessibility": {},
        "bookingUrl": "https://purchase.everymancinema.com/startticketing/1046/12806",
        "notes": "3% of seats sold",
        "status": {
          "soldOut": false,
        },
        "time": 1737723600000,
      },
      {
        "accessibility": {},
        "bookingUrl": "https://purchase.everymancinema.com/startticketing/1046/12688",
        "notes": "78% of seats sold",
        "status": {
          "soldOut": false,
        },
        "time": 1737744300000,
      },
      {
        "accessibility": {},
        "bookingUrl": "https://purchase.everymancinema.com/startticketing/1046/12809",
        "notes": "17% of seats sold",
        "status": {
          "soldOut": false,
        },
        "time": 1737810900000,
      },
      {
        "accessibility": {},
        "bookingUrl": "https://purchase.everymancinema.com/startticketing/1046/12692",
        "notes": "66% of seats sold",
        "status": {
          "soldOut": false,
        },
        "time": 1737831600000,
      },
      {
        "accessibility": {},
        "bookingUrl": "https://purchase.everymancinema.com/startticketing/1046/12356",
        "notes": "32% of seats sold",
        "status": {
          "soldOut": false,
        },
        "time": 1737897300000,
      },
      {
        "accessibility": {},
        "bookingUrl": "https://purchase.everymancinema.com/startticketing/1046/12696",
        "notes": "14% of seats sold",
        "status": {
          "soldOut": false,
        },
        "time": 1737918000000,
      },
      {
        "accessibility": {},
        "bookingUrl": "https://purchase.everymancinema.com/startticketing/1046/12837",
        "notes": "2% of seats sold",
        "status": {
          "soldOut": false,
        },
        "time": 1737983400000,
      },
      {
        "accessibility": {},
        "bookingUrl": "https://purchase.everymancinema.com/startticketing/1046/12700",
        "notes": "44% of seats sold",
        "status": {
          "soldOut": false,
        },
        "time": 1738003500000,
      },
      {
        "accessibility": {},
        "bookingUrl": "https://purchase.everymancinema.com/startticketing/1046/12818",
        "notes": "2% of seats sold",
        "status": {
          "soldOut": false,
        },
        "time": 1738065600000,
      },
      {
        "accessibility": {},
        "bookingUrl": "https://purchase.everymancinema.com/startticketing/1046/12820",
        "notes": "4% of seats sold",
        "status": {
          "soldOut": false,
        },
        "time": 1738092600000,
      },
      {
        "accessibility": {},
        "bookingUrl": "https://purchase.everymancinema.com/startticketing/1046/12845",
        "notes": "5% of seats sold
Reduced ticket price for guests aged 55 and over, including a complimentary hot drink and a slice of cake",
        "status": {
          "soldOut": false,
        },
        "time": 1738156500000,
      },
      {
        "accessibility": {},
        "bookingUrl": "https://purchase.everymancinema.com/startticketing/1046/12824",
        "notes": "4% of seats sold",
        "status": {
          "soldOut": false,
        },
        "time": 1738177200000,
      },
      {
        "accessibility": {},
        "bookingUrl": "https://purchase.everymancinema.com/startticketing/1046/12849",
        "notes": "0% of seats sold",
        "status": {
          "soldOut": false,
        },
        "time": 1738238400000,
      },
      {
        "accessibility": {
          "subtitled": true,
        },
        "bookingUrl": "https://purchase.everymancinema.com/startticketing/1046/12851",
        "notes": "2% of seats sold",
        "status": {
          "soldOut": false,
        },
        "time": 1738265400000,
      },
    ],
    "title": "The Brutalist",
    "url": "https://www.everymancinema.com/film-listing/269838-the-brutalist",
  },
  {
    "overview": {
      "actors": [
        "Harrison Ford",
        "Rutger Hauer",
        "Sean Young",
      ],
      "categories": [
        "Action",
        "Drama",
        "Science fiction",
        "Thriller",
      ],
      "directors": [
        "Ridley Scott",
      ],
      "duration": 7020000,
      "trailer": "https://www.youtube.com/watch?v=qoEyZoOTtss",
    },
    "performances": [
      {
        "accessibility": {},
        "bookingUrl": "https://purchase.everymancinema.com/startticketing/1046/12357",
        "notes": "52% of seats sold
Includes complimentary popcorn and a drink",
        "status": {
          "soldOut": false,
        },
        "time": 1737913500000,
      },
      {
        "accessibility": {},
        "bookingUrl": "https://purchase.everymancinema.com/startticketing/1046/12842",
        "notes": "0% of seats sold
Includes complimentary popcorn and a drink",
        "status": {
          "soldOut": false,
        },
        "time": 1738086300000,
      },
    ],
    "title": "Throwback: Blade Runner (The Final Cut)",
    "url": "https://www.everymancinema.com/film-listing/1000017087-throwback-blade-runner-the-final-cut",
  },
  {
    "overview": {
      "actors": [
        "Kevin Spacey",
        "Chazz Palminteri",
        "Gabriel Byrne",
      ],
      "categories": [
        "Detective",
        "Thriller",
      ],
      "directors": [
        "Bryan Singer",
      ],
      "duration": 6360000,
      "trailer": "https://www.youtube.com/watch?v=x3t0Nc6fg7w",
    },
    "performances": [
      {
        "accessibility": {},
        "bookingUrl": "https://purchase.everymancinema.com/startticketing/1046/12361",
        "notes": "11% of seats sold
Includes complimentary popcorn and a drink",
        "status": {
          "soldOut": false,
        },
        "time": 1738529100000,
      },
    ],
    "title": "Throwback: The Usual Suspects",
    "url": "https://www.everymancinema.com/film-listing/1000016745-throwback-the-usual-suspects",
  },
  {
    "overview": {
      "actors": [
        "Andrew Garfield",
        "Florence Pugh",
        "Aoife Hinds",
        "Adam James",
        "Grace Delaney",
        "Lee Braithwaite",
        "Douglas Hodge",
        "Marama Corlett",
        "Nikhil Parmar",
        "Amy Morgan",
      ],
      "categories": [
        "Comedy drama",
        "Romance",
        "Drama",
      ],
      "classification": "15",
      "directors": [
        "John Crowley",
      ],
      "duration": 6480000,
      "trailer": "https://www.youtube.com/watch?v=MH02yagHaNw",
    },
    "performances": [
      {
        "accessibility": {},
        "bookingUrl": "https://purchase.everymancinema.com/startticketing/1046/12805",
        "notes": "0% of seats sold",
        "status": {
          "soldOut": false,
        },
        "time": 1737713700000,
      },
      {
        "accessibility": {},
        "bookingUrl": "https://purchase.everymancinema.com/startticketing/1046/12810",
        "notes": "25% of seats sold",
        "status": {
          "soldOut": false,
        },
        "time": 1737827400000,
      },
      {
        "accessibility": {},
        "bookingUrl": "https://purchase.everymancinema.com/startticketing/1046/12811",
        "notes": "0% of seats sold",
        "status": {
          "soldOut": false,
        },
        "time": 1737885600000,
      },
      {
        "accessibility": {},
        "bookingUrl": "https://purchase.everymancinema.com/startticketing/1046/12838",
        "notes": "9% of seats sold",
        "status": {
          "soldOut": false,
        },
        "time": 1737999600000,
      },
      {
        "accessibility": {},
        "bookingUrl": "https://purchase.everymancinema.com/startticketing/1046/12817",
        "notes": "0% of seats sold",
        "status": {
          "soldOut": false,
        },
        "time": 1738056000000,
      },
      {
        "accessibility": {},
        "bookingUrl": "https://purchase.everymancinema.com/startticketing/1046/12846",
        "notes": "13% of seats sold",
        "status": {
          "soldOut": false,
        },
        "time": 1738173000000,
      },
      {
        "accessibility": {
          "babyFriendly": true,
        },
        "bookingUrl": "https://purchase.everymancinema.com/startticketing/1046/12848",
        "notes": "2% of seats sold",
        "status": {
          "soldOut": false,
        },
        "time": 1738228800000,
      },
    ],
    "title": "We Live In Time",
    "url": "https://www.everymancinema.com/film-listing/314383-we-live-in-time",
  },
]
`;
