// Jest Snapshot v1, https://goo.gl/fbAQLP

exports[`Curzon Soho retrieve and transform 1`] = `
[
  {
    "overview": {
      "actors": [
        "Timoth√©e Chalamet",
        "Norbert Leo Butz",
        "Dan Fogler",
        "Monica Barbaro",
        "Scoot McNairy",
        "Boyd Holbrook",
        "Edward Norton",
        "Elle Fanning",
      ],
      "categories": [
        "Drama",
      ],
      "classification": "15",
      "directors": [
        "James Mangold",
      ],
      "duration": 8460000,
      "trailer": "https://www.youtube.com/watch?v=Nsvexi2Ulbs",
    },
    "performances": [
      {
        "accessibility": {},
        "bookingUrl": "https://www.curzon.com/ticketing/seats/SOH1-48279/",
        "notes": "",
        "screen": "3",
        "status": {
          "soldOut": false,
        },
        "time": 1737655200000,
      },
      {
        "accessibility": {},
        "bookingUrl": "https://www.curzon.com/ticketing/seats/SOH1-48278/",
        "notes": "",
        "screen": "1",
        "status": {
          "soldOut": false,
        },
        "time": 1737665100000,
      },
      {
        "accessibility": {},
        "bookingUrl": "https://www.curzon.com/ticketing/seats/SOH1-48341/",
        "notes": "",
        "screen": "1",
        "status": {
          "soldOut": false,
        },
        "time": 1737715200000,
      },
      {
        "accessibility": {},
        "bookingUrl": "https://www.curzon.com/ticketing/seats/SOH1-48340/",
        "notes": "",
        "screen": "2",
        "status": {
          "soldOut": false,
        },
        "time": 1737729600000,
      },
      {
        "accessibility": {},
        "bookingUrl": "https://www.curzon.com/ticketing/seats/SOH1-48339/",
        "notes": "",
        "screen": "2",
        "status": {
          "soldOut": false,
        },
        "time": 1737741000000,
      },
      {
        "accessibility": {},
        "bookingUrl": "https://www.curzon.com/ticketing/seats/SOH1-48338/",
        "notes": "",
        "screen": "2",
        "status": {
          "soldOut": false,
        },
        "time": 1737752400000,
      },
      {
        "accessibility": {},
        "bookingUrl": "https://www.curzon.com/ticketing/seats/SOH1-48347/",
        "notes": "",
        "screen": "1",
        "status": {
          "soldOut": false,
        },
        "time": 1737806400000,
      },
      {
        "accessibility": {},
        "bookingUrl": "https://www.curzon.com/ticketing/seats/SOH1-48346/",
        "notes": "",
        "screen": "2",
        "status": {
          "soldOut": false,
        },
        "time": 1737825600000,
      },
      {
        "accessibility": {},
        "bookingUrl": "https://www.curzon.com/ticketing/seats/SOH1-48345/",
        "notes": "",
        "screen": "3",
        "status": {
          "soldOut": false,
        },
        "time": 1737837000000,
      },
      {
        "accessibility": {},
        "bookingUrl": "https://www.curzon.com/ticketing/seats/SOH1-48352/",
        "notes": "",
        "screen": "3",
        "status": {
          "soldOut": false,
        },
        "time": 1737890400000,
      },
      {
        "accessibility": {},
        "bookingUrl": "https://www.curzon.com/ticketing/seats/SOH1-48351/",
        "notes": "",
        "screen": "2",
        "status": {
          "soldOut": false,
        },
        "time": 1737909900000,
      },
      {
        "accessibility": {},
        "bookingUrl": "https://www.curzon.com/ticketing/seats/SOH1-48350/",
        "notes": "",
        "screen": "3",
        "status": {
          "soldOut": false,
        },
        "time": 1737918000000,
      },
      {
        "accessibility": {},
        "bookingUrl": "https://www.curzon.com/ticketing/seats/SOH1-48360/",
        "notes": "",
        "screen": "3",
        "status": {
          "soldOut": false,
        },
        "time": 1737978000000,
      },
      {
        "accessibility": {},
        "bookingUrl": "https://www.curzon.com/ticketing/seats/SOH1-48358/",
        "notes": "",
        "screen": "1",
        "status": {
          "soldOut": false,
        },
        "time": 1737990600000,
      },
      {
        "accessibility": {},
        "bookingUrl": "https://www.curzon.com/ticketing/seats/SOH1-48357/",
        "notes": "",
        "screen": "2",
        "status": {
          "soldOut": false,
        },
        "time": 1738011600000,
      },
      {
        "accessibility": {
          "hardOfHearing": true,
        },
        "bookingUrl": "https://www.curzon.com/ticketing/seats/SOH1-48370/",
        "notes": "",
        "screen": "2",
        "status": {
          "soldOut": false,
        },
        "time": 1738062600000,
      },
      {
        "accessibility": {},
        "bookingUrl": "https://www.curzon.com/ticketing/seats/SOH1-48367/",
        "notes": "",
        "screen": "2",
        "status": {
          "soldOut": false,
        },
        "time": 1738074600000,
      },
      {
        "accessibility": {},
        "bookingUrl": "https://www.curzon.com/ticketing/seats/SOH1-48366/",
        "notes": "",
        "screen": "2",
        "status": {
          "soldOut": false,
        },
        "time": 1738086600000,
      },
      {
        "accessibility": {},
        "bookingUrl": "https://www.curzon.com/ticketing/seats/SOH1-48362/",
        "notes": "",
        "screen": "3",
        "status": {
          "soldOut": false,
        },
        "time": 1738096200000,
      },
      {
        "accessibility": {},
        "bookingUrl": "https://www.curzon.com/ticketing/seats/SOH1-48378/",
        "notes": "",
        "screen": "1",
        "status": {
          "soldOut": false,
        },
        "time": 1738150200000,
      },
      {
        "accessibility": {},
        "bookingUrl": "https://www.curzon.com/ticketing/seats/SOH1-48373/",
        "notes": "",
        "screen": "3",
        "status": {
          "soldOut": false,
        },
        "time": 1738174800000,
      },
      {
        "accessibility": {},
        "bookingUrl": "https://www.curzon.com/ticketing/seats/SOH1-48372/",
        "notes": "",
        "screen": "2",
        "status": {
          "soldOut": false,
        },
        "time": 1738184400000,
      },
      {
        "accessibility": {},
        "bookingUrl": "https://www.curzon.com/ticketing/seats/SOH1-48387/",
        "notes": "",
        "screen": "3",
        "status": {
          "soldOut": false,
        },
        "time": 1738240200000,
      },
      {
        "accessibility": {},
        "bookingUrl": "https://www.curzon.com/ticketing/seats/SOH1-48384/",
        "notes": "",
        "screen": "3",
        "status": {
          "soldOut": false,
        },
        "time": 1738252800000,
      },
      {
        "accessibility": {},
        "bookingUrl": "https://www.curzon.com/ticketing/seats/SOH1-48383/",
        "notes": "",
        "screen": "2",
        "status": {
          "soldOut": false,
        },
        "time": 1738270800000,
      },
    ],
    "title": "A Complete Unknown",
    "url": "https://www.curzon.com/films/a-complete-unknown/HO00005874/?siteId=SOH1",
  },
  {
    "overview": {
      "actors": [
        "Will Sharpe",
        "Jesse Eisenberg",
        "Jennifer Grey",
        "Kieran Culkin",
        "Kurt Egyiawan",
        "Liza Sadovy",
        "Daniel Oreskes",
      ],
      "categories": [
        "Drama",
        "Comedy",
      ],
      "classification": "15",
      "directors": [
        "Jesse Eisenberg",
      ],
      "duration": 5400000,
      "trailer": "https://www.youtube.com/watch?v=lGeZQWMMDgM",
    },
    "performances": [
      {
        "accessibility": {},
        "bookingUrl": "https://www.curzon.com/ticketing/seats/SOH1-48332/",
        "notes": "Awards Season Screening: For more information visit curzon.com/awards-season
Members preview: Members' only preview screening.
Screening followed by a Q&A: Q&A",
        "screen": "1",
        "status": {
          "soldOut": false,
        },
        "time": 1738428000000,
      },
    ],
    "title": "A Real Pain",
    "url": "https://www.curzon.com/films/a-real-pain/HO00005873/?siteId=SOH1",
  },
  {
    "overview": {
      "actors": [
        "Antonio Banderas",
        "Nicole Kidman",
        "Harris Dickinson",
        "Sophie Wilde",
        "Jean Reno",
        "Anoop Desai",
      ],
      "categories": [
        "Drama",
        "Romance",
      ],
      "classification": "18",
      "directors": [
        "Halina Reijn",
      ],
      "duration": 6840000,
      "trailer": "https://www.youtube.com/watch?v=dq_bnfZy9-g",
    },
    "performances": [
      {
        "accessibility": {},
        "bookingUrl": "https://www.curzon.com/ticketing/seats/SOH1-48294/",
        "notes": "",
        "screen": "3",
        "status": {
          "soldOut": false,
        },
        "time": 1737666600000,
      },
      {
        "accessibility": {
          "hardOfHearing": true,
        },
        "bookingUrl": "https://www.curzon.com/ticketing/seats/SOH1-48342/",
        "notes": "",
        "screen": "3",
        "status": {
          "soldOut": false,
        },
        "time": 1737719100000,
      },
      {
        "accessibility": {},
        "bookingUrl": "https://www.curzon.com/ticketing/seats/SOH1-48337/",
        "notes": "",
        "screen": "3",
        "status": {
          "soldOut": false,
        },
        "time": 1737728400000,
      },
      {
        "accessibility": {},
        "bookingUrl": "https://www.curzon.com/ticketing/seats/SOH1-48343/",
        "notes": "",
        "screen": "3",
        "status": {
          "soldOut": false,
        },
        "time": 1737753600000,
      },
      {
        "accessibility": {},
        "bookingUrl": "https://www.curzon.com/ticketing/seats/SOH1-48219/",
        "notes": "",
        "screen": "3",
        "status": {
          "soldOut": false,
        },
        "time": 1737802800000,
      },
      {
        "accessibility": {},
        "bookingUrl": "https://www.curzon.com/ticketing/seats/SOH1-48232/",
        "notes": "",
        "screen": "2",
        "status": {
          "soldOut": false,
        },
        "time": 1737838800000,
      },
      {
        "accessibility": {},
        "bookingUrl": "https://www.curzon.com/ticketing/seats/SOH1-48355/",
        "notes": "",
        "screen": "2",
        "status": {
          "soldOut": false,
        },
        "time": 1737889200000,
      },
      {
        "accessibility": {},
        "bookingUrl": "https://www.curzon.com/ticketing/seats/SOH1-48354/",
        "notes": "",
        "screen": "2",
        "status": {
          "soldOut": false,
        },
        "time": 1737900000000,
      },
      {
        "accessibility": {},
        "bookingUrl": "https://www.curzon.com/ticketing/seats/SOH1-48353/",
        "notes": "",
        "screen": "2",
        "status": {
          "soldOut": false,
        },
        "time": 1737921600000,
      },
      {
        "accessibility": {},
        "bookingUrl": "https://www.curzon.com/ticketing/seats/SOH1-48356/",
        "notes": "",
        "screen": "1",
        "status": {
          "soldOut": false,
        },
        "time": 1737980400000,
      },
      {
        "accessibility": {},
        "bookingUrl": "https://www.curzon.com/ticketing/seats/SOH1-48369/",
        "notes": "",
        "screen": "1",
        "status": {
          "soldOut": false,
        },
        "time": 1738066200000,
      },
      {
        "accessibility": {},
        "bookingUrl": "https://www.curzon.com/ticketing/seats/SOH1-48363/",
        "notes": "",
        "screen": "2",
        "status": {
          "soldOut": false,
        },
        "time": 1738098000000,
      },
      {
        "accessibility": {},
        "bookingUrl": "https://www.curzon.com/ticketing/seats/SOH1-48377/",
        "notes": "",
        "screen": "3",
        "status": {
          "soldOut": false,
        },
        "time": 1738152600000,
      },
      {
        "accessibility": {},
        "bookingUrl": "https://www.curzon.com/ticketing/seats/SOH1-48374/",
        "notes": "",
        "screen": "3",
        "status": {
          "soldOut": false,
        },
        "time": 1738186200000,
      },
      {
        "accessibility": {},
        "bookingUrl": "https://www.curzon.com/ticketing/seats/SOH1-48386/",
        "notes": "",
        "screen": "1",
        "status": {
          "soldOut": false,
        },
        "time": 1738234200000,
      },
      {
        "accessibility": {},
        "bookingUrl": "https://www.curzon.com/ticketing/seats/SOH1-48382/",
        "notes": "",
        "screen": "1",
        "status": {
          "soldOut": false,
        },
        "time": 1738272000000,
      },
    ],
    "title": "Babygirl",
    "url": "https://www.curzon.com/films/babygirl/HO00005853/?siteId=SOH1",
  },
  {
    "overview": {
      "actors": [],
      "categories": [
        "Comedy",
        "Family",
        "Fantasy",
      ],
      "classification": "U",
      "directors": [
        "Gints Zilbalodis",
      ],
      "duration": 5100000,
    },
    "performances": [
      {
        "accessibility": {},
        "bookingUrl": "https://www.curzon.com/ticketing/seats/SOH1-48333/",
        "notes": "Special Preview: Special Preview Screening
Screening followed by a Q&A: Q&A",
        "screen": "1",
        "status": {
          "soldOut": false,
        },
        "time": 1738497600000,
      },
    ],
    "title": "Flow",
    "url": "https://www.curzon.com/films/flow/HO00005936/?siteId=SOH1",
  },
  {
    "overview": {
      "actors": [
        "Marianne Jean-Baptiste",
        "Michele Austin",
      ],
      "categories": [
        "Drama",
      ],
      "classification": "12A",
      "directors": [
        "Mike Leigh",
      ],
      "duration": 5820000,
      "trailer": "https://www.youtube.com/watch?v=gFuEZfZUKIk",
    },
    "performances": [
      {
        "accessibility": {},
        "bookingUrl": "https://www.curzon.com/ticketing/seats/SOH1-48109/",
        "notes": "Screening followed by a Q&A: Q&A",
        "screen": "1",
        "status": {
          "soldOut": false,
        },
        "time": 1738347600000,
      },
    ],
    "title": "Hard Truths",
    "url": "https://www.curzon.com/films/hard-truths/HO00005876/?siteId=SOH1",
  },
  {
    "overview": {
      "actors": [
        "Martin Parr",
      ],
      "categories": [
        "Documentary",
      ],
      "directors": [
        "Lee Shulman",
      ],
      "duration": 4080000,
      "trailer": "https://www.youtube.com/watch?v=60-EJ6RCiTE",
    },
    "performances": [
      {
        "accessibility": {},
        "bookingUrl": "https://www.curzon.com/ticketing/seats/SOH1-48334/",
        "notes": "Members preview: Members' only preview screening.
Special Preview: Special Preview Screening
Screening followed by a Q&A: Q&A",
        "screen": "1",
        "status": {
          "soldOut": false,
        },
        "time": 1739989200000,
      },
    ],
    "title": "I Am Martin Parr",
    "url": "https://www.curzon.com/films/i-am-martin-parr/HO00005930/?siteId=SOH1",
  },
  {
    "overview": {
      "actors": [],
      "categories": [
        "Drama",
      ],
      "classification": "18",
      "directors": [
        "Chantal Akerman",
      ],
      "duration": 5160000,
    },
    "performances": [
      {
        "accessibility": {},
        "bookingUrl": "https://www.curzon.com/ticketing/seats/SOH1-48233/",
        "notes": "Valentine's Day: Special Valentine's Day Screening",
        "screen": "3",
        "status": {
          "soldOut": false,
        },
        "time": 1739566800000,
      },
    ],
    "title": "Je, tu, il, elle",
    "url": "https://www.curzon.com/films/je-tu-il-elle/HO00005916/?siteId=SOH1",
  },
  {
    "overview": {
      "actors": [],
      "categories": [
        "Drama",
      ],
      "classification": "18",
      "directors": [],
      "duration": 7200000,
    },
    "performances": [
      {
        "accessibility": {},
        "bookingUrl": "https://www.curzon.com/ticketing/seats/SOH1-47707/",
        "notes": "Festival: Film Festival",
        "screen": "1",
        "status": {
          "soldOut": false,
        },
        "time": 1737903600000,
      },
    ],
    "title": "LSFF 2025: Awards Winners",
    "url": "https://www.curzon.com/films/lsff-2025-awards-winners/HO00005865/?siteId=SOH1",
  },
  {
    "overview": {
      "actors": [],
      "categories": [
        "Drama",
      ],
      "classification": "18",
      "directors": [],
      "duration": 5280000,
    },
    "performances": [
      {
        "accessibility": {},
        "bookingUrl": "https://www.curzon.com/ticketing/seats/SOH1-47704/",
        "notes": "Festival: Film Festival",
        "screen": "1",
        "status": {
          "soldOut": false,
        },
        "time": 1737742800000,
      },
    ],
    "title": "LSFF 2025: British Lives",
    "url": "https://www.curzon.com/films/lsff-2025-british-lives/HO00005863/?siteId=SOH1",
  },
  {
    "overview": {
      "actors": [],
      "categories": [
        "Drama",
      ],
      "classification": "18",
      "directors": [],
      "duration": 5100000,
    },
    "performances": [
      {
        "accessibility": {},
        "bookingUrl": "https://www.curzon.com/ticketing/seats/SOH1-47706/",
        "notes": "Festival: Film Festival",
        "screen": "3",
        "status": {
          "soldOut": false,
        },
        "time": 1737828000000,
      },
    ],
    "title": "LSFF 2025: I Film, Therefore I Am",
    "url": "https://www.curzon.com/films/lsff-2025-i-film-therefore-i-am/HO00005864/?siteId=SOH1",
  },
  {
    "overview": {
      "actors": [],
      "categories": [
        "Drama",
      ],
      "classification": "18",
      "directors": [],
      "duration": 5520000,
    },
    "performances": [
      {
        "accessibility": {},
        "bookingUrl": "https://www.curzon.com/ticketing/seats/SOH1-47703/",
        "notes": "Festival: Film Festival",
        "screen": "1",
        "status": {
          "soldOut": false,
        },
        "time": 1737656400000,
      },
    ],
    "title": "LSFF 2025: London Lives",
    "url": "https://www.curzon.com/films/lsff-2025-london-lives/HO00005862/?siteId=SOH1",
  },
  {
    "overview": {
      "actors": [
        "Simon McBurney",
        "Nicholas Hoult",
        "Ralph Ineson",
        "Willem Dafoe",
        "Aaron Taylor-Johnson",
        "Emma Corrin",
        "Bill Skarsg√•rd",
        "Lily-Rose Depp",
      ],
      "categories": [
        "Drama",
        "Fantasy",
        "Horror",
      ],
      "classification": "15",
      "directors": [
        "Robert Eggers",
      ],
      "duration": 7920000,
      "trailer": "https://www.youtube.com/watch?v=Px6S0RxfAHg",
    },
    "performances": [
      {
        "accessibility": {},
        "bookingUrl": "https://www.curzon.com/ticketing/seats/SOH1-48297/",
        "notes": "",
        "screen": "2",
        "status": {
          "soldOut": false,
        },
        "time": 1737663600000,
      },
    ],
    "title": "Nosferatu",
    "url": "https://www.curzon.com/films/nosferatu/HO00005839/?siteId=SOH1",
  },
  {
    "overview": {
      "actors": [
        "Felicity Jones",
        "Joe Alwyn",
        "Stacy Martin",
        "Alessandro Nivola",
        "Adrien Brody",
        "Raffey Cassidy",
        "Emma Laird",
        "Isaach De Bankol√©",
        "Guy Pearce",
      ],
      "categories": [
        "Drama",
      ],
      "classification": "18",
      "directors": [
        "Brady Corbet",
      ],
      "duration": 12900000,
      "trailer": "https://www.youtube.com/watch?v=hNiwPU5vjCk",
    },
    "performances": [
      {
        "accessibility": {},
        "bookingUrl": "https://www.curzon.com/ticketing/seats/SOH1-48344/",
        "notes": "Awards Season Screening: For more information visit curzon.com/awards-season",
        "screen": "2",
        "status": {
          "soldOut": false,
        },
        "time": 1737713700000,
      },
      {
        "accessibility": {},
        "bookingUrl": "https://www.curzon.com/ticketing/seats/SOH1-48209/",
        "notes": "",
        "screen": "1",
        "status": {
          "soldOut": false,
        },
        "time": 1737726600000,
      },
      {
        "accessibility": {},
        "bookingUrl": "https://www.curzon.com/ticketing/seats/SOH1-48224/",
        "notes": "Awards Season Screening: For more information visit curzon.com/awards-season",
        "screen": "3",
        "status": {
          "soldOut": false,
        },
        "time": 1737738000000,
      },
      {
        "accessibility": {},
        "bookingUrl": "https://www.curzon.com/ticketing/seats/SOH1-48208/",
        "notes": "",
        "screen": "1",
        "status": {
          "soldOut": false,
        },
        "time": 1737749700000,
      },
      {
        "accessibility": {},
        "bookingUrl": "https://www.curzon.com/ticketing/seats/SOH1-48348/",
        "notes": "Awards Season Screening: For more information visit curzon.com/awards-season",
        "screen": "2",
        "status": {
          "soldOut": false,
        },
        "time": 1737808200000,
      },
      {
        "accessibility": {},
        "bookingUrl": "https://www.curzon.com/ticketing/seats/SOH1-48207/",
        "notes": "Awards Season Screening: For more information visit curzon.com/awards-season",
        "screen": "3",
        "status": {
          "soldOut": false,
        },
        "time": 1737812400000,
      },
      {
        "accessibility": {},
        "bookingUrl": "https://www.curzon.com/ticketing/seats/SOH1-48389/",
        "notes": "Awards Season Screening: For more information visit curzon.com/awards-season",
        "screen": "1",
        "status": {
          "soldOut": false,
        },
        "time": 1737817800000,
      },
      {
        "accessibility": {},
        "bookingUrl": "https://www.curzon.com/ticketing/seats/SOH1-48206/",
        "notes": "",
        "screen": "1",
        "status": {
          "soldOut": false,
        },
        "time": 1737833400000,
      },
      {
        "accessibility": {},
        "bookingUrl": "https://www.curzon.com/ticketing/seats/SOH1-48211/",
        "notes": "",
        "screen": "1",
        "status": {
          "soldOut": false,
        },
        "time": 1737888000000,
      },
      {
        "accessibility": {},
        "bookingUrl": "https://www.curzon.com/ticketing/seats/SOH1-48349/",
        "notes": "Awards Season Screening: For more information visit curzon.com/awards-season",
        "screen": "3",
        "status": {
          "soldOut": false,
        },
        "time": 1737901800000,
      },
      {
        "accessibility": {},
        "bookingUrl": "https://www.curzon.com/ticketing/seats/SOH1-48210/",
        "notes": "",
        "screen": "1",
        "status": {
          "soldOut": false,
        },
        "time": 1737914400000,
      },
      {
        "accessibility": {},
        "bookingUrl": "https://www.curzon.com/ticketing/seats/SOH1-48361/",
        "notes": "Awards Season Screening: For more information visit curzon.com/awards-season",
        "screen": "2",
        "status": {
          "soldOut": false,
        },
        "time": 1737979200000,
      },
      {
        "accessibility": {},
        "bookingUrl": "https://www.curzon.com/ticketing/seats/SOH1-48318/",
        "notes": "Awards Season Screening: For more information visit curzon.com/awards-season",
        "screen": "3",
        "status": {
          "soldOut": false,
        },
        "time": 1737989400000,
      },
      {
        "accessibility": {},
        "bookingUrl": "https://www.curzon.com/ticketing/seats/SOH1-48231/",
        "notes": "Awards Season Screening: For more information visit curzon.com/awards-season",
        "screen": "2",
        "status": {
          "soldOut": false,
        },
        "time": 1737995400000,
      },
      {
        "accessibility": {},
        "bookingUrl": "https://www.curzon.com/ticketing/seats/SOH1-48230/",
        "notes": "Awards Season Screening: For more information visit curzon.com/awards-season",
        "screen": "3",
        "status": {
          "soldOut": false,
        },
        "time": 1738005600000,
      },
      {
        "accessibility": {},
        "bookingUrl": "https://www.curzon.com/ticketing/seats/SOH1-48368/",
        "notes": "Awards Season Screening: For more information visit curzon.com/awards-season",
        "screen": "3",
        "status": {
          "soldOut": false,
        },
        "time": 1738063800000,
      },
      {
        "accessibility": {},
        "bookingUrl": "https://www.curzon.com/ticketing/seats/SOH1-48365/",
        "notes": "Awards Season Screening: For more information visit curzon.com/awards-season",
        "screen": "1",
        "status": {
          "soldOut": false,
        },
        "time": 1738076400000,
      },
      {
        "accessibility": {},
        "bookingUrl": "https://www.curzon.com/ticketing/seats/SOH1-48364/",
        "notes": "Awards Season Screening: For more information visit curzon.com/awards-season",
        "screen": "3",
        "status": {
          "soldOut": false,
        },
        "time": 1738080000000,
      },
      {
        "accessibility": {},
        "bookingUrl": "https://www.curzon.com/ticketing/seats/SOH1-48214/",
        "notes": "",
        "screen": "1",
        "status": {
          "soldOut": false,
        },
        "time": 1738092000000,
      },
      {
        "accessibility": {},
        "bookingUrl": "https://www.curzon.com/ticketing/seats/SOH1-48376/",
        "notes": "Awards Season Screening: For more information visit curzon.com/awards-season",
        "screen": "2",
        "status": {
          "soldOut": false,
        },
        "time": 1738151400000,
      },
      {
        "accessibility": {},
        "bookingUrl": "https://www.curzon.com/ticketing/seats/SOH1-48371/",
        "notes": "Awards Season Screening: For more information visit curzon.com/awards-season",
        "screen": "1",
        "status": {
          "soldOut": false,
        },
        "time": 1738161600000,
      },
      {
        "accessibility": {},
        "bookingUrl": "https://www.curzon.com/ticketing/seats/SOH1-48375/",
        "notes": "Awards Season Screening: For more information visit curzon.com/awards-season",
        "screen": "2",
        "status": {
          "soldOut": false,
        },
        "time": 1738168200000,
      },
      {
        "accessibility": {},
        "bookingUrl": "https://www.curzon.com/ticketing/seats/SOH1-48217/",
        "notes": "",
        "screen": "1",
        "status": {
          "soldOut": false,
        },
        "time": 1738178400000,
      },
      {
        "accessibility": {},
        "bookingUrl": "https://www.curzon.com/ticketing/seats/SOH1-48379/",
        "notes": "Awards Season Screening: For more information visit curzon.com/awards-season",
        "screen": "2",
        "status": {
          "soldOut": false,
        },
        "time": 1738238400000,
      },
      {
        "accessibility": {},
        "bookingUrl": "https://www.curzon.com/ticketing/seats/SOH1-48385/",
        "notes": "Awards Season Screening: For more information visit curzon.com/awards-season",
        "screen": "1",
        "status": {
          "soldOut": false,
        },
        "time": 1738243800000,
      },
      {
        "accessibility": {},
        "bookingUrl": "https://www.curzon.com/ticketing/seats/SOH1-48380/",
        "notes": "Awards Season Screening: For more information visit curzon.com/awards-season",
        "screen": "2",
        "status": {
          "soldOut": false,
        },
        "time": 1738254600000,
      },
      {
        "accessibility": {},
        "bookingUrl": "https://www.curzon.com/ticketing/seats/SOH1-48381/",
        "notes": "Awards Season Screening: For more information visit curzon.com/awards-season",
        "screen": "3",
        "status": {
          "soldOut": false,
        },
        "time": 1738265400000,
      },
    ],
    "title": "The Brutalist",
    "url": "https://www.curzon.com/films/the-brutalist/HO00005872/?siteId=SOH1",
  },
  {
    "overview": {
      "actors": [
        "Dave Bautista",
        "Jamie Lee Curtis",
        "Billie Lourd",
        "Kiernan Shipka",
        "Pamela Anderson",
        "Brenda Song",
      ],
      "categories": [
        "Drama",
      ],
      "directors": [
        "Gia Coppola",
      ],
      "duration": 5100000,
      "trailer": "https://www.youtube.com/watch?v=r4xpoKBKrpo",
    },
    "performances": [
      {
        "accessibility": {},
        "bookingUrl": "https://www.curzon.com/ticketing/seats/SOH1-47931/",
        "notes": "Recorded Performance: Prerecorded Q&A",
        "screen": "1",
        "status": {
          "soldOut": false,
        },
        "time": 1739221200000,
      },
    ],
    "title": "The Last Showgirl",
    "url": "https://www.curzon.com/films/the-last-showgirl/HO00005898/?siteId=SOH1",
  },
  {
    "overview": {
      "actors": [
        "Reza Akhlaghirad",
        "Misagh Zare",
        "Mahsa Rostami",
        "Setareh Maleki",
        "Soheila Golestani",
      ],
      "categories": [
        "Drama",
      ],
      "classification": "15",
      "directors": [
        "Mohammad Rasoulof",
      ],
      "duration": 10020000,
      "trailer": "https://www.youtube.com/watch?v=NX1azcAduRc",
    },
    "performances": [
      {
        "accessibility": {},
        "bookingUrl": "https://www.curzon.com/ticketing/seats/SOH1-48110/",
        "notes": "Special Preview: Special Preview Screening
Screening followed by a Q&A: Q&A",
        "screen": "1",
        "status": {
          "soldOut": true,
        },
        "time": 1738002000000,
      },
    ],
    "title": "The Seed of the Sacred Fig",
    "url": "https://www.curzon.com/films/the-seed-of-the-sacred-fig/HO00005881/?siteId=SOH1",
  },
  {
    "overview": {
      "actors": [],
      "categories": [
        "Documentary",
      ],
      "classification": "12A",
      "directors": [
        "Lucy Walker",
        "Sam Chown Ahern",
        "Georgia Bradburn",
        "Benjamin Brown",
        "Robin Elliott-Knowles",
        "Steven Eastwood",
      ],
      "duration": 4020000,
    },
    "performances": [
      {
        "accessibility": {},
        "bookingUrl": "https://www.curzon.com/ticketing/seats/SOH1-48336/",
        "notes": "Members preview: Members' only preview screening.
Screening followed by a Q&A: Q&A",
        "screen": "3",
        "status": {
          "soldOut": false,
        },
        "time": 1742494800000,
      },
    ],
    "title": "The Stimming Pool",
    "url": "https://www.curzon.com/films/the-stimming-pool/HO00005937/?siteId=SOH1",
  },
  {
    "overview": {
      "actors": [
        "Brad Pitt",
        "Harvey Keitel",
        "Geena Davis",
        "Michael Madsen",
        "Susan Sarandon",
      ],
      "categories": [
        "Drama",
        "Family",
        "Crime",
      ],
      "classification": "15",
      "directors": [
        "Ridley Scott",
      ],
      "duration": 7800000,
      "trailer": "https://www.youtube.com/watch?v=g8Uti7PDLnI",
    },
    "performances": [
      {
        "accessibility": {},
        "bookingUrl": "https://www.curzon.com/ticketing/seats/SOH1-48227/",
        "notes": "35mm presentations: A 35mm film print
Valentine's Day: Special Valentine's Day Screening",
        "screen": "1",
        "status": {
          "soldOut": false,
        },
        "time": 1739469600000,
      },
    ],
    "title": "Thelma & Louise",
    "url": "https://www.curzon.com/films/thelma-and-louise/HO00005911/?siteId=SOH1",
  },
]
`;
