// Jest Snapshot v1, https://goo.gl/fbAQLP

exports[`The Castle Cinema retrieve and transform 1`] = `
[
  {
    "overview": {
      "actors": [
        "Timothee Chalamet",
        "Elle Fanning",
        "Edward Norton",
      ],
      "categories": [],
      "classification": "15",
      "directors": [
        "James Mangold",
      ],
      "duration": 8400000,
      "year": "2025",
    },
    "performances": [
      {
        "accessibility": {
          "audioDescription": true,
        },
        "bookingUrl": "https://thecastlecinema.com/bookings/12237/a-complete-unknown",
        "notes": "",
        "screen": "S2",
        "status": {
          "soldOut": false,
        },
        "time": 1737629100000,
      },
      {
        "accessibility": {
          "audioDescription": true,
        },
        "bookingUrl": "https://thecastlecinema.com/bookings/12230/a-complete-unknown",
        "notes": "",
        "screen": "S1",
        "status": {
          "soldOut": false,
        },
        "time": 1737648000000,
      },
      {
        "accessibility": {
          "audioDescription": true,
        },
        "bookingUrl": "https://thecastlecinema.com/bookings/12233/a-complete-unknown",
        "notes": "",
        "screen": "S2",
        "status": {
          "soldOut": false,
        },
        "time": 1737666000000,
      },
      {
        "accessibility": {
          "audioDescription": true,
        },
        "bookingUrl": "https://thecastlecinema.com/bookings/12252/a-complete-unknown",
        "notes": "",
        "screen": "S2",
        "status": {
          "soldOut": false,
        },
        "time": 1737724500000,
      },
      {
        "accessibility": {
          "audioDescription": true,
        },
        "bookingUrl": "https://thecastlecinema.com/bookings/12249/a-complete-unknown",
        "notes": "",
        "screen": "S2",
        "status": {
          "soldOut": true,
        },
        "time": 1737751500000,
      },
      {
        "accessibility": {
          "audioDescription": true,
        },
        "bookingUrl": "https://thecastlecinema.com/bookings/12263/a-complete-unknown",
        "notes": "",
        "screen": "S2",
        "status": {
          "soldOut": false,
        },
        "time": 1737810900000,
      },
      {
        "accessibility": {
          "audioDescription": true,
        },
        "bookingUrl": "https://thecastlecinema.com/bookings/12260/a-complete-unknown",
        "notes": "",
        "screen": "S2",
        "status": {
          "soldOut": false,
        },
        "time": 1737838800000,
      },
      {
        "accessibility": {
          "audioDescription": true,
        },
        "bookingUrl": "https://thecastlecinema.com/bookings/12270/a-complete-unknown",
        "notes": "",
        "screen": "S2",
        "status": {
          "soldOut": false,
        },
        "time": 1737894600000,
      },
      {
        "accessibility": {
          "audioDescription": true,
        },
        "bookingUrl": "https://thecastlecinema.com/bookings/12267/a-complete-unknown",
        "notes": "",
        "screen": "S2",
        "status": {
          "soldOut": false,
        },
        "time": 1737920700000,
      },
      {
        "accessibility": {
          "audioDescription": true,
        },
        "bookingUrl": "https://thecastlecinema.com/bookings/12278/a-complete-unknown",
        "notes": "£6 Monday!",
        "screen": "S2",
        "status": {
          "soldOut": false,
        },
        "time": 1737983700000,
      },
      {
        "accessibility": {
          "audioDescription": true,
          "hardOfHearing": true,
        },
        "bookingUrl": "https://thecastlecinema.com/bookings/12275/a-complete-unknown",
        "notes": "",
        "screen": "S2",
        "status": {
          "soldOut": true,
        },
        "time": 1738011600000,
      },
      {
        "accessibility": {
          "audioDescription": true,
        },
        "bookingUrl": "https://thecastlecinema.com/bookings/12281/a-complete-unknown",
        "notes": "",
        "screen": "S1",
        "status": {
          "soldOut": false,
        },
        "time": 1738078200000,
      },
      {
        "accessibility": {
          "audioDescription": true,
        },
        "bookingUrl": "https://thecastlecinema.com/bookings/12283/a-complete-unknown",
        "notes": "",
        "screen": "S2",
        "status": {
          "soldOut": false,
        },
        "time": 1738098000000,
      },
      {
        "accessibility": {
          "audioDescription": true,
        },
        "bookingUrl": "https://thecastlecinema.com/bookings/12302/a-complete-unknown",
        "notes": "",
        "screen": "S1",
        "status": {
          "soldOut": false,
        },
        "time": 1738149300000,
      },
      {
        "accessibility": {
          "audioDescription": true,
        },
        "bookingUrl": "https://thecastlecinema.com/bookings/12292/a-complete-unknown",
        "notes": "",
        "screen": "S2",
        "status": {
          "soldOut": false,
        },
        "time": 1738165500000,
      },
      {
        "accessibility": {
          "audioDescription": true,
        },
        "bookingUrl": "https://thecastlecinema.com/bookings/12290/a-complete-unknown",
        "notes": "",
        "screen": "S2",
        "status": {
          "soldOut": false,
        },
        "time": 1738184400000,
      },
      {
        "accessibility": {
          "audioDescription": true,
        },
        "bookingUrl": "https://thecastlecinema.com/bookings/12295/a-complete-unknown",
        "notes": "",
        "screen": "S2",
        "status": {
          "soldOut": false,
        },
        "time": 1738260600000,
      },
      {
        "accessibility": {
          "audioDescription": true,
        },
        "bookingUrl": "https://thecastlecinema.com/bookings/12296/a-complete-unknown",
        "notes": "",
        "screen": "S2",
        "status": {
          "soldOut": false,
        },
        "time": 1738270800000,
      },
      {
        "accessibility": {
          "audioDescription": true,
          "relaxed": true,
        },
        "bookingUrl": "https://thecastlecinema.com/bookings/12241/a-complete-unknown",
        "notes": "relaxed screening",
        "screen": "S1",
        "status": {
          "soldOut": false,
        },
        "time": 1739098800000,
      },
    ],
    "title": "A Complete Unknown",
    "url": "https://thecastlecinema.com/programme/93216/a-complete-unknown/",
  },
  {
    "overview": {
      "actors": [
        "Kieran Culkin",
        "Jesse Eisenberg",
        "Olha Bosova",
      ],
      "categories": [],
      "classification": "15",
      "directors": [
        "Jesse Eisenberg",
      ],
      "duration": 5400000,
      "year": "2025",
    },
    "performances": [
      {
        "accessibility": {
          "audioDescription": true,
        },
        "bookingUrl": "https://thecastlecinema.com/bookings/12231/a-real-pain",
        "notes": "",
        "screen": "S1",
        "status": {
          "soldOut": false,
        },
        "time": 1737640800000,
      },
      {
        "accessibility": {
          "audioDescription": true,
        },
        "bookingUrl": "https://thecastlecinema.com/bookings/12235/a-real-pain",
        "notes": "",
        "screen": "S2",
        "status": {
          "soldOut": false,
        },
        "time": 1737648900000,
      },
      {
        "accessibility": {
          "audioDescription": true,
        },
        "bookingUrl": "https://thecastlecinema.com/bookings/12253/a-real-pain",
        "notes": "",
        "screen": "S2",
        "status": {
          "soldOut": false,
        },
        "time": 1737717300000,
      },
      {
        "accessibility": {
          "audioDescription": true,
        },
        "bookingUrl": "https://thecastlecinema.com/bookings/12250/a-real-pain",
        "notes": "",
        "screen": "S2",
        "status": {
          "soldOut": false,
        },
        "time": 1737744300000,
      },
      {
        "accessibility": {
          "audioDescription": true,
          "hardOfHearing": true,
        },
        "bookingUrl": "https://thecastlecinema.com/bookings/12264/a-real-pain",
        "notes": "HOH subtitles",
        "screen": "S2",
        "status": {
          "soldOut": false,
        },
        "time": 1737802800000,
      },
      {
        "accessibility": {
          "audioDescription": true,
        },
        "bookingUrl": "https://thecastlecinema.com/bookings/12262/a-real-pain",
        "notes": "",
        "screen": "S2",
        "status": {
          "soldOut": false,
        },
        "time": 1737821700000,
      },
      {
        "accessibility": {
          "audioDescription": true,
        },
        "bookingUrl": "https://thecastlecinema.com/bookings/12271/a-real-pain",
        "notes": "",
        "screen": "S2",
        "status": {
          "soldOut": false,
        },
        "time": 1737887400000,
      },
      {
        "accessibility": {
          "audioDescription": true,
        },
        "bookingUrl": "https://thecastlecinema.com/bookings/12268/a-real-pain",
        "notes": "",
        "screen": "S2",
        "status": {
          "soldOut": false,
        },
        "time": 1737913500000,
      },
      {
        "accessibility": {
          "audioDescription": true,
        },
        "bookingUrl": "https://thecastlecinema.com/bookings/12279/a-real-pain",
        "notes": "£6 Monday!",
        "screen": "S2",
        "status": {
          "soldOut": false,
        },
        "time": 1737976500000,
      },
      {
        "accessibility": {
          "audioDescription": true,
        },
        "bookingUrl": "https://thecastlecinema.com/bookings/12277/a-real-pain",
        "notes": "",
        "screen": "S2",
        "status": {
          "soldOut": true,
        },
        "time": 1738003500000,
      },
      {
        "accessibility": {
          "audioDescription": true,
        },
        "bookingUrl": "https://thecastlecinema.com/bookings/12287/a-real-pain",
        "notes": "",
        "screen": "S2",
        "status": {
          "soldOut": false,
        },
        "time": 1738063800000,
      },
      {
        "accessibility": {
          "audioDescription": true,
        },
        "bookingUrl": "https://thecastlecinema.com/bookings/12285/a-real-pain",
        "notes": "",
        "screen": "S2",
        "status": {
          "soldOut": false,
        },
        "time": 1738080900000,
      },
      {
        "accessibility": {
          "audioDescription": true,
        },
        "bookingUrl": "https://thecastlecinema.com/bookings/12294/a-real-pain",
        "notes": "",
        "screen": "S2",
        "status": {
          "soldOut": false,
        },
        "time": 1738148400000,
      },
      {
        "accessibility": {
          "audioDescription": true,
        },
        "bookingUrl": "https://thecastlecinema.com/bookings/12291/a-real-pain",
        "notes": "",
        "screen": "S2",
        "status": {
          "soldOut": false,
        },
        "time": 1738176300000,
      },
      {
        "accessibility": {
          "audioDescription": true,
        },
        "bookingUrl": "https://thecastlecinema.com/bookings/12299/a-real-pain",
        "notes": "",
        "screen": "S2",
        "status": {
          "soldOut": false,
        },
        "time": 1738236600000,
      },
      {
        "accessibility": {
          "audioDescription": true,
        },
        "bookingUrl": "https://thecastlecinema.com/bookings/12297/a-real-pain",
        "notes": "",
        "screen": "S2",
        "status": {
          "soldOut": false,
        },
        "time": 1738252800000,
      },
    ],
    "title": "A Real Pain",
    "url": "https://thecastlecinema.com/programme/92867/a-real-pain/",
  },
  {
    "overview": {
      "actors": [
        "Nicole Kidman",
        "Harris Dickinson",
        "Antonio Banderas",
      ],
      "categories": [],
      "classification": "18",
      "directors": [
        "Halina Reijn",
      ],
      "duration": 6840000,
      "year": "2025",
    },
    "performances": [
      {
        "accessibility": {
          "audioDescription": true,
          "babyFriendly": true,
        },
        "bookingUrl": "https://thecastlecinema.com/bookings/12232/babygirl",
        "notes": "parent & baby",
        "screen": "S1",
        "status": {
          "soldOut": false,
        },
        "time": 1737630000000,
      },
      {
        "accessibility": {
          "audioDescription": true,
        },
        "bookingUrl": "https://thecastlecinema.com/bookings/12236/babygirl",
        "notes": "",
        "screen": "S2",
        "status": {
          "soldOut": false,
        },
        "time": 1737639900000,
      },
      {
        "accessibility": {
          "audioDescription": true,
        },
        "bookingUrl": "https://thecastlecinema.com/bookings/12234/babygirl",
        "notes": "",
        "screen": "S2",
        "status": {
          "soldOut": false,
        },
        "time": 1737657000000,
      },
      {
        "accessibility": {
          "audioDescription": true,
        },
        "bookingUrl": "https://thecastlecinema.com/bookings/12251/babygirl",
        "notes": "",
        "screen": "S2",
        "status": {
          "soldOut": false,
        },
        "time": 1737735300000,
      },
      {
        "accessibility": {
          "audioDescription": true,
        },
        "bookingUrl": "https://thecastlecinema.com/bookings/12261/babygirl",
        "notes": "",
        "screen": "S2",
        "status": {
          "soldOut": false,
        },
        "time": 1737829800000,
      },
      {
        "accessibility": {
          "audioDescription": true,
        },
        "bookingUrl": "https://thecastlecinema.com/bookings/12269/babygirl",
        "notes": "",
        "screen": "S2",
        "status": {
          "soldOut": false,
        },
        "time": 1737904800000,
      },
      {
        "accessibility": {
          "audioDescription": true,
        },
        "bookingUrl": "https://thecastlecinema.com/bookings/12276/babygirl",
        "notes": "£6 Monday!",
        "screen": "S2",
        "status": {
          "soldOut": false,
        },
        "time": 1737994500000,
      },
      {
        "accessibility": {
          "audioDescription": true,
        },
        "bookingUrl": "https://thecastlecinema.com/bookings/12286/babygirl",
        "notes": "",
        "screen": "S2",
        "status": {
          "soldOut": false,
        },
        "time": 1738071900000,
      },
      {
        "accessibility": {
          "audioDescription": true,
        },
        "bookingUrl": "https://thecastlecinema.com/bookings/12284/babygirl",
        "notes": "",
        "screen": "S2",
        "status": {
          "soldOut": false,
        },
        "time": 1738089000000,
      },
      {
        "accessibility": {
          "audioDescription": true,
        },
        "bookingUrl": "https://thecastlecinema.com/bookings/12293/babygirl",
        "notes": "",
        "screen": "S2",
        "status": {
          "soldOut": false,
        },
        "time": 1738156500000,
      },
      {
        "accessibility": {
          "audioDescription": true,
        },
        "bookingUrl": "https://thecastlecinema.com/bookings/12298/babygirl",
        "notes": "",
        "screen": "S2",
        "status": {
          "soldOut": false,
        },
        "time": 1738243800000,
      },
    ],
    "title": "Babygirl",
    "url": "https://thecastlecinema.com/programme/94197/babygirl/",
  },
  {
    "overview": {
      "actors": [
        "Sara Foster",
        "Jordana Brewster",
        "Devon Aoki",
        "Jill Ritchie",
        "Meagan Goode",
      ],
      "categories": [],
      "classification": "12A",
      "directors": [
        "Angela Robinson",
      ],
      "duration": 5400000,
      "year": "2004",
    },
    "performances": [
      {
        "accessibility": {},
        "bookingUrl": "https://thecastlecinema.com/bookings/12246/camp-classics-presents-d-e-b-s",
        "notes": "camp classics!",
        "screen": "S1",
        "status": {
          "soldOut": false,
        },
        "time": 1741287600000,
      },
    ],
    "title": "CAMP CLASSICS presents D.E.B.S.",
    "url": "https://thecastlecinema.com/programme/93191/camp-classics-presents-d-e-b-s/",
  },
  {
    "overview": {
      "actors": [
        "Warren Beatty",
        "Faye Dunaway",
        "Michael J. Pollard",
        "Gene Hackman",
        "Estelle Parsons",
      ],
      "categories": [],
      "classification": "18",
      "directors": [
        "Arthur Penn",
      ],
      "duration": 6660000,
      "year": "1967",
    },
    "performances": [
      {
        "accessibility": {},
        "bookingUrl": "https://thecastlecinema.com/bookings/12243/cine-real-presents-bonnie-clyde",
        "notes": "16mm",
        "screen": "S1",
        "status": {
          "soldOut": false,
        },
        "time": 1739993400000,
      },
      {
        "accessibility": {},
        "bookingUrl": "https://thecastlecinema.com/bookings/12244/cine-real-presents-bonnie-clyde",
        "notes": "16mm",
        "screen": "S1",
        "status": {
          "soldOut": false,
        },
        "time": 1740684600000,
      },
    ],
    "title": "Cine-real presents: Bonnie & Clyde",
    "url": "https://thecastlecinema.com/programme/93189/cine-real-presents-bonnie-clyde/",
  },
  {
    "overview": {
      "actors": [
        "Elizabeth Taylor",
        "Paul Newman",
        "Burl Ives",
        "Jack Carson",
        "Judith Anderson",
      ],
      "categories": [],
      "classification": "15",
      "directors": [
        "Richard Brooks",
      ],
      "duration": 6480000,
      "year": "1958",
    },
    "performances": [
      {
        "accessibility": {},
        "bookingUrl": "https://thecastlecinema.com/bookings/12245/cine-real-presents-cat-on-a-hot-tin-roof",
        "notes": "16mm",
        "screen": "S1",
        "status": {
          "soldOut": false,
        },
        "time": 1740311100000,
      },
    ],
    "title": "Cine-real presents: Cat on a Hot Tin Roof",
    "url": "https://thecastlecinema.com/programme/93190/cine-real-presents-cat-on-a-hot-tin-roof/",
  },
  {
    "overview": {
      "actors": [],
      "categories": [],
      "classification": "PG",
      "directors": [
        "F. W. Murnau",
      ],
      "duration": 6480000,
      "year": "1922",
    },
    "performances": [
      {
        "accessibility": {},
        "bookingUrl": "https://thecastlecinema.com/bookings/11941/cine-real-presents-nosferatu-a-symphony-of-horror",
        "notes": "",
        "screen": "S1",
        "status": {
          "soldOut": true,
        },
        "time": 1737660600000,
      },
      {
        "accessibility": {},
        "bookingUrl": "https://thecastlecinema.com/bookings/11943/cine-real-presents-nosferatu-a-symphony-of-horror",
        "notes": "16mm",
        "screen": "S1",
        "status": {
          "soldOut": false,
        },
        "time": 1737891900000,
      },
    ],
    "title": "Cine-real presents: Nosferatu: A Symphony of Horror",
    "url": "https://thecastlecinema.com/programme/93182/cine-real-presents-nosferatu-a-symphony-of-horror/",
  },
  {
    "overview": {
      "actors": [],
      "categories": [],
      "classification": "PG",
      "directors": [
        "Zhang Yimou",
      ],
      "duration": 7500000,
      "year": "1991",
    },
    "performances": [
      {
        "accessibility": {},
        "bookingUrl": "https://thecastlecinema.com/bookings/11942/cine-real-presents-raise-the-red-lantern",
        "notes": "",
        "screen": "S1",
        "status": {
          "soldOut": true,
        },
        "time": 1738265400000,
      },
    ],
    "title": "Cine-real presents: Raise the Red Lantern",
    "url": "https://thecastlecinema.com/programme/93183/cine-real-presents-raise-the-red-lantern/",
  },
  {
    "overview": {
      "actors": [
        "Janet Leigh",
        "Anthony Perkins",
      ],
      "categories": [],
      "classification": "15",
      "directors": [
        "Alfred Hitchcock",
      ],
      "duration": 6240000,
      "year": "1960",
    },
    "performances": [
      {
        "accessibility": {},
        "bookingUrl": "https://thecastlecinema.com/bookings/11493/horror-with-hitchcock-psycho",
        "notes": "",
        "screen": "S1",
        "status": {
          "soldOut": false,
        },
        "time": 1744219800000,
      },
      {
        "accessibility": {},
        "bookingUrl": "https://thecastlecinema.com/bookings/11494/horror-with-hitchcock-psycho",
        "notes": "",
        "screen": "S1",
        "status": {
          "soldOut": false,
        },
        "time": 1744547400000,
      },
    ],
    "title": "Horror with Hitchcock: Psycho",
    "url": "https://thecastlecinema.com/programme/91101/horror-with-hitchcock-psycho/",
  },
  {
    "overview": {
      "actors": [
        "Ryland Brickson Cole Tews",
        "Olivia Graves",
        "Doug Mancheski",
      ],
      "categories": [],
      "classification": "12A",
      "directors": [
        "Mike Cheslik",
      ],
      "duration": 6480000,
      "year": "2024",
    },
    "performances": [
      {
        "accessibility": {},
        "bookingUrl": "https://thecastlecinema.com/bookings/12247/hundreds-of-beavers-live-uk-tour-q-a",
        "notes": "",
        "screen": "S1",
        "status": {
          "soldOut": false,
        },
        "time": 1745343000000,
      },
    ],
    "title": "Hundreds of Beavers Live UK Tour + Q&A",
    "url": "https://thecastlecinema.com/programme/89720/hundreds-of-beavers-live-uk-tour-q-a/",
  },
  {
    "overview": {
      "actors": [],
      "categories": [],
      "classification": "12A",
      "directors": [
        "Michel Gondry",
      ],
      "duration": 5700000,
      "year": "2014",
    },
    "performances": [
      {
        "accessibility": {},
        "bookingUrl": "https://thecastlecinema.com/bookings/12238/mood-indigo",
        "notes": "jellied reels",
        "screen": "S1",
        "status": {
          "soldOut": false,
        },
        "time": 1739559600000,
      },
    ],
    "title": "Mood Indigo",
    "url": "https://thecastlecinema.com/programme/93186/mood-indigo/",
  },
  {
    "overview": {
      "actors": [
        "Steve Coogan",
      ],
      "categories": [],
      "classification": "15",
      "directors": [
        "Sean Foley",
        "Armando Iannucci",
      ],
      "duration": 10800000,
      "year": "2025",
    },
    "performances": [
      {
        "accessibility": {},
        "bookingUrl": "https://thecastlecinema.com/bookings/11884/nt-live-dr-strangelove",
        "notes": "",
        "screen": "S1",
        "status": {
          "soldOut": false,
        },
        "time": 1743102000000,
      },
    ],
    "title": "NT Live: Dr. Strangelove",
    "url": "https://thecastlecinema.com/programme/93829/nt-live-dr-strangelove/",
  },
  {
    "overview": {
      "actors": [
        "Sharon D Clarke",
        "Ncuti Gatwa",
      ],
      "categories": [],
      "classification": "12A",
      "directors": [
        "Max Webster",
      ],
      "duration": 10200000,
      "year": "2025",
    },
    "performances": [
      {
        "accessibility": {},
        "bookingUrl": "https://thecastlecinema.com/bookings/11496/nt-live-the-importance-of-being-earnest",
        "notes": "",
        "screen": "S1",
        "status": {
          "soldOut": true,
        },
        "time": 1740078000000,
      },
      {
        "accessibility": {},
        "bookingUrl": "https://thecastlecinema.com/bookings/12303/nt-live-the-importance-of-being-earnest",
        "notes": "",
        "screen": "S1",
        "status": {
          "soldOut": false,
        },
        "time": 1740256200000,
      },
      {
        "accessibility": {},
        "bookingUrl": "https://thecastlecinema.com/bookings/12304/nt-live-the-importance-of-being-earnest",
        "notes": "",
        "screen": "S1",
        "status": {
          "soldOut": false,
        },
        "time": 1740913200000,
      },
      {
        "accessibility": {},
        "bookingUrl": "https://thecastlecinema.com/bookings/12305/nt-live-the-importance-of-being-earnest",
        "notes": "",
        "screen": "S1",
        "status": {
          "soldOut": false,
        },
        "time": 1741116600000,
      },
      {
        "accessibility": {},
        "bookingUrl": "https://thecastlecinema.com/bookings/12306/nt-live-the-importance-of-being-earnest",
        "notes": "",
        "screen": "S1",
        "status": {
          "soldOut": false,
        },
        "time": 1741807800000,
      },
    ],
    "title": "NT Live: The Importance of Being Earnest",
    "url": "https://thecastlecinema.com/programme/91240/nt-live-the-importance-of-being-earnest/",
  },
  {
    "overview": {
      "actors": [],
      "categories": [],
      "directors": [],
      "duration": 5400000,
      "year": "2024",
    },
    "performances": [
      {
        "accessibility": {},
        "bookingUrl": "https://thecastlecinema.com/bookings/11944/pitchblack-playback-leifur-james-magic-seeds-w-q-a",
        "notes": "music",
        "screen": "S1",
        "status": {
          "soldOut": false,
        },
        "time": 1738089000000,
      },
    ],
    "title": "Pitchblack Playback: Leifur James 'Magic Seeds' (w/ Q&A)",
    "url": "https://thecastlecinema.com/programme/93181/pitchblack-playback-leifur-james-magic-seeds-w-q-a/",
  },
  {
    "overview": {
      "actors": [],
      "categories": [],
      "directors": [],
      "duration": 3420000,
      "year": "1995",
    },
    "performances": [
      {
        "accessibility": {},
        "bookingUrl": "https://thecastlecinema.com/bookings/12313/pitchblack-playback-tricky-maxinquaye-30th-anniversary",
        "notes": "music",
        "screen": "S1",
        "status": {
          "soldOut": false,
        },
        "time": 1740517200000,
      },
    ],
    "title": "Pitchblack Playback: Tricky 'Maxinquaye' (30th Anniversary)",
    "url": "https://thecastlecinema.com/programme/93194/pitchblack-playback-tricky-maxinquaye-30th-anniversary/",
  },
  {
    "overview": {
      "actors": [],
      "categories": [],
      "directors": [],
      "duration": 2160000,
      "year": "2025",
    },
    "performances": [
      {
        "accessibility": {},
        "bookingUrl": "https://thecastlecinema.com/bookings/12239/pitchblack-premiere-mereba-the-breeze-grew-a-fire",
        "notes": "",
        "screen": "S1",
        "status": {
          "soldOut": false,
        },
        "time": 1739480400000,
      },
    ],
    "title": "Pitchblack Premiere: Mereba 'The Breeze Grew A Fire'",
    "url": "https://thecastlecinema.com/programme/93185/pitchblack-premiere-mereba-the-breeze-grew-a-fire/",
  },
  {
    "overview": {
      "actors": [
        "Adrien Brody",
        "Felicity Jones",
        "Guy Pearce",
      ],
      "categories": [],
      "classification": "18",
      "directors": [
        "Brady Corbet",
      ],
      "duration": 12900000,
      "year": "2025",
    },
    "performances": [
      {
        "accessibility": {
          "audioDescription": true,
        },
        "bookingUrl": "https://thecastlecinema.com/bookings/12256/the-brutalist",
        "notes": "",
        "screen": "S1",
        "status": {
          "soldOut": false,
        },
        "time": 1737716400000,
      },
      {
        "accessibility": {
          "audioDescription": true,
        },
        "bookingUrl": "https://thecastlecinema.com/bookings/12255/the-brutalist",
        "notes": "",
        "screen": "S1",
        "status": {
          "soldOut": false,
        },
        "time": 1737731700000,
      },
      {
        "accessibility": {
          "audioDescription": true,
        },
        "bookingUrl": "https://thecastlecinema.com/bookings/12254/the-brutalist",
        "notes": "",
        "screen": "S1",
        "status": {
          "soldOut": false,
        },
        "time": 1737747000000,
      },
      {
        "accessibility": {
          "audioDescription": true,
        },
        "bookingUrl": "https://thecastlecinema.com/bookings/12259/the-brutalist",
        "notes": "",
        "screen": "S1",
        "status": {
          "soldOut": false,
        },
        "time": 1737803700000,
      },
      {
        "accessibility": {
          "audioDescription": true,
        },
        "bookingUrl": "https://thecastlecinema.com/bookings/12258/the-brutalist",
        "notes": "",
        "screen": "S1",
        "status": {
          "soldOut": false,
        },
        "time": 1737819000000,
      },
      {
        "accessibility": {
          "audioDescription": true,
        },
        "bookingUrl": "https://thecastlecinema.com/bookings/12257/the-brutalist",
        "notes": "",
        "screen": "S1",
        "status": {
          "soldOut": false,
        },
        "time": 1737834300000,
      },
      {
        "accessibility": {
          "audioDescription": true,
        },
        "bookingUrl": "https://thecastlecinema.com/bookings/12266/the-brutalist",
        "notes": "",
        "screen": "S1",
        "status": {
          "soldOut": false,
        },
        "time": 1737903600000,
      },
      {
        "accessibility": {
          "audioDescription": true,
        },
        "bookingUrl": "https://thecastlecinema.com/bookings/12265/the-brutalist",
        "notes": "",
        "screen": "S1",
        "status": {
          "soldOut": false,
        },
        "time": 1737918900000,
      },
      {
        "accessibility": {
          "audioDescription": true,
        },
        "bookingUrl": "https://thecastlecinema.com/bookings/12274/the-brutalist",
        "notes": "£6 Monday!",
        "screen": "S1",
        "status": {
          "soldOut": false,
        },
        "time": 1737977400000,
      },
      {
        "accessibility": {
          "audioDescription": true,
        },
        "bookingUrl": "https://thecastlecinema.com/bookings/12273/the-brutalist",
        "notes": "£6 Monday!",
        "screen": "S1",
        "status": {
          "soldOut": false,
        },
        "time": 1737992700000,
      },
      {
        "accessibility": {
          "audioDescription": true,
        },
        "bookingUrl": "https://thecastlecinema.com/bookings/12272/the-brutalist",
        "notes": "",
        "screen": "S1",
        "status": {
          "soldOut": true,
        },
        "time": 1738008000000,
      },
      {
        "accessibility": {
          "audioDescription": true,
          "babyFriendly": true,
        },
        "bookingUrl": "https://thecastlecinema.com/bookings/12282/the-brutalist",
        "notes": "parent & baby",
        "screen": "S1",
        "status": {
          "soldOut": false,
        },
        "time": 1738062000000,
      },
      {
        "accessibility": {
          "audioDescription": true,
        },
        "bookingUrl": "https://thecastlecinema.com/bookings/12280/the-brutalist",
        "notes": "",
        "screen": "S1",
        "status": {
          "soldOut": false,
        },
        "time": 1738095300000,
      },
      {
        "accessibility": {
          "audioDescription": true,
        },
        "bookingUrl": "https://thecastlecinema.com/bookings/12289/the-brutalist",
        "notes": "",
        "screen": "S1",
        "status": {
          "soldOut": false,
        },
        "time": 1738160100000,
      },
      {
        "accessibility": {
          "audioDescription": true,
        },
        "bookingUrl": "https://thecastlecinema.com/bookings/12288/the-brutalist",
        "notes": "",
        "screen": "S1",
        "status": {
          "soldOut": false,
        },
        "time": 1738183500000,
      },
      {
        "accessibility": {
          "audioDescription": true,
        },
        "bookingUrl": "https://thecastlecinema.com/bookings/12300/the-brutalist",
        "notes": "",
        "screen": "S1",
        "status": {
          "soldOut": false,
        },
        "time": 1738248300000,
      },
    ],
    "title": "The Brutalist",
    "url": "https://thecastlecinema.com/programme/94125/the-brutalist/",
  },
  {
    "overview": {
      "actors": [],
      "categories": [],
      "directors": [],
      "duration": 14400000,
      "year": "2025",
    },
    "performances": [
      {
        "accessibility": {},
        "bookingUrl": "https://thecastlecinema.com/bookings/12314/the-castle-s-8th-birthday-party-in-the-bar",
        "notes": "",
        "status": {
          "soldOut": false,
        },
        "time": 1738956600000,
      },
    ],
    "title": "The Castle's 8th Birthday Party (in the bar)",
    "url": "https://thecastlecinema.com/programme/93193/the-castle-s-8th-birthday-party-in-the-bar/",
  },
  {
    "overview": {
      "actors": [],
      "categories": [],
      "classification": "12A",
      "directors": [
        "Jordan Bryon",
      ],
      "duration": 5340000,
      "year": "2023",
    },
    "performances": [
      {
        "accessibility": {},
        "bookingUrl": "https://thecastlecinema.com/bookings/12240/transition-director-q-a",
        "notes": "documentary",
        "screen": "S1",
        "status": {
          "soldOut": false,
        },
        "time": 1738694400000,
      },
    ],
    "title": "Transition + director Q&A",
    "url": "https://thecastlecinema.com/programme/93187/transition-director-q-a/",
  },
  {
    "overview": {
      "actors": [
        "Eihi Shiina",
        "Ryo Ishibashi",
      ],
      "categories": [],
      "classification": "18",
      "directors": [
        "Takashi Miike",
      ],
      "duration": 6900000,
      "year": "1999",
    },
    "performances": [
      {
        "accessibility": {},
        "bookingUrl": "https://thecastlecinema.com/bookings/12248/violet-hour-presents-audition",
        "notes": "violet hour",
        "screen": "S1",
        "status": {
          "soldOut": false,
        },
        "time": 1739471400000,
      },
    ],
    "title": "Violet Hour presents: Audition",
    "url": "https://thecastlecinema.com/programme/93192/violet-hour-presents-audition/",
  },
  {
    "overview": {
      "actors": [],
      "categories": [],
      "classification": "15",
      "directors": [],
      "duration": 6660000,
      "year": "2022",
    },
    "performances": [
      {
        "accessibility": {},
        "bookingUrl": "https://thecastlecinema.com/bookings/12242/you-have-to-come-and-see-it-presented-by-jellied-reels",
        "notes": "jellied reels",
        "screen": "S1",
        "status": {
          "soldOut": false,
        },
        "time": 1744307100000,
      },
    ],
    "title": "YOU HAVE TO COME AND SEE IT presented by Jellied Reels",
    "url": "https://thecastlecinema.com/programme/93188/you-have-to-come-and-see-it-presented-by-jellied-reels/",
  },
]
`;
