// Jest Snapshot v1, https://goo.gl/fbAQLP

exports[`Rich Mix retrieve and transform 1`] = `
[
  {
    "overview": {
      "actors": [
        "Timothee Chalamet",
        "Elle Fanning",
        "Monica Barbaro",
      ],
      "categories": [],
      "classification": "15",
      "directors": [
        "James Mangold",
      ],
      "duration": 8400000,
    },
    "performances": [
      {
        "accessibility": {},
        "bookingUrl": "https://richmix.org.uk/book-online/1563007",
        "notes": "49 of 61 seats remaining",
        "screen": "3",
        "status": {
          "soldOut": false,
        },
        "time": 1737654900000,
      },
      {
        "accessibility": {},
        "bookingUrl": "https://richmix.org.uk/book-online/1561402",
        "notes": "171 of 183 seats remaining",
        "screen": "1",
        "status": {
          "soldOut": false,
        },
        "time": 1737664200000,
      },
      {
        "accessibility": {},
        "bookingUrl": "https://richmix.org.uk/book-online/1566002",
        "notes": "126 of 134 seats remaining",
        "screen": "2",
        "status": {
          "soldOut": false,
        },
        "time": 1737727200000,
      },
      {
        "accessibility": {},
        "bookingUrl": "https://richmix.org.uk/book-online/1567402",
        "notes": "48 of 61 seats remaining",
        "screen": "3",
        "status": {
          "soldOut": false,
        },
        "time": 1737742200000,
      },
      {
        "accessibility": {},
        "bookingUrl": "https://richmix.org.uk/book-online/1565402",
        "notes": "175 of 183 seats remaining",
        "screen": "1",
        "status": {
          "soldOut": false,
        },
        "time": 1737750600000,
      },
      {
        "accessibility": {},
        "bookingUrl": "https://richmix.org.uk/book-online/1568602",
        "notes": "55 of 61 seats remaining",
        "screen": "3",
        "status": {
          "soldOut": false,
        },
        "time": 1737816000000,
      },
      {
        "accessibility": {},
        "bookingUrl": "https://richmix.org.uk/book-online/1566602",
        "notes": "55 of 61 seats remaining",
        "screen": "3",
        "status": {
          "soldOut": false,
        },
        "time": 1737826500000,
      },
      {
        "accessibility": {},
        "bookingUrl": "https://richmix.org.uk/book-online/1565603",
        "notes": "55 of 61 seats remaining",
        "screen": "3",
        "status": {
          "soldOut": false,
        },
        "time": 1737837000000,
      },
      {
        "accessibility": {},
        "bookingUrl": "https://richmix.org.uk/book-online/1566003",
        "notes": "126 of 134 seats remaining",
        "screen": "2",
        "status": {
          "soldOut": false,
        },
        "time": 1737902400000,
      },
      {
        "accessibility": {},
        "bookingUrl": "https://richmix.org.uk/book-online/1566202",
        "notes": "126 of 134 seats remaining",
        "screen": "2",
        "status": {
          "soldOut": false,
        },
        "time": 1737912900000,
      },
      {
        "accessibility": {},
        "bookingUrl": "https://richmix.org.uk/book-online/1565803",
        "notes": "128 of 134 seats remaining",
        "screen": "2",
        "status": {
          "soldOut": false,
        },
        "time": 1737923400000,
      },
      {
        "accessibility": {},
        "bookingUrl": "https://richmix.org.uk/book-online/1566403",
        "notes": "128 of 134 seats remaining",
        "screen": "2",
        "status": {
          "soldOut": false,
        },
        "time": 1737990000000,
      },
      {
        "accessibility": {},
        "bookingUrl": "https://richmix.org.uk/book-online/1566011",
        "notes": "54 of 61 seats remaining",
        "screen": "3",
        "status": {
          "soldOut": false,
        },
        "time": 1738001400000,
      },
      {
        "accessibility": {},
        "bookingUrl": "https://richmix.org.uk/book-online/1566203",
        "notes": "128 of 134 seats remaining",
        "screen": "2",
        "status": {
          "soldOut": false,
        },
        "time": 1738009800000,
      },
      {
        "accessibility": {},
        "bookingUrl": "https://richmix.org.uk/book-online/1568802",
        "notes": "55 of 61 seats remaining",
        "screen": "3",
        "status": {
          "soldOut": false,
        },
        "time": 1738075200000,
      },
      {
        "accessibility": {},
        "bookingUrl": "https://richmix.org.uk/book-online/1566603",
        "notes": "55 of 61 seats remaining",
        "screen": "3",
        "status": {
          "soldOut": false,
        },
        "time": 1738085700000,
      },
      {
        "accessibility": {},
        "bookingUrl": "https://richmix.org.uk/book-online/1565604",
        "notes": "55 of 61 seats remaining",
        "screen": "3",
        "status": {
          "soldOut": false,
        },
        "time": 1738096200000,
      },
      {
        "accessibility": {},
        "bookingUrl": "https://richmix.org.uk/book-online/1569002",
        "notes": "55 of 61 seats remaining",
        "screen": "3",
        "status": {
          "soldOut": false,
        },
        "time": 1738161600000,
      },
      {
        "accessibility": {},
        "bookingUrl": "https://richmix.org.uk/book-online/1566604",
        "notes": "55 of 61 seats remaining",
        "screen": "3",
        "status": {
          "soldOut": false,
        },
        "time": 1738172100000,
      },
      {
        "accessibility": {},
        "bookingUrl": "https://richmix.org.uk/book-online/1565605",
        "notes": "55 of 61 seats remaining",
        "screen": "3",
        "status": {
          "soldOut": false,
        },
        "time": 1738182600000,
      },
      {
        "accessibility": {},
        "bookingUrl": "https://richmix.org.uk/book-online/1566005",
        "notes": "128 of 134 seats remaining",
        "screen": "2",
        "status": {
          "soldOut": false,
        },
        "time": 1738245600000,
      },
      {
        "accessibility": {},
        "bookingUrl": "https://richmix.org.uk/book-online/1565802",
        "notes": "177 of 183 seats remaining",
        "screen": "1",
        "status": {
          "soldOut": false,
        },
        "time": 1738258500000,
      },
      {
        "accessibility": {},
        "bookingUrl": "https://richmix.org.uk/book-online/1565602",
        "notes": "177 of 183 seats remaining",
        "screen": "1",
        "status": {
          "soldOut": false,
        },
        "time": 1738269000000,
      },
    ],
    "title": "A Complete Unknown",
    "url": "https://richmix.org.uk/cinema/a-complete-unknown/",
  },
  {
    "overview": {
      "actors": [
        "Mikey Madison",
        "Yuriy Borisov",
        "Karren Karagulian",
      ],
      "categories": [],
      "classification": "18",
      "directors": [
        "Sean Baker",
      ],
      "duration": 8340000,
    },
    "performances": [
      {
        "accessibility": {},
        "bookingUrl": "https://richmix.org.uk/book-online/1562405",
        "notes": "115 of 134 seats remaining",
        "screen": "2",
        "status": {
          "soldOut": false,
        },
        "time": 1737664800000,
      },
      {
        "accessibility": {},
        "bookingUrl": "https://richmix.org.uk/book-online/1566802",
        "notes": "128 of 134 seats remaining",
        "screen": "2",
        "status": {
          "soldOut": false,
        },
        "time": 1737813600000,
      },
      {
        "accessibility": {},
        "bookingUrl": "https://richmix.org.uk/book-online/1566204",
        "notes": "173 of 183 seats remaining",
        "screen": "1",
        "status": {
          "soldOut": false,
        },
        "time": 1737828600000,
      },
      {
        "accessibility": {},
        "bookingUrl": "https://richmix.org.uk/book-online/1566205",
        "notes": "168 of 183 seats remaining",
        "screen": "1",
        "status": {
          "soldOut": false,
        },
        "time": 1737900000000,
      },
      {
        "accessibility": {},
        "bookingUrl": "https://richmix.org.uk/book-online/1567202",
        "notes": "53 of 61 seats remaining",
        "screen": "3",
        "status": {
          "soldOut": false,
        },
        "time": 1737915000000,
      },
      {
        "accessibility": {},
        "bookingUrl": "https://richmix.org.uk/book-online/1566206",
        "notes": "173 of 183 seats remaining",
        "screen": "1",
        "status": {
          "soldOut": false,
        },
        "time": 1737986400000,
      },
      {
        "accessibility": {},
        "bookingUrl": "https://richmix.org.uk/book-online/1567002",
        "notes": "128 of 134 seats remaining",
        "screen": "2",
        "status": {
          "soldOut": false,
        },
        "time": 1738072800000,
      },
      {
        "accessibility": {},
        "bookingUrl": "https://richmix.org.uk/book-online/1566208",
        "notes": "177 of 183 seats remaining",
        "screen": "1",
        "status": {
          "soldOut": false,
        },
        "time": 1738172700000,
      },
      {
        "accessibility": {},
        "bookingUrl": "https://richmix.org.uk/book-online/1566209",
        "notes": "177 of 183 seats remaining",
        "screen": "1",
        "status": {
          "soldOut": false,
        },
        "time": 1738248000000,
      },
    ],
    "title": "Anora",
    "url": "https://richmix.org.uk/cinema/anora/",
  },
  {
    "overview": {
      "actors": [
        "Nicole Kidman",
        "Harris Dickinson",
        "Antonio Banderas",
      ],
      "categories": [],
      "classification": "18",
      "directors": [
        "Halina Reijn",
      ],
      "duration": 6900000,
    },
    "performances": [
      {
        "accessibility": {},
        "bookingUrl": "https://richmix.org.uk/book-online/1562202",
        "notes": "47 of 61 seats remaining",
        "screen": "3",
        "status": {
          "soldOut": false,
        },
        "time": 1737665400000,
      },
      {
        "accessibility": {},
        "bookingUrl": "https://richmix.org.uk/book-online/1567802",
        "notes": "128 of 134 seats remaining",
        "screen": "2",
        "status": {
          "soldOut": false,
        },
        "time": 1737738000000,
      },
      {
        "accessibility": {},
        "bookingUrl": "https://richmix.org.uk/book-online/1567803",
        "notes": "52 of 61 seats remaining",
        "screen": "3",
        "status": {
          "soldOut": false,
        },
        "time": 1737752700000,
      },
      {
        "accessibility": {},
        "bookingUrl": "https://richmix.org.uk/book-online/1565404",
        "notes": "119 of 134 seats remaining",
        "screen": "2",
        "status": {
          "soldOut": false,
        },
        "time": 1737824400000,
      },
      {
        "accessibility": {},
        "bookingUrl": "https://richmix.org.uk/book-online/1566006",
        "notes": "173 of 183 seats remaining",
        "screen": "1",
        "status": {
          "soldOut": false,
        },
        "time": 1737839400000,
      },
      {
        "accessibility": {},
        "bookingUrl": "https://richmix.org.uk/book-online/1566007",
        "notes": "170 of 183 seats remaining",
        "screen": "1",
        "status": {
          "soldOut": false,
        },
        "time": 1737910800000,
      },
      {
        "accessibility": {},
        "bookingUrl": "https://richmix.org.uk/book-online/1567804",
        "notes": "55 of 61 seats remaining",
        "screen": "3",
        "status": {
          "soldOut": false,
        },
        "time": 1737925500000,
      },
      {
        "accessibility": {},
        "bookingUrl": "https://richmix.org.uk/book-online/1566008",
        "notes": "173 of 183 seats remaining",
        "screen": "1",
        "status": {
          "soldOut": false,
        },
        "time": 1737997200000,
      },
      {
        "accessibility": {},
        "bookingUrl": "https://richmix.org.uk/book-online/1567805",
        "notes": "55 of 61 seats remaining",
        "screen": "3",
        "status": {
          "soldOut": false,
        },
        "time": 1738011900000,
      },
      {
        "accessibility": {},
        "bookingUrl": "https://richmix.org.uk/book-online/1565405",
        "notes": "128 of 134 seats remaining",
        "screen": "2",
        "status": {
          "soldOut": false,
        },
        "time": 1738083600000,
      },
      {
        "accessibility": {},
        "bookingUrl": "https://richmix.org.uk/book-online/1566010",
        "notes": "177 of 183 seats remaining",
        "screen": "1",
        "status": {
          "soldOut": false,
        },
        "time": 1738163700000,
      },
      {
        "accessibility": {},
        "bookingUrl": "https://richmix.org.uk/book-online/1569202",
        "notes": "177 of 183 seats remaining",
        "screen": "1",
        "status": {
          "soldOut": false,
        },
        "time": 1738183500000,
      },
      {
        "accessibility": {},
        "bookingUrl": "https://richmix.org.uk/book-online/1565407",
        "notes": "128 of 134 seats remaining",
        "screen": "2",
        "status": {
          "soldOut": false,
        },
        "time": 1738256400000,
      },
      {
        "accessibility": {},
        "bookingUrl": "https://richmix.org.uk/book-online/1567806",
        "notes": "55 of 61 seats remaining",
        "screen": "3",
        "status": {
          "soldOut": false,
        },
        "time": 1738270200000,
      },
    ],
    "title": "Babygirl",
    "url": "https://richmix.org.uk/cinema/babygirl/",
  },
  {
    "overview": {
      "actors": [],
      "categories": [],
      "classification": "18",
      "directors": [],
      "duration": 25200000,
    },
    "performances": [
      {
        "accessibility": {},
        "bookingUrl": "https://richmix.org.uk/book-online/1516202",
        "notes": "168 of 183 seats remaining",
        "screen": "1",
        "status": {
          "soldOut": false,
        },
        "time": 1749902400000,
      },
    ],
    "title": "London Music Video Awards 2025",
    "url": "https://richmix.org.uk/cinema/london-music-video-awards/",
  },
  {
    "overview": {
      "actors": [],
      "categories": [],
      "classification": "18",
      "directors": [],
      "duration": 5280000,
    },
    "performances": [
      {
        "accessibility": {},
        "bookingUrl": "https://richmix.org.uk/book-online/1533202",
        "notes": "133 of 183 seats remaining",
        "screen": "1",
        "status": {
          "soldOut": false,
        },
        "time": 1737734400000,
      },
    ],
    "title": "LSFF x LCC: Films on the Spectrum",
    "url": "https://richmix.org.uk/cinema/films-on-the-spectrum/",
  },
  {
    "overview": {
      "actors": [],
      "categories": [],
      "classification": "18",
      "directors": [],
      "duration": 4440000,
    },
    "performances": [
      {
        "accessibility": {},
        "bookingUrl": "https://richmix.org.uk/book-online/1533003",
        "notes": "11 of 183 seats remaining",
        "screen": "1",
        "status": {
          "soldOut": false,
        },
        "time": 1737741600000,
      },
    ],
    "title": "LSFF x LCC: Love Bites",
    "url": "https://richmix.org.uk/cinema/love-bites/",
  },
  {
    "overview": {
      "actors": [],
      "categories": [],
      "classification": "18",
      "directors": [],
      "duration": 4680000,
    },
    "performances": [
      {
        "accessibility": {},
        "bookingUrl": "https://richmix.org.uk/book-online/1561202",
        "notes": "82 of 134 seats remaining",
        "screen": "2",
        "status": {
          "soldOut": false,
        },
        "time": 1737655200000,
      },
    ],
    "title": "LSFF x LCC: Post Attitude",
    "url": "https://richmix.org.uk/cinema/post-attitude/",
  },
  {
    "overview": {
      "actors": [],
      "categories": [],
      "classification": "12A",
      "directors": [
        "Max Webster",
      ],
      "duration": 6840000,
    },
    "performances": [
      {
        "accessibility": {},
        "bookingUrl": "https://richmix.org.uk/book-online/1560402",
        "notes": "120 of 134 seats remaining",
        "screen": "2",
        "status": {
          "soldOut": false,
        },
        "time": 1738787400000,
      },
      {
        "accessibility": {},
        "bookingUrl": "https://richmix.org.uk/book-online/1560403",
        "notes": "128 of 134 seats remaining",
        "screen": "2",
        "status": {
          "soldOut": false,
        },
        "time": 1739133000000,
      },
    ],
    "title": "Macbeth: David Tennant & Cush Jumbo",
    "url": "https://richmix.org.uk/cinema/macbeth/",
  },
  {
    "overview": {
      "actors": [
        "Sharon D Clarke",
        "Ncuti Gatwa",
        "Hugh Skinner",
      ],
      "categories": [],
      "classification": "12A",
      "directors": [
        "Max Webster",
      ],
      "duration": 10800000,
    },
    "performances": [
      {
        "accessibility": {},
        "bookingUrl": "https://richmix.org.uk/book-online/1463602",
        "notes": "111 of 134 seats remaining",
        "screen": "2",
        "status": {
          "soldOut": false,
        },
        "time": 1740078000000,
      },
    ],
    "title": "National Theatre Live: The Importance of Being Earnest",
    "url": "https://richmix.org.uk/cinema/nt-live-the-importance-of-being-earnest/",
  },
  {
    "overview": {
      "actors": [
        "Lily-Rose Depp",
        "Bill Skarsgard",
        "Willem Dafoe",
        "Nicholas Hoult",
      ],
      "categories": [],
      "classification": "15",
      "directors": [
        "Robert Eggers",
      ],
      "duration": 7920000,
    },
    "performances": [
      {
        "accessibility": {},
        "bookingUrl": "https://richmix.org.uk/book-online/1562604",
        "notes": "174 of 183 seats remaining",
        "screen": "1",
        "status": {
          "soldOut": false,
        },
        "time": 1737654000000,
      },
    ],
    "title": "Nosferatu",
    "url": "https://richmix.org.uk/cinema/nosferatu/",
  },
  {
    "overview": {
      "actors": [],
      "categories": [],
      "classification": "18",
      "directors": [],
      "duration": 6300000,
    },
    "performances": [
      {
        "accessibility": {},
        "bookingUrl": "https://richmix.org.uk/book-online/1560002",
        "notes": "102 of 134 seats remaining",
        "screen": "2",
        "status": {
          "soldOut": false,
        },
        "time": 1738002600000,
      },
    ],
    "title": "Other Cinemas Short Film Showcase",
    "url": "https://richmix.org.uk/cinema/other-cinemas-short-film-showcase/",
  },
  {
    "overview": {
      "actors": [],
      "categories": [],
      "classification": "18",
      "directors": [],
      "duration": 4500000,
    },
    "performances": [
      {
        "accessibility": {},
        "bookingUrl": "https://richmix.org.uk/book-online/1559003",
        "notes": "35 of 134 seats remaining",
        "screen": "2",
        "status": {
          "soldOut": false,
        },
        "time": 1738519200000,
      },
    ],
    "title": "Skateboard Film Club presents: YEAH RIGHT!",
    "url": "https://richmix.org.uk/cinema/yeah-right/",
  },
  {
    "overview": {
      "actors": [
        "Adrien Brody",
        "Guy Pearce",
        "Felicity Jones",
      ],
      "categories": [],
      "classification": "18",
      "directors": [
        "Brady Corbet",
      ],
      "duration": 12900000,
    },
    "performances": [
      {
        "accessibility": {},
        "bookingUrl": "https://richmix.org.uk/book-online/1568402",
        "notes": "54 of 61 seats remaining",
        "screen": "3",
        "status": {
          "soldOut": false,
        },
        "time": 1737727200000,
      },
      {
        "accessibility": {},
        "bookingUrl": "https://richmix.org.uk/book-online/1568002",
        "notes": "126 of 134 seats remaining",
        "screen": "2",
        "status": {
          "soldOut": false,
        },
        "time": 1737747000000,
      },
      {
        "accessibility": {},
        "bookingUrl": "https://richmix.org.uk/book-online/1565408",
        "notes": "175 of 183 seats remaining",
        "screen": "1",
        "status": {
          "soldOut": false,
        },
        "time": 1737813600000,
      },
      {
        "accessibility": {},
        "bookingUrl": "https://richmix.org.uk/book-online/1568003",
        "notes": "112 of 134 seats remaining",
        "screen": "2",
        "status": {
          "soldOut": false,
        },
        "time": 1737833400000,
      },
      {
        "accessibility": {},
        "bookingUrl": "https://richmix.org.uk/book-online/1568403",
        "notes": "55 of 61 seats remaining",
        "screen": "3",
        "status": {
          "soldOut": false,
        },
        "time": 1737900000000,
      },
      {
        "accessibility": {},
        "bookingUrl": "https://richmix.org.uk/book-online/1565409",
        "notes": "174 of 183 seats remaining",
        "screen": "1",
        "status": {
          "soldOut": false,
        },
        "time": 1737919800000,
      },
      {
        "accessibility": {},
        "bookingUrl": "https://richmix.org.uk/book-online/1568404",
        "notes": "54 of 61 seats remaining",
        "screen": "3",
        "status": {
          "soldOut": false,
        },
        "time": 1737986400000,
      },
      {
        "accessibility": {},
        "bookingUrl": "https://richmix.org.uk/book-online/1565410",
        "notes": "175 of 183 seats remaining",
        "screen": "1",
        "status": {
          "soldOut": false,
        },
        "time": 1738006200000,
      },
      {
        "accessibility": {},
        "bookingUrl": "https://richmix.org.uk/book-online/1565411",
        "notes": "175 of 183 seats remaining",
        "screen": "1",
        "status": {
          "soldOut": false,
        },
        "time": 1738080000000,
      },
      {
        "accessibility": {},
        "bookingUrl": "https://richmix.org.uk/book-online/1568004",
        "notes": "126 of 134 seats remaining",
        "screen": "2",
        "status": {
          "soldOut": false,
        },
        "time": 1738092600000,
      },
      {
        "accessibility": {},
        "bookingUrl": "https://richmix.org.uk/book-online/1568202",
        "notes": "128 of 134 seats remaining",
        "screen": "2",
        "status": {
          "soldOut": false,
        },
        "time": 1738162200000,
      },
      {
        "accessibility": {},
        "bookingUrl": "https://richmix.org.uk/book-online/1568005",
        "notes": "128 of 134 seats remaining",
        "screen": "2",
        "status": {
          "soldOut": false,
        },
        "time": 1738177200000,
      },
      {
        "accessibility": {},
        "bookingUrl": "https://richmix.org.uk/book-online/1568405",
        "notes": "55 of 61 seats remaining",
        "screen": "3",
        "status": {
          "soldOut": false,
        },
        "time": 1738245600000,
      },
      {
        "accessibility": {},
        "bookingUrl": "https://richmix.org.uk/book-online/1568006",
        "notes": "128 of 134 seats remaining",
        "screen": "2",
        "status": {
          "soldOut": false,
        },
        "time": 1738265400000,
      },
    ],
    "title": "The Brutalist",
    "url": "https://richmix.org.uk/cinema/the-brutalist/",
  },
  {
    "overview": {
      "actors": [],
      "categories": [],
      "classification": "18",
      "directors": [],
      "duration": 8280000,
    },
    "performances": [
      {
        "accessibility": {},
        "bookingUrl": "https://richmix.org.uk/book-online/1544002",
        "notes": "13 of 61 seats remaining",
        "screen": "3",
        "status": {
          "soldOut": false,
        },
        "time": 1738260900000,
      },
    ],
    "title": "UK Premiere: Children of the Revolution + Q&A",
    "url": "https://richmix.org.uk/cinema/uk-premiere-children-of-the-revolution-qa/",
  },
]
`;
