// Jest Snapshot v1, https://goo.gl/fbAQLP

exports[`Eventbrite find-events 1`] = `
[
  {
    "overview": {
      "actors": [],
      "categories": [],
      "directors": [],
      "duration": 9000000,
    },
    "performances": [
      {
        "accessibility": {},
        "bookingUrl": "https://www.eventbrite.com/checkout-external?eid=1140539557519",
        "notes": "",
        "status": {},
        "time": 1737828000000,
      },
    ],
    "title": "MYTH OF MAN: Special Early Screening - London 1/25",
    "url": "https://www.eventbrite.com/e/myth-of-man-special-early-screening-london-125-tickets-1140539557519",
  },
  {
    "overview": {
      "actors": [],
      "categories": [],
      "directors": [],
      "duration": 7200000,
    },
    "performances": [
      {
        "accessibility": {},
        "bookingUrl": "https://www.eventbrite.com/checkout-external?eid=1143433342909",
        "notes": "",
        "status": {},
        "time": 1739624400000,
      },
    ],
    "title": "Film Screening & Live Q&A: Every Good Marriage Begins with Tears",
    "url": "https://www.eventbrite.co.uk/e/film-screening-live-qa-every-good-marriage-begins-with-tears-tickets-1143433342909",
  },
  {
    "overview": {
      "actors": [],
      "categories": [],
      "directors": [],
      "duration": 12600000,
    },
    "performances": [
      {
        "accessibility": {},
        "bookingUrl": "https://www.eventbrite.com/checkout-external?eid=1144678878339",
        "notes": "",
        "status": {},
        "time": 1738953000000,
      },
    ],
    "title": "Life of SPOT 2 - The Journey Continues",
    "url": "https://www.eventbrite.co.uk/e/life-of-spot-2-the-journey-continues-tickets-1144678878339",
  },
  {
    "overview": {
      "actors": [],
      "categories": [],
      "directors": [],
      "duration": 10800000,
    },
    "performances": [
      {
        "accessibility": {},
        "bookingUrl": "https://www.eventbrite.com/checkout-external?eid=1050075844117",
        "notes": "",
        "status": {},
        "time": 1740850200000,
      },
    ],
    "title": "When Boys Don't Talk About Sex",
    "url": "https://www.eventbrite.co.uk/e/when-boys-dont-talk-about-sex-tickets-1050075844117",
  },
  {
    "overview": {
      "actors": [],
      "categories": [],
      "directors": [],
      "duration": 7200000,
    },
    "performances": [
      {
        "accessibility": {},
        "bookingUrl": "https://www.eventbrite.com/checkout-external?eid=1119625593289",
        "notes": "",
        "status": {},
        "time": 1740326400000,
      },
    ],
    "title": "London: Film premiere of The Wheels of Heaven / Дяволски игри 23.02.2025",
    "url": "https://www.eventbrite.co.uk/e/london-film-premiere-of-the-wheels-of-heaven-23022025-tickets-1119625593289",
  },
  {
    "overview": {
      "actors": [],
      "categories": [],
      "directors": [],
      "duration": 7200000,
    },
    "performances": [
      {
        "accessibility": {},
        "bookingUrl": "https://www.eventbrite.com/checkout-external?eid=1145691426899",
        "notes": "",
        "status": {},
        "time": 1739023200000,
      },
    ],
    "title": "London: Film premiere of "Vasko and The Violin" - 08.02.25",
    "url": "https://www.eventbrite.co.uk/e/london-film-premiere-of-vasko-and-the-violin-080225-tickets-1145691426899",
  },
  {
    "overview": {
      "actors": [],
      "categories": [],
      "directors": [],
      "duration": 12600000,
    },
    "performances": [
      {
        "accessibility": {},
        "bookingUrl": "https://www.eventbrite.com/checkout-external?eid=1215578761799",
        "notes": "",
        "status": {},
        "time": 1740157200000,
      },
    ],
    "title": "Premiere of 'Behind The Scene' Documentary and Workshops",
    "url": "https://www.eventbrite.co.uk/e/premiere-of-behind-the-scene-documentary-and-workshops-tickets-1215578761799",
  },
  {
    "overview": {
      "actors": [],
      "categories": [],
      "directors": [],
      "duration": 6300000,
    },
    "performances": [
      {
        "accessibility": {},
        "bookingUrl": "https://www.eventbrite.com/checkout-external?eid=1147883443279",
        "notes": "",
        "status": {},
        "time": 1738001700000,
      },
    ],
    "title": "Hercules Nicolaou- 'The Rebirth'",
    "url": "https://www.eventbrite.co.uk/e/hercules-nicolaou-the-rebirth-tickets-1147883443279",
  },
]
`;
