// Jest Snapshot v1, https://goo.gl/fbAQLP

exports[`Rio Cinema retrieve and transform 1`] = `
[
  {
    "overview": {
      "actors": [
        "Samantha Morton",
        "Naomi Ackie",
        "Hector Hewer",
      ],
      "categories": [
        "Thriller",
        "Documentary",
      ],
      "classification": "15",
      "directors": [
        "Asif Kapadia",
      ],
      "duration": 4980000,
      "trailer": "https://www.youtube.com/watch?v=9NFOQTRTJqw",
    },
    "performances": [
      {
        "accessibility": {},
        "bookingUrl": "https://www.riocinema.org.uk/checkout/showing/2073-asif-kapadia-qa/263792",
        "notes": "134 of 162 seats remaining",
        "screen": "1",
        "status": {
          "soldOut": false,
        },
        "time": 1740318300000,
      },
    ],
    "title": "2073 + Asif Kapadia Q&A",
    "url": "https://www.riocinema.org.uk/movie/2073-asif-kapadia-qa",
  },
  {
    "overview": {
      "actors": [
        "Timoth√©e Chalamet",
        "Edward Norton",
        "Elle Fanning",
        "Monica Barbaro",
        "Joe Tippett",
        "Eriko Hatsune",
      ],
      "categories": [
        "Drama",
        "Music",
        "History",
      ],
      "classification": "15",
      "directors": [
        "James Mangold",
      ],
      "duration": 8400000,
      "trailer": "https://www.youtube.com/watch?v=Zwv-vVOjpCk",
    },
    "performances": [
      {
        "accessibility": {},
        "bookingUrl": "https://www.riocinema.org.uk/checkout/showing/a-complete-unknown/261785",
        "notes": "1 of 30 seats remaining",
        "screen": "2",
        "status": {
          "soldOut": false,
        },
        "time": 1737664200000,
      },
      {
        "accessibility": {},
        "bookingUrl": "https://www.riocinema.org.uk/checkout/showing/a-complete-unknown/264100",
        "notes": "26 of 30 seats remaining",
        "screen": "2",
        "status": {
          "soldOut": false,
        },
        "time": 1737739800000,
      },
      {
        "accessibility": {},
        "bookingUrl": "https://www.riocinema.org.uk/checkout/showing/a-complete-unknown/264099",
        "notes": "12 of 30 seats remaining",
        "screen": "2",
        "status": {
          "soldOut": false,
        },
        "time": 1737750600000,
      },
      {
        "accessibility": {},
        "bookingUrl": "https://www.riocinema.org.uk/checkout/showing/a-complete-unknown/264105",
        "notes": "18 of 30 seats remaining",
        "screen": "2",
        "status": {
          "soldOut": false,
        },
        "time": 1737814500000,
      },
      {
        "accessibility": {},
        "bookingUrl": "https://www.riocinema.org.uk/checkout/showing/a-complete-unknown/264104",
        "notes": "21 of 30 seats remaining",
        "screen": "2",
        "status": {
          "soldOut": false,
        },
        "time": 1737826200000,
      },
      {
        "accessibility": {},
        "bookingUrl": "https://www.riocinema.org.uk/checkout/showing/a-complete-unknown/264103",
        "notes": "19 of 30 seats remaining",
        "screen": "2",
        "status": {
          "soldOut": false,
        },
        "time": 1737837000000,
      },
      {
        "accessibility": {},
        "bookingUrl": "https://www.riocinema.org.uk/checkout/showing/a-complete-unknown/264109",
        "notes": "30 of 30 seats remaining",
        "screen": "2",
        "status": {
          "soldOut": false,
        },
        "time": 1737900000000,
      },
      {
        "accessibility": {},
        "bookingUrl": "https://www.riocinema.org.uk/checkout/showing/a-complete-unknown/264108",
        "notes": "19 of 30 seats remaining",
        "screen": "2",
        "status": {
          "soldOut": false,
        },
        "time": 1737910800000,
      },
      {
        "accessibility": {},
        "bookingUrl": "https://www.riocinema.org.uk/checkout/showing/a-complete-unknown/264107",
        "notes": "23 of 30 seats remaining",
        "screen": "2",
        "status": {
          "soldOut": false,
        },
        "time": 1737921600000,
      },
      {
        "accessibility": {},
        "bookingUrl": "https://www.riocinema.org.uk/checkout/showing/a-complete-unknown/264119",
        "notes": "29 of 30 seats remaining",
        "screen": "2",
        "status": {
          "soldOut": false,
        },
        "time": 1737986400000,
      },
      {
        "accessibility": {
          "hardOfHearing": true,
        },
        "bookingUrl": "https://www.riocinema.org.uk/checkout/showing/a-complete-unknown/264120",
        "notes": "29 of 30 seats remaining",
        "screen": "2",
        "status": {
          "soldOut": false,
        },
        "time": 1737997200000,
      },
      {
        "accessibility": {},
        "bookingUrl": "https://www.riocinema.org.uk/checkout/showing/a-complete-unknown/264121",
        "notes": "26 of 30 seats remaining",
        "screen": "2",
        "status": {
          "soldOut": false,
        },
        "time": 1738008000000,
      },
      {
        "accessibility": {},
        "bookingUrl": "https://www.riocinema.org.uk/checkout/showing/a-complete-unknown/264127",
        "notes": "28 of 30 seats remaining",
        "screen": "2",
        "status": {
          "soldOut": false,
        },
        "time": 1738083600000,
      },
      {
        "accessibility": {},
        "bookingUrl": "https://www.riocinema.org.uk/checkout/showing/a-complete-unknown/264128",
        "notes": "19 of 30 seats remaining",
        "screen": "2",
        "status": {
          "soldOut": false,
        },
        "time": 1738094400000,
      },
      {
        "accessibility": {},
        "bookingUrl": "https://www.riocinema.org.uk/checkout/showing/a-complete-unknown/264124",
        "notes": "30 of 30 seats remaining",
        "screen": "2",
        "status": {
          "soldOut": false,
        },
        "time": 1738170000000,
      },
      {
        "accessibility": {},
        "bookingUrl": "https://www.riocinema.org.uk/checkout/showing/a-complete-unknown/264123",
        "notes": "27 of 30 seats remaining",
        "screen": "2",
        "status": {
          "soldOut": false,
        },
        "time": 1738180800000,
      },
      {
        "accessibility": {},
        "bookingUrl": "https://www.riocinema.org.uk/checkout/showing/a-complete-unknown/264126",
        "notes": "30 of 30 seats remaining",
        "screen": "2",
        "status": {
          "soldOut": false,
        },
        "time": 1738256400000,
      },
      {
        "accessibility": {},
        "bookingUrl": "https://www.riocinema.org.uk/checkout/showing/a-complete-unknown/264125",
        "notes": "29 of 30 seats remaining",
        "screen": "2",
        "status": {
          "soldOut": false,
        },
        "time": 1738267200000,
      },
    ],
    "title": "A Complete Unknown",
    "url": "https://www.riocinema.org.uk/movie/a-complete-unknown",
  },
  {
    "overview": {
      "actors": [],
      "categories": [],
      "classification": "U",
      "directors": [
        "Victor Kossakovsky",
      ],
      "duration": 5880000,
      "trailer": "https://www.youtube.com/watch?v=PiQBfV3WobQ",
    },
    "performances": [
      {
        "accessibility": {},
        "bookingUrl": "https://www.riocinema.org.uk/checkout/showing/architecton/264101",
        "notes": "168 of 172 seats remaining",
        "screen": "1",
        "status": {
          "soldOut": false,
        },
        "time": 1737736200000,
      },
      {
        "accessibility": {},
        "bookingUrl": "https://www.riocinema.org.uk/checkout/showing/architecton/264102",
        "notes": "158 of 162 seats remaining
No adverts or trailers",
        "screen": "1",
        "status": {
          "soldOut": false,
        },
        "time": 1737823500000,
      },
      {
        "accessibility": {},
        "bookingUrl": "https://www.riocinema.org.uk/checkout/showing/architecton/264122",
        "notes": "169 of 172 seats remaining",
        "screen": "1",
        "status": {
          "soldOut": false,
        },
        "time": 1737994500000,
      },
    ],
    "title": "Architecton",
    "url": "https://www.riocinema.org.uk/movie/architecton",
  },
  {
    "overview": {
      "actors": [
        "Anjela Lauren Smith",
        "Wil Johnson",
        "Caroline Chikezie",
        "Jocelyn Jee Esien",
        "Don Warrington",
        "Tameka Empson",
        "Diane Bailey",
        "Vas Blackwood",
      ],
      "categories": [],
      "classification": "15",
      "directors": [
        "Julian Henriques",
      ],
      "duration": 4920000,
      "trailer": "https://www.youtube.com/watch?v=8TWBkaizImE",
    },
    "performances": [
      {
        "accessibility": {},
        "bookingUrl": "https://www.riocinema.org.uk/checkout/showing/babymother-qa/263268",
        "notes": "134 of 162 seats remaining",
        "screen": "1",
        "status": {
          "soldOut": false,
        },
        "time": 1739469600000,
      },
    ],
    "title": "Babymother + Q&A",
    "url": "https://www.riocinema.org.uk/movie/babymother-qa",
  },
  {
    "overview": {
      "actors": [
        "Martin Sheen",
        "Sissy Spacek",
      ],
      "categories": [],
      "classification": "15",
      "directors": [
        "Terrence Malick",
      ],
      "duration": 6600000,
      "trailer": "https://www.youtube.com/watch?v=_tp0JmXUdXU",
    },
    "performances": [
      {
        "accessibility": {},
        "bookingUrl": "https://www.riocinema.org.uk/checkout/showing/badlands/259338",
        "notes": "25 of 25 seats remaining",
        "screen": "Ludski Bar",
        "status": {
          "soldOut": false,
        },
        "time": 1739708100000,
      },
      {
        "accessibility": {},
        "bookingUrl": "https://www.riocinema.org.uk/checkout/showing/badlands/259333",
        "notes": "153 of 172 seats remaining",
        "screen": "1",
        "status": {
          "soldOut": false,
        },
        "time": 1739714400000,
      },
      {
        "accessibility": {},
        "bookingUrl": "https://www.riocinema.org.uk/checkout/showing/badlands/259341",
        "notes": "25 of 25 seats remaining",
        "screen": "Ludski Bar",
        "status": {
          "soldOut": false,
        },
        "time": 1739727000000,
      },
    ],
    "title": "Badlands",
    "url": "https://www.riocinema.org.uk/movie/badlands",
  },
  {
    "overview": {
      "actors": [
        "Adrien Brody",
        "Felicity Jones",
        "Guy Pearce",
        "Raffey Cassidy",
        "Stacy Martin",
        "Emma Laird",
        "Alessandro Nivola",
      ],
      "categories": [
        "Drama",
      ],
      "classification": "18",
      "directors": [
        "Brady Corbet",
      ],
      "duration": 12900000,
      "trailer": "https://www.youtube.com/watch?v=hNiwPU5vjCk",
    },
    "performances": [
      {
        "accessibility": {
          "babyFriendly": true,
        },
        "bookingUrl": "https://www.riocinema.org.uk/checkout/showing/carers-babies-club-the-brutalist/264118",
        "notes": "169 of 172 seats remaining",
        "screen": "1",
        "status": {
          "soldOut": false,
        },
        "time": 1737975600000,
      },
    ],
    "title": "Carers & Babies Club: The Brutalist",
    "url": "https://www.riocinema.org.uk/movie/carers-babies-club-the-brutalist",
  },
  {
    "overview": {
      "actors": [
        "David Lynch",
        "Sheryl Lee",
        "Ray Wise",
        "Dana Ashbrook",
        "Moira Kelly",
        "Chris Isaak",
        "Kyle MacLachlan",
      ],
      "categories": [],
      "classification": "15",
      "directors": [
        "David Lynch",
      ],
      "duration": 10800000,
      "trailer": "https://www.youtube.com/watch?v=fqlfoTzrYhg",
    },
    "performances": [
      {
        "accessibility": {},
        "bookingUrl": "https://www.riocinema.org.uk/checkout/showing/celebrating-david-lynch-fire-walk-with-me-shorts/266271",
        "notes": "164 of 386 seats remaining",
        "screen": "1",
        "status": {
          "soldOut": false,
        },
        "time": 1740256200000,
      },
    ],
    "title": "Celebrating David Lynch: Fire Walk With Me + Shorts",
    "url": "https://www.riocinema.org.uk/movie/celebrating-david-lynch-fire-walk-with-me-shorts",
  },
  {
    "overview": {
      "actors": [
        "Humphrey Bogart",
        "Ingrid Bergman",
        "Paul Henreid",
      ],
      "categories": [],
      "classification": "U",
      "directors": [
        "Michael Curtiz",
      ],
      "duration": 6120000,
      "trailer": "https://www.youtube.com/watch?v=MF7JH_54d8c",
    },
    "performances": [
      {
        "accessibility": {},
        "bookingUrl": "https://www.riocinema.org.uk/checkout/showing/classic-matinee-casablanca/261086",
        "notes": "154 of 162 seats remaining",
        "screen": "1",
        "status": {
          "soldOut": false,
        },
        "time": 1739802600000,
      },
    ],
    "title": "Classic Matinee: Casablanca",
    "url": "https://www.riocinema.org.uk/movie/classic-matinee-casablanca",
  },
  {
    "overview": {
      "actors": [
        "Judy Garland",
        "Fred Astaire",
      ],
      "categories": [],
      "classification": "U",
      "directors": [
        "Charles Walters",
      ],
      "duration": 6420000,
      "trailer": "https://www.youtube.com/watch?v=KKr9S2UNFAU",
    },
    "performances": [
      {
        "accessibility": {},
        "bookingUrl": "https://www.riocinema.org.uk/checkout/showing/classic-matinee-easter-parade/261201",
        "notes": "162 of 162 seats remaining",
        "screen": "1",
        "status": {
          "soldOut": false,
        },
        "time": 1744637400000,
      },
    ],
    "title": "Classic Matinee: Easter Parade",
    "url": "https://www.riocinema.org.uk/movie/classic-matinee-easter-parade",
  },
  {
    "overview": {
      "actors": [
        "Lesley Manville",
        "Isabelle Huppert",
        "Lambert Wilson",
        "Alba Baptista",
        "Lucas Bravo",
        "and Jason Isaacs.",
      ],
      "categories": [],
      "classification": "PG",
      "directors": [
        "Anthony Fabian",
      ],
      "duration": 6960000,
      "trailer": "https://www.youtube.com/watch?v=h1tIdv5avWY",
    },
    "performances": [
      {
        "accessibility": {},
        "bookingUrl": "https://www.riocinema.org.uk/checkout/showing/classic-matinee-mrs-harris-goes-to-paris/261161",
        "notes": "162 of 162 seats remaining",
        "screen": "1",
        "status": {
          "soldOut": false,
        },
        "time": 1741617000000,
      },
    ],
    "title": "Classic Matinee: Mrs. Harris Goes To Paris",
    "url": "https://www.riocinema.org.uk/movie/classic-matinee-mrs-harris-goes-to-paris",
  },
  {
    "overview": {
      "actors": [
        "The Dandy Warhols",
        "The Brian Jonestown Massacre.",
      ],
      "categories": [],
      "classification": "15",
      "directors": [
        "Ondi Timoner",
      ],
      "duration": 8760000,
      "trailer": "https://www.youtube.com/watch?v=ye6DtQ7j4FI",
    },
    "performances": [
      {
        "accessibility": {},
        "bookingUrl": "https://www.riocinema.org.uk/checkout/showing/doc-n-roll-preview-dig-xx-joel-gion-qa/266388",
        "notes": "156 of 162 seats remaining",
        "screen": "1",
        "status": {
          "soldOut": false,
        },
        "time": 1742587200000,
      },
    ],
    "title": "Doc ‚Äòn Roll Preview: DIG! XX + Joel Gion Q&A",
    "url": "https://www.riocinema.org.uk/movie/doc-n-roll-preview-dig-xx-joel-gion-qa",
  },
  {
    "overview": {
      "actors": [],
      "categories": [],
      "classification": "15",
      "directors": [
        "Pietro Anton",
      ],
      "duration": 3240000,
      "trailer": "https://www.youtube.com/watch?v=vuDgDKMonb0",
    },
    "performances": [
      {
        "accessibility": {},
        "bookingUrl": "https://www.riocinema.org.uk/checkout/showing/docn-roll-electronic-body-movie-director-qa/260976",
        "notes": "115 of 162 seats remaining",
        "screen": "1",
        "status": {
          "soldOut": false,
        },
        "time": 1742053500000,
      },
    ],
    "title": "Doc'n Roll: Electronic Body Movie + director Q&A",
    "url": "https://www.riocinema.org.uk/movie/docn-roll-electronic-body-movie-director-qa",
  },
  {
    "overview": {
      "actors": [
        "Juan Atkins",
        "Derrick May",
        "Kevin Saunderson",
        "Blake Baxter",
        "Santonio Echols",
        "Eddie Fowlkes",
      ],
      "categories": [],
      "classification": "15",
      "directors": [
        "Kristian R. Hill",
      ],
      "duration": 5400000,
      "trailer": "https://www.youtube.com/watch?v=gzM_hLrP-WY",
    },
    "performances": [
      {
        "accessibility": {},
        "bookingUrl": "https://www.riocinema.org.uk/checkout/showing/docn-roll-god-said-give-em-drum-machines/260807",
        "notes": "126 of 162 seats remaining",
        "screen": "1",
        "status": {
          "soldOut": false,
        },
        "time": 1740594600000,
      },
    ],
    "title": "Doc'n Roll: God Said Give ‚ÄòEm Drum Machines",
    "url": "https://www.riocinema.org.uk/movie/docn-roll-god-said-give-em-drum-machines",
  },
  {
    "overview": {
      "actors": [],
      "categories": [],
      "classification": "15",
      "directors": [
        "Julia Greenberg",
        "Dianna Dilworth",
      ],
      "duration": 4800000,
    },
    "performances": [
      {
        "accessibility": {},
        "bookingUrl": "https://www.riocinema.org.uk/checkout/showing/dory-previn-on-my-way-to-where-director-qa/260890",
        "notes": "137 of 162 seats remaining",
        "screen": "1",
        "status": {
          "soldOut": false,
        },
        "time": 1741285800000,
      },
    ],
    "title": "Dory Previn; On My Way to Where + director Q&A",
    "url": "https://www.riocinema.org.uk/movie/dory-previn-on-my-way-to-where-director-qa",
  },
  {
    "overview": {
      "actors": [
        "Benjamin Christensen",
        "Clara Pontoppidan",
        "Oscar Stribolt",
        "Astrid Holm",
        "Maren Pedersen",
      ],
      "categories": [],
      "classification": "15",
      "directors": [
        "Benjamin Christensen",
      ],
      "duration": 6300000,
      "trailer": "https://www.youtube.com/watch?v=/bt15G5109bk",
    },
    "performances": [
      {
        "accessibility": {},
        "bookingUrl": "https://www.riocinema.org.uk/checkout/showing/haxan-witchcraft-through-the-ages-live-score/251750",
        "notes": "144 of 162 seats remaining",
        "screen": "1",
        "status": {
          "soldOut": false,
        },
        "time": 1742675400000,
      },
    ],
    "title": "Haxan: Witchcraft Through the Ages + Live Score",
    "url": "https://www.riocinema.org.uk/movie/haxan-witchcraft-through-the-ages-live-score",
  },
  {
    "overview": {
      "actors": [],
      "categories": [],
      "classification": "15",
      "directors": [],
      "duration": 5400000,
    },
    "performances": [
      {
        "accessibility": {},
        "bookingUrl": "https://www.riocinema.org.uk/checkout/showing/lsff-wtf-with-filmmaker-qa/249101",
        "notes": "197 of 386 seats remaining",
        "screen": "1",
        "status": {
          "soldOut": false,
        },
        "time": 1737815400000,
      },
    ],
    "title": "LSFF: WTF! with Filmmaker Q&A",
    "url": "https://www.riocinema.org.uk/movie/lsff-wtf-with-filmmaker-qa",
  },
  {
    "overview": {
      "actors": [],
      "categories": [],
      "classification": "15",
      "directors": [],
      "duration": 4200000,
    },
    "performances": [
      {
        "accessibility": {},
        "bookingUrl": "https://www.riocinema.org.uk/checkout/showing/lsffdark-fantasies/249093",
        "notes": "224 of 386 seats remaining",
        "screen": "1",
        "status": {
          "soldOut": false,
        },
        "time": 1737657900000,
      },
    ],
    "title": "LSFF:Dark Fantasies",
    "url": "https://www.riocinema.org.uk/movie/lsffdark-fantasies",
  },
  {
    "overview": {
      "actors": [],
      "categories": [],
      "classification": "15",
      "directors": [],
      "duration": 5700000,
    },
    "performances": [
      {
        "accessibility": {},
        "bookingUrl": "https://www.riocinema.org.uk/checkout/showing/lssf-midnight-movies/249097",
        "notes": "53 of 162 seats remaining",
        "screen": "1",
        "status": {
          "soldOut": false,
        },
        "time": 1737761400000,
      },
    ],
    "title": "LSSF: Midnight Movies",
    "url": "https://www.riocinema.org.uk/movie/lssf-midnight-movies",
  },
  {
    "overview": {
      "actors": [
        "Jared Gilman",
        "Kara Hayward",
        "Bruce Willis",
        "Edward Norton",
        "Bill Murray",
        "Frances McDormand",
        "Tilda Swinton",
        "Jason Schwartzman",
        "Bob Balaban",
      ],
      "categories": [],
      "classification": "12A",
      "directors": [
        "Wes Anderson",
      ],
      "duration": 6000000,
      "trailer": "https://www.youtube.com/watch?v=dzx9GUdDz7k",
    },
    "performances": [
      {
        "accessibility": {},
        "bookingUrl": "https://www.riocinema.org.uk/checkout/showing/moonrise-kingdom/259339",
        "notes": "25 of 25 seats remaining",
        "screen": "Ludski Bar",
        "status": {
          "soldOut": false,
        },
        "time": 1739716800000,
      },
      {
        "accessibility": {},
        "bookingUrl": "https://www.riocinema.org.uk/checkout/showing/moonrise-kingdom/259334",
        "notes": "157 of 172 seats remaining",
        "screen": "1",
        "status": {
          "soldOut": false,
        },
        "time": 1739721600000,
      },
      {
        "accessibility": {},
        "bookingUrl": "https://www.riocinema.org.uk/checkout/showing/moonrise-kingdom/259342",
        "notes": "25 of 25 seats remaining",
        "screen": "Ludski Bar",
        "status": {
          "soldOut": false,
        },
        "time": 1739735700000,
      },
    ],
    "title": "Moonrise Kingdom",
    "url": "https://www.riocinema.org.uk/movie/moonrise-kingdom",
  },
  {
    "overview": {
      "actors": [
        "Amandla Stenberg",
        "Soko",
        "Andrea Riseborough",
        "Ashley Judd",
        "Christine Lahti",
      ],
      "categories": [],
      "classification": "15",
      "directors": [
        "Pratibha Parmar",
      ],
      "duration": 5640000,
      "trailer": "https://www.youtube.com/watch?v=dXuz8qFJPj8",
    },
    "performances": [
      {
        "accessibility": {},
        "bookingUrl": "https://www.riocinema.org.uk/checkout/showing/my-name-is-andrea-discussion/262968",
        "notes": "153 of 162 seats remaining",
        "screen": "1",
        "status": {
          "soldOut": false,
        },
        "time": 1741528800000,
      },
    ],
    "title": "My Name is Andrea + Discussion",
    "url": "https://www.riocinema.org.uk/movie/my-name-is-andrea-discussion",
  },
  {
    "overview": {
      "actors": [
        "Lily-Rose Depp",
        "Nicholas Hoult",
        "Bill Skarsg√•rd",
        "Aaron Taylor-Johnson",
        "Willem Dafoe",
        "Emma Corrin",
        "Ralph Ineson",
        "Simon McBurney",
      ],
      "categories": [
        "Fantasy",
      ],
      "classification": "15",
      "directors": [
        "Robert Eggers",
      ],
      "duration": 7980000,
      "trailer": "https://www.youtube.com/watch?v=KKp9RFnD5ag?si=0g2G0gVug1KBT5kF",
    },
    "performances": [
      {
        "accessibility": {},
        "bookingUrl": "https://www.riocinema.org.uk/checkout/showing/nosferatu/261786",
        "notes": "9 of 30 seats remaining",
        "screen": "2",
        "status": {
          "soldOut": false,
        },
        "time": 1737653400000,
      },
    ],
    "title": "Nosferatu",
    "url": "https://www.riocinema.org.uk/movie/nosferatu",
  },
  {
    "overview": {
      "actors": [
        "Geoff Edholm",
        "David Schachter",
        "Damon Hairston",
        "Joyce Korn",
        "Billy Lux",
        "David Rose",
      ],
      "categories": [
        "Drama",
      ],
      "classification": "15",
      "directors": [
        "Arthur J. Bressan",
      ],
      "duration": 4560000,
      "trailer": "https://www.youtube.com/watch?v=_kir7Qg8fc0",
    },
    "performances": [
      {
        "accessibility": {},
        "bookingUrl": "https://www.riocinema.org.uk/checkout/showing/pink-palace-buddies/257838",
        "notes": "0 of 25 seats remaining",
        "screen": "Ludski Bar",
        "status": {
          "soldOut": true,
        },
        "time": 1737660600000,
      },
    ],
    "title": "PINK PALACE: BUDDIES",
    "url": "https://www.riocinema.org.uk/movie/pink-palace-buddies",
  },
  {
    "overview": {
      "actors": [
        "Lorenz Hochhuth",
        "Cino Djavid",
        "Gustav Schmidt",
        "Oscar Hoppe",
        "Aviran Edri",
      ],
      "categories": [],
      "classification": "18",
      "directors": [
        "Hannes Hirsch",
      ],
      "duration": 4740000,
      "trailer": "https://www.youtube.com/watch?v=Yx__5xTdmQg",
    },
    "performances": [
      {
        "accessibility": {},
        "bookingUrl": "https://www.riocinema.org.uk/checkout/showing/pink-palace-drifter/259060",
        "notes": "13 of 25 seats remaining",
        "screen": "Ludski Bar",
        "status": {
          "soldOut": false,
        },
        "time": 1739475000000,
      },
    ],
    "title": "PINK PALACE: DRIFTER",
    "url": "https://www.riocinema.org.uk/movie/pink-palace-drifter",
  },
  {
    "overview": {
      "actors": [
        "Pat Rocco",
        "Charlie David",
        "Phyllis Diller",
        "Harvey Milk",
      ],
      "categories": [],
      "classification": "18",
      "directors": [
        "Morris Chapdelaine",
        "Bob Christie",
      ],
      "duration": 5400000,
      "trailer": "https://www.youtube.com/watch?v=6EBN6aXqVgc",
    },
    "performances": [
      {
        "accessibility": {},
        "bookingUrl": "https://www.riocinema.org.uk/checkout/showing/pink-palace-pat-rocco-dared/259335",
        "notes": "30 of 30 seats remaining",
        "screen": "2",
        "status": {
          "soldOut": false,
        },
        "time": 1739716200000,
      },
      {
        "accessibility": {},
        "bookingUrl": "https://www.riocinema.org.uk/checkout/showing/pink-palace-pat-rocco-dared/259336",
        "notes": "30 of 30 seats remaining",
        "screen": "2",
        "status": {
          "soldOut": false,
        },
        "time": 1739737800000,
      },
      {
        "accessibility": {},
        "bookingUrl": "https://www.riocinema.org.uk/checkout/showing/pink-palace-pat-rocco-dared/257864",
        "notes": "21 of 25 seats remaining",
        "screen": "Ludski Bar",
        "status": {
          "soldOut": false,
        },
        "time": 1739995200000,
      },
    ],
    "title": "PINK PALACE: PAT ROCCO DARED",
    "url": "https://www.riocinema.org.uk/movie/pink-palace-pat-rocco-dared",
  },
  {
    "overview": {
      "actors": [
        "Glenda Jackson",
        "Peter Finch",
        "Murray Head",
      ],
      "categories": [],
      "classification": "15",
      "directors": [
        "John Schlesinger",
      ],
      "duration": 6600000,
      "trailer": "https://www.youtube.com/watch?v=YLYLasLqII4",
    },
    "performances": [
      {
        "accessibility": {},
        "bookingUrl": "https://www.riocinema.org.uk/checkout/showing/pink-palace-sunday-bloody-sunday/257863",
        "notes": "9 of 25 seats remaining",
        "screen": "Ludski Bar",
        "status": {
          "soldOut": false,
        },
        "time": 1738265400000,
      },
    ],
    "title": "PINK PALACE: SUNDAY BLOODY SUNDAY",
    "url": "https://www.riocinema.org.uk/movie/pink-palace-sunday-bloody-sunday",
  },
  {
    "overview": {
      "actors": [
        "Vera Drew",
        "Lynn Downey",
        "Kane Distler",
      ],
      "categories": [],
      "directors": [
        "Vera Drew",
      ],
      "duration": 5520000,
      "trailer": "https://www.youtube.com/watch?v=9M00AB03S_4",
    },
    "performances": [
      {
        "accessibility": {},
        "bookingUrl": "https://www.riocinema.org.uk/checkout/showing/pink-palace-the-peoples-joker/263452",
        "notes": "17 of 25 seats remaining",
        "screen": "Ludski Bar",
        "status": {
          "soldOut": false,
        },
        "time": 1740600000000,
      },
      {
        "accessibility": {},
        "bookingUrl": "https://www.riocinema.org.uk/checkout/showing/pink-palace-the-peoples-joker/265071",
        "notes": "25 of 25 seats remaining",
        "screen": "Ludski Bar",
        "status": {
          "soldOut": false,
        },
        "time": 1741030200000,
      },
    ],
    "title": "PINK PALACE: THE PEOPLES JOKER",
    "url": "https://www.riocinema.org.uk/movie/pink-palace-the-peoples-joker",
  },
  {
    "overview": {
      "actors": [],
      "categories": [],
      "classification": "15",
      "directors": [
        "Ila Mehrotra",
      ],
      "duration": 4200000,
      "trailer": "https://www.youtube.com/watch?v=YLLOecDidSg",
    },
    "performances": [
      {
        "accessibility": {},
        "bookingUrl": "https://www.riocinema.org.uk/checkout/showing/pink-palaceindias-1st-best-trans-model-agency/258556",
        "notes": "6 of 25 seats remaining",
        "screen": "Ludski Bar",
        "status": {
          "soldOut": false,
        },
        "time": 1738785600000,
      },
    ],
    "title": "PINK PALACE:INDIA'S 1ST BEST TRANS MODEL AGENCY",
    "url": "https://www.riocinema.org.uk/movie/pink-palaceindias-1st-best-trans-model-agency",
  },
  {
    "overview": {
      "actors": [
        "Marisa Paredes",
        "Rossy de Palma",
        "Chus Lampreave",
        "Carmen Elias",
        "Joaquin Cortes",
      ],
      "categories": [],
      "classification": "15",
      "directors": [
        "Pedro Almodovar",
      ],
      "duration": 6360000,
      "trailer": "https://www.youtube.com/watch?v=Zg7qqTOgT1M",
    },
    "performances": [
      {
        "accessibility": {},
        "bookingUrl": "https://www.riocinema.org.uk/checkout/showing/pink-palacethe-flower-of-my-secret/259004",
        "notes": "0 of 25 seats remaining",
        "screen": "Ludski Bar",
        "status": {
          "soldOut": true,
        },
        "time": 1738180800000,
      },
    ],
    "title": "PINK PALACE:THE FLOWER OF MY SECRET",
    "url": "https://www.riocinema.org.uk/movie/pink-palacethe-flower-of-my-secret",
  },
  {
    "overview": {
      "actors": [
        "Pamela Anderson",
        "Jamie Lee Curtis",
        "Dave Bautista",
        "Kiernan Shipka",
        "Brenda Song",
        "Billie Lourd",
      ],
      "categories": [],
      "classification": "15",
      "directors": [
        "Gia Coppola",
      ],
      "duration": 5100000,
      "trailer": "https://www.youtube.com/watch?v=r4xpoKBKrpo",
    },
    "performances": [
      {
        "accessibility": {},
        "bookingUrl": "https://www.riocinema.org.uk/checkout/showing/preview-the-last-showgirl-pamela-anderson-qa/254131",
        "notes": "155 of 386 seats remaining",
        "screen": "1",
        "status": {
          "soldOut": false,
        },
        "time": 1739220300000,
      },
    ],
    "title": "Preview: The Last Showgirl + Pamela Anderson Q&A",
    "url": "https://www.riocinema.org.uk/movie/preview-the-last-showgirl-pamela-anderson-qa",
  },
  {
    "overview": {
      "actors": [
        "Adrien Brody",
        "Felicity Jones",
        "Guy Pearce",
        "Raffey Cassidy",
        "Stacy Martin",
        "Emma Laird",
        "Alessandro Nivola",
      ],
      "categories": [
        "Drama",
      ],
      "classification": "18",
      "directors": [
        "Brady Corbet",
      ],
      "duration": 12900000,
      "trailer": "https://www.youtube.com/watch?v=hNiwPU5vjCk",
    },
    "performances": [
      {
        "accessibility": {},
        "bookingUrl": "https://www.riocinema.org.uk/checkout/showing/the-brutalist/261020",
        "notes": "98 of 162 seats remaining",
        "screen": "1",
        "status": {
          "soldOut": false,
        },
        "time": 1737745200000,
      },
      {
        "accessibility": {},
        "bookingUrl": "https://www.riocinema.org.uk/checkout/showing/the-brutalist/261021",
        "notes": "125 of 162 seats remaining",
        "screen": "1",
        "status": {
          "soldOut": false,
        },
        "time": 1737831600000,
      },
      {
        "accessibility": {},
        "bookingUrl": "https://www.riocinema.org.uk/checkout/showing/the-brutalist/264106",
        "notes": "132 of 162 seats remaining",
        "screen": "1",
        "status": {
          "soldOut": false,
        },
        "time": 1737901800000,
      },
      {
        "accessibility": {},
        "bookingUrl": "https://www.riocinema.org.uk/checkout/showing/the-brutalist/261022",
        "notes": "156 of 162 seats remaining",
        "screen": "1",
        "status": {
          "soldOut": false,
        },
        "time": 1737918000000,
      },
      {
        "accessibility": {},
        "bookingUrl": "https://www.riocinema.org.uk/checkout/showing/the-brutalist/261023",
        "notes": "111 of 162 seats remaining",
        "screen": "1",
        "status": {
          "soldOut": false,
        },
        "time": 1738004400000,
      },
      {
        "accessibility": {},
        "bookingUrl": "https://www.riocinema.org.uk/checkout/showing/the-brutalist/261024",
        "notes": "139 of 162 seats remaining",
        "screen": "1",
        "status": {
          "soldOut": false,
        },
        "time": 1738090800000,
      },
      {
        "accessibility": {},
        "bookingUrl": "https://www.riocinema.org.uk/checkout/showing/the-brutalist/261025",
        "notes": "150 of 162 seats remaining",
        "screen": "1",
        "status": {
          "soldOut": false,
        },
        "time": 1738177200000,
      },
      {
        "accessibility": {},
        "bookingUrl": "https://www.riocinema.org.uk/checkout/showing/the-brutalist/261026",
        "notes": "159 of 162 seats remaining",
        "screen": "1",
        "status": {
          "soldOut": false,
        },
        "time": 1738263600000,
      },
    ],
    "title": "The Brutalist",
    "url": "https://www.riocinema.org.uk/movie/the-brutalist",
  },
  {
    "overview": {
      "actors": [],
      "categories": [],
      "classification": "15",
      "directors": [],
      "duration": 14400000,
    },
    "performances": [
      {
        "accessibility": {},
        "bookingUrl": "https://www.riocinema.org.uk/checkout/showing/valentines-wes-anderson-double-bill-badlands-moonrise-kingdom/259337",
        "notes": "25 of 25 seats remaining",
        "screen": "Ludski Bar",
        "status": {
          "soldOut": false,
        },
        "time": 1739708100000,
      },
      {
        "accessibility": {},
        "bookingUrl": "https://www.riocinema.org.uk/checkout/showing/valentines-wes-anderson-double-bill-badlands-moonrise-kingdom/259332",
        "notes": "153 of 172 seats remaining",
        "screen": "1",
        "status": {
          "soldOut": false,
        },
        "time": 1739714400000,
      },
      {
        "accessibility": {},
        "bookingUrl": "https://www.riocinema.org.uk/checkout/showing/valentines-wes-anderson-double-bill-badlands-moonrise-kingdom/259340",
        "notes": "25 of 25 seats remaining",
        "screen": "Ludski Bar",
        "status": {
          "soldOut": false,
        },
        "time": 1739727000000,
      },
    ],
    "title": "Valentines Wes Anderson Double Bill: Badlands & Moonrise Kingdom",
    "url": "https://www.riocinema.org.uk/movie/valentines-wes-anderson-double-bill-badlands-moonrise-kingdom",
  },
  {
    "overview": {
      "actors": [],
      "categories": [],
      "classification": "15",
      "directors": [
        "Joe Gross",
        "Jeff Krulik",
        "Joseph Pattisall",
      ],
      "duration": 5760000,
      "trailer": "https://www.youtube.com/watch?v=b2YvUkzHC3E",
    },
    "performances": [
      {
        "accessibility": {},
        "bookingUrl": "https://www.riocinema.org.uk/checkout/showing/we-are-fugazi-from-washington-dc-qa/259880",
        "notes": "38 of 162 seats remaining",
        "screen": "1",
        "status": {
          "soldOut": false,
        },
        "time": 1739032200000,
      },
    ],
    "title": "We Are Fugazi from Washington, D.C + Q&A",
    "url": "https://www.riocinema.org.uk/movie/we-are-fugazi-from-washington-dc-qa",
  },
]
`;
